../Core/Src/main.c:146:9:RC522_SPI_Transfer	32	static
../Core/Src/main.c:158:6:Write_MFRC522	16	static
../Core/Src/main.c:176:7:Read_MFRC522	24	static
../Core/Src/main.c:194:6:SetBitMask	24	static
../Core/Src/main.c:204:6:ClearBitMask	24	static
../Core/Src/main.c:214:6:AntennaOn	8	static
../Core/Src/main.c:223:6:AntennaOff	8	static
../Core/Src/main.c:232:6:MFRC522_Reset	8	static
../Core/Src/main.c:241:6:MFRC522_Init	8	static
../Core/Src/main.c:262:7:MFRC522_ToCard	48	static
../Core/Src/main.c:343:7:MFRC522_Request	32	static
../Core/Src/main.c:366:7:MFRC522_Anticoll	32	static
../Core/Src/main.c:399:6:CalulateCRC	40	static
../Core/Src/main.c:429:7:MFRC522_SelectTag	48	static
../Core/Src/main.c:464:7:MFRC522_Auth	56	static
../Core/Src/main.c:496:7:MFRC522_Read	32	static
../Core/Src/main.c:520:7:MFRC522_Write	56	static
../Core/Src/main.c:555:6:MFRC522_Halt	24	static
../Core/Src/main.c:591:6:delay	16	static
../Core/Src/main.c:599:6:HAL_TIM_IC_CaptureCallback	16	static
../Core/Src/main.c:699:6:HCSR04_Read	8	static
../Core/Src/main.c:706:6:HCSR04_Read2	8	static
../Core/Src/main.c:713:6:HCSR04_Read3	8	static
../Core/Src/main.c:722:6:playTone	32	static
../Core/Src/main.c:756:5:map	32	static
../Core/Src/main.c:760:6:servo_write	24	static
../Core/Src/main.c:764:6:servo_sweep	16	static
../Core/Src/main.c:777:6:ocitanje	32	static
../Core/Src/main.c:887:5:main	8	static
../Core/Src/main.c:924:6:SystemClock_Config	88	static
../Core/Src/main.c:975:6:Error_Handler	4	static,ignoring_inline_asm
