../Core/Src/oled.c:8:6:oled_Reset	4	static
../Core/Src/oled.c:13:6:oled_WriteCommand	32	static
../Core/Src/oled.c:18:6:oled_WriteData	32	static
../Core/Src/oled.c:32:6:oled_Init	8	static
../Core/Src/oled.c:133:6:oled_Fill	16	static
../Core/Src/oled.c:137:6:oled_UpdateScreen	16	static
../Core/Src/oled.c:153:6:oled_DrawPixel	16	static
../Core/Src/oled.c:168:6:oled_WriteChar	48	static
../Core/Src/oled.c:205:6:oled_WriteString	32	static
../Core/Src/oled.c:219:6:oled_SetCursor	16	static
../Core/Src/oled.c:224:6:oled_SetContrast	24	static
../Core/Src/oled.c:230:6:oled_SetDisplayOn	24	static
../Core/Src/oled.c:242:9:oled_GetDisplayOn	4	static
