../Core/Src/main.c:37:6:delay	16	static
../Core/Src/main.c:45:6:HAL_TIM_IC_CaptureCallback	16	static
../Core/Src/main.c:145:6:HCSR04_Read	8	static
../Core/Src/main.c:152:6:HCSR04_Read2	8	static
../Core/Src/main.c:159:6:HCSR04_Read3	8	static
../Core/Src/main.c:168:6:playTone	32	static
../Core/Src/main.c:202:5:map	32	static
../Core/Src/main.c:206:6:servo_write	24	static
../Core/Src/main.c:210:6:servo_sweep	16	static
../Core/Src/main.c:223:6:ocitanje	32	static
../Core/Src/main.c:334:5:main	8	static
../Core/Src/main.c:371:6:SystemClock_Config	88	static
../Core/Src/main.c:422:6:Error_Handler	4	static,ignoring_inline_asm
