Archive member included to satisfy reference by file (symbol)

C:/ST/STM32CubeIDE_1.18.1/STM32CubeIDE/plugins/com.st.stm32cube.ide.mcu.externaltools.gnu-tools-for-stm32.13.3.rel1.win32_1.0.0.202411081344/tools/bin/../lib/gcc/arm-none-eabi/13.3.1/../../../../arm-none-eabi/lib/thumb/v7e-m+fp/hard\libc_nano.a(libc_a-exit.o)
                              C:/ST/STM32CubeIDE_1.18.1/STM32CubeIDE/plugins/com.st.stm32cube.ide.mcu.externaltools.gnu-tools-for-stm32.13.3.rel1.win32_1.0.0.202411081344/tools/bin/../lib/gcc/arm-none-eabi/13.3.1/../../../../arm-none-eabi/lib/thumb/v7e-m+fp/hard/crt0.o (exit)
C:/ST/STM32CubeIDE_1.18.1/STM32CubeIDE/plugins/com.st.stm32cube.ide.mcu.externaltools.gnu-tools-for-stm32.13.3.rel1.win32_1.0.0.202411081344/tools/bin/../lib/gcc/arm-none-eabi/13.3.1/../../../../arm-none-eabi/lib/thumb/v7e-m+fp/hard\libc_nano.a(libc_a-findfp.o)
                              C:/ST/STM32CubeIDE_1.18.1/STM32CubeIDE/plugins/com.st.stm32cube.ide.mcu.externaltools.gnu-tools-for-stm32.13.3.rel1.win32_1.0.0.202411081344/tools/bin/../lib/gcc/arm-none-eabi/13.3.1/../../../../arm-none-eabi/lib/thumb/v7e-m+fp/hard\libc_nano.a(libc_a-exit.o) (__stdio_exit_handler)
C:/ST/STM32CubeIDE_1.18.1/STM32CubeIDE/plugins/com.st.stm32cube.ide.mcu.externaltools.gnu-tools-for-stm32.13.3.rel1.win32_1.0.0.202411081344/tools/bin/../lib/gcc/arm-none-eabi/13.3.1/../../../../arm-none-eabi/lib/thumb/v7e-m+fp/hard\libc_nano.a(libc_a-fwalk.o)
                              C:/ST/STM32CubeIDE_1.18.1/STM32CubeIDE/plugins/com.st.stm32cube.ide.mcu.externaltools.gnu-tools-for-stm32.13.3.rel1.win32_1.0.0.202411081344/tools/bin/../lib/gcc/arm-none-eabi/13.3.1/../../../../arm-none-eabi/lib/thumb/v7e-m+fp/hard\libc_nano.a(libc_a-findfp.o) (_fwalk_sglue)
C:/ST/STM32CubeIDE_1.18.1/STM32CubeIDE/plugins/com.st.stm32cube.ide.mcu.externaltools.gnu-tools-for-stm32.13.3.rel1.win32_1.0.0.202411081344/tools/bin/../lib/gcc/arm-none-eabi/13.3.1/../../../../arm-none-eabi/lib/thumb/v7e-m+fp/hard\libc_nano.a(libc_a-stdio.o)
                              C:/ST/STM32CubeIDE_1.18.1/STM32CubeIDE/plugins/com.st.stm32cube.ide.mcu.externaltools.gnu-tools-for-stm32.13.3.rel1.win32_1.0.0.202411081344/tools/bin/../lib/gcc/arm-none-eabi/13.3.1/../../../../arm-none-eabi/lib/thumb/v7e-m+fp/hard\libc_nano.a(libc_a-findfp.o) (__sread)
C:/ST/STM32CubeIDE_1.18.1/STM32CubeIDE/plugins/com.st.stm32cube.ide.mcu.externaltools.gnu-tools-for-stm32.13.3.rel1.win32_1.0.0.202411081344/tools/bin/../lib/gcc/arm-none-eabi/13.3.1/../../../../arm-none-eabi/lib/thumb/v7e-m+fp/hard\libc_nano.a(libc_a-memset.o)
                              C:/ST/STM32CubeIDE_1.18.1/STM32CubeIDE/plugins/com.st.stm32cube.ide.mcu.externaltools.gnu-tools-for-stm32.13.3.rel1.win32_1.0.0.202411081344/tools/bin/../lib/gcc/arm-none-eabi/13.3.1/../../../../arm-none-eabi/lib/thumb/v7e-m+fp/hard/crt0.o (memset)
C:/ST/STM32CubeIDE_1.18.1/STM32CubeIDE/plugins/com.st.stm32cube.ide.mcu.externaltools.gnu-tools-for-stm32.13.3.rel1.win32_1.0.0.202411081344/tools/bin/../lib/gcc/arm-none-eabi/13.3.1/../../../../arm-none-eabi/lib/thumb/v7e-m+fp/hard\libc_nano.a(libc_a-closer.o)
                              C:/ST/STM32CubeIDE_1.18.1/STM32CubeIDE/plugins/com.st.stm32cube.ide.mcu.externaltools.gnu-tools-for-stm32.13.3.rel1.win32_1.0.0.202411081344/tools/bin/../lib/gcc/arm-none-eabi/13.3.1/../../../../arm-none-eabi/lib/thumb/v7e-m+fp/hard\libc_nano.a(libc_a-stdio.o) (_close_r)
C:/ST/STM32CubeIDE_1.18.1/STM32CubeIDE/plugins/com.st.stm32cube.ide.mcu.externaltools.gnu-tools-for-stm32.13.3.rel1.win32_1.0.0.202411081344/tools/bin/../lib/gcc/arm-none-eabi/13.3.1/../../../../arm-none-eabi/lib/thumb/v7e-m+fp/hard\libc_nano.a(libc_a-reent.o)
                              C:/ST/STM32CubeIDE_1.18.1/STM32CubeIDE/plugins/com.st.stm32cube.ide.mcu.externaltools.gnu-tools-for-stm32.13.3.rel1.win32_1.0.0.202411081344/tools/bin/../lib/gcc/arm-none-eabi/13.3.1/../../../../arm-none-eabi/lib/thumb/v7e-m+fp/hard\libc_nano.a(libc_a-closer.o) (errno)
C:/ST/STM32CubeIDE_1.18.1/STM32CubeIDE/plugins/com.st.stm32cube.ide.mcu.externaltools.gnu-tools-for-stm32.13.3.rel1.win32_1.0.0.202411081344/tools/bin/../lib/gcc/arm-none-eabi/13.3.1/../../../../arm-none-eabi/lib/thumb/v7e-m+fp/hard\libc_nano.a(libc_a-impure.o)
                              C:/ST/STM32CubeIDE_1.18.1/STM32CubeIDE/plugins/com.st.stm32cube.ide.mcu.externaltools.gnu-tools-for-stm32.13.3.rel1.win32_1.0.0.202411081344/tools/bin/../lib/gcc/arm-none-eabi/13.3.1/../../../../arm-none-eabi/lib/thumb/v7e-m+fp/hard\libc_nano.a(libc_a-reent.o) (_impure_ptr)
C:/ST/STM32CubeIDE_1.18.1/STM32CubeIDE/plugins/com.st.stm32cube.ide.mcu.externaltools.gnu-tools-for-stm32.13.3.rel1.win32_1.0.0.202411081344/tools/bin/../lib/gcc/arm-none-eabi/13.3.1/../../../../arm-none-eabi/lib/thumb/v7e-m+fp/hard\libc_nano.a(libc_a-lseekr.o)
[...]
Memory Configuration

Name             Origin             Length             Attributes
RAM              0x20000000         0x00020000         xrw
FLASH            0x08000000         0x00080000         xr
*default*        0x00000000         0xffffffff

Linker script and memory map

LOAD C:/ST/STM32CubeIDE_1.18.1/STM32CubeIDE/plugins/com.st.stm32cube.ide.mcu.externaltools.gnu-tools-for-stm32.13.3.rel1.win32_1.0.0.202411081344/tools/bin/../lib/gcc/arm-none-eabi/13.3.1/thumb/v7e-m+fp/hard/crti.o
LOAD C:/ST/STM32CubeIDE_1.18.1/STM32CubeIDE/plugins/com.st.stm32cube.ide.mcu.externaltools.gnu-tools-for-stm32.13.3.rel1.win32_1.0.0.202411081344/tools/bin/../lib/gcc/arm-none-eabi/13.3.1/thumb/v7e-m+fp/hard/crtbegin.o
LOAD C:/ST/STM32CubeIDE_1.18.1/STM32CubeIDE/plugins/com.st.stm32cube.ide.mcu.externaltools.gnu-tools-for-stm32.13.3.rel1.win32_1.0.0.202411081344/tools/bin/../lib/gcc/arm-none-eabi/13.3.1/../../../../arm-none-eabi/lib/thumb/v7e-m+fp/hard/crt0.o
LOAD ./Core/Src/gpio.o
LOAD ./Core/Src/i2c.o
LOAD ./Core/Src/main.o
LOAD ./Core/Src/oled.o
LOAD ./Core/Src/oled_font.o
LOAD ./Core/Src/spi.o
LOAD ./Core/Src/stm32f4xx_hal_msp.o
LOAD ./Core/Src/stm32f4xx_it.o
LOAD ./Core/Src/syscalls.o
LOAD ./Core/Src/sysmem.o
LOAD ./Core/Src/system_stm32f4xx.o
LOAD ./Core/Src/tim.o
LOAD ./Core/Src/usart.o
LOAD ./Core/Startup/startup_stm32f446retx.o
LOAD ./Drivers/STM32F4xx_HAL_Driver/Src/stm32f4xx_hal.o
LOAD ./Drivers/STM32F4xx_HAL_Driver/Src/stm32f4xx_hal_cortex.o
LOAD ./Drivers/STM32F4xx_HAL_Driver/Src/stm32f4xx_hal_dma.o
LOAD ./Drivers/STM32F4xx_HAL_Driver/Src/stm32f4xx_hal_dma_ex.o
LOAD ./Drivers/STM32F4xx_HAL_Driver/Src/stm32f4xx_hal_exti.o
LOAD ./Drivers/STM32F4xx_HAL_Driver/Src/stm32f4xx_hal_flash.o
LOAD ./Drivers/STM32F4xx_HAL_Driver/Src/stm32f4xx_hal_flash_ex.o
LOAD ./Drivers/STM32F4xx_HAL_Driver/Src/stm32f4xx_hal_flash_ramfunc.o
LOAD ./Drivers/STM32F4xx_HAL_Driver/Src/stm32f4xx_hal_gpio.o
LOAD ./Drivers/STM32F4xx_HAL_Driver/Src/stm32f4xx_hal_i2c.o
LOAD ./Drivers/STM32F4xx_HAL_Driver/Src/stm32f4xx_hal_i2c_ex.o
LOAD ./Drivers/STM32F4xx_HAL_Driver/Src/stm32f4xx_hal_pwr.o
LOAD ./Drivers/STM32F4xx_HAL_Driver/Src/stm32f4xx_hal_pwr_ex.o
LOAD ./Drivers/STM32F4xx_HAL_Driver/Src/stm32f4xx_hal_rcc.o
LOAD ./Drivers/STM32F4xx_HAL_Driver/Src/stm32f4xx_hal_rcc_ex.o
LOAD ./Drivers/STM32F4xx_HAL_Driver/Src/stm32f4xx_hal_spi.o
LOAD ./Drivers/STM32F4xx_HAL_Driver/Src/stm32f4xx_hal_tim.o
LOAD ./Drivers/STM32F4xx_HAL_Driver/Src/stm32f4xx_hal_tim_ex.o
LOAD ./Drivers/STM32F4xx_HAL_Driver/Src/stm32f4xx_hal_uart.o
START GROUP
LOAD C:/ST/STM32CubeIDE_1.18.1/STM32CubeIDE/plugins/com.st.stm32cube.ide.mcu.externaltools.gnu-tools-for-stm32.13.3.rel1.win32_1.0.0.202411081344/tools/bin/../lib/gcc/arm-none-eabi/13.3.1/../../../../arm-none-eabi/lib/thumb/v7e-m+fp/hard\libc_nano.a
LOAD C:/ST/STM32CubeIDE_1.18.1/STM32CubeIDE/plugins/com.st.stm32cube.ide.mcu.externaltools.gnu-tools-for-stm32.13.3.rel1.win32_1.0.0.202411081344/tools/bin/../lib/gcc/arm-none-eabi/13.3.1/../../../../arm-none-eabi/lib/thumb/v7e-m+fp/hard\libm.a
END GROUP
START GROUP
LOAD C:/ST/STM32CubeIDE_1.18.1/STM32CubeIDE/plugins/com.st.stm32cube.ide.mcu.externaltools.gnu-tools-for-stm32.13.3.rel1.win32_1.0.0.202411081344/tools/bin/../lib/gcc/arm-none-eabi/13.3.1/thumb/v7e-m+fp/hard\libgcc.a
LOAD C:/ST/STM32CubeIDE_1.18.1/STM32CubeIDE/plugins/com.st.stm32cube.ide.mcu.externaltools.gnu-tools-for-stm32.13.3.rel1.win32_1.0.0.202411081344/tools/bin/../lib/gcc/arm-none-eabi/13.3.1/../../../../arm-none-eabi/lib/thumb/v7e-m+fp/hard\libc_nano.a
END GROUP
START GROUP
LOAD C:/ST/STM32CubeIDE_1.18.1/STM32CubeIDE/plugins/com.st.stm32cube.ide.mcu.externaltools.gnu-tools-for-stm32.13.3.rel1.win32_1.0.0.202411081344/tools/bin/../lib/gcc/arm-none-eabi/13.3.1/thumb/v7e-m+fp/hard\libgcc.a
LOAD C:/ST/STM32CubeIDE_1.18.1/STM32CubeIDE/plugins/com.st.stm32cube.ide.mcu.externaltools.gnu-tools-for-stm32.13.3.rel1.win32_1.0.0.202411081344/tools/bin/../lib/gcc/arm-none-eabi/13.3.1/../../../../arm-none-eabi/lib/thumb/v7e-m+fp/hard\libc_nano.a
LOAD C:/ST/STM32CubeIDE_1.18.1/STM32CubeIDE/plugins/com.st.stm32cube.ide.mcu.externaltools.gnu-tools-for-stm32.13.3.rel1.win32_1.0.0.202411081344/tools/bin/../lib/gcc/arm-none-eabi/13.3.1/../../../../arm-none-eabi/lib/thumb/v7e-m+fp/hard\libnosys.a
END GROUP
START GROUP
LOAD C:/ST/STM32CubeIDE_1.18.1/STM32CubeIDE/plugins/com.st.stm32cube.ide.mcu.externaltools.gnu-tools-for-stm32.13.3.rel1.win32_1.0.0.202411081344/tools/bin/../lib/gcc/arm-none-eabi/13.3.1/thumb/v7e-m+fp/hard\libgcc.a
LOAD C:/ST/STM32CubeIDE_1.18.1/STM32CubeIDE/plugins/com.st.stm32cube.ide.mcu.externaltools.gnu-tools-for-stm32.13.3.rel1.win32_1.0.0.202411081344/tools/bin/../lib/gcc/arm-none-eabi/13.3.1/../../../../arm-none-eabi/lib/thumb/v7e-m+fp/hard\libc_nano.a
LOAD C:/ST/STM32CubeIDE_1.18.1/STM32CubeIDE/plugins/com.st.stm32cube.ide.mcu.externaltools.gnu-tools-for-stm32.13.3.rel1.win32_1.0.0.202411081344/tools/bin/../lib/gcc/arm-none-eabi/13.3.1/../../../../arm-none-eabi/lib/thumb/v7e-m+fp/hard\libnosys.a
END GROUP
LOAD C:/ST/STM32CubeIDE_1.18.1/STM32CubeIDE/plugins/com.st.stm32cube.ide.mcu.externaltools.gnu-tools-for-stm32.13.3.rel1.win32_1.0.0.202411081344/tools/bin/../lib/gcc/arm-none-eabi/13.3.1/thumb/v7e-m+fp/hard/crtend.o
LOAD C:/ST/STM32CubeIDE_1.18.1/STM32CubeIDE/plugins/com.st.stm32cube.ide.mcu.externaltools.gnu-tools-for-stm32.13.3.rel1.win32_1.0.0.202411081344/tools/bin/../lib/gcc/arm-none-eabi/13.3.1/thumb/v7e-m+fp/hard/crtn.o
                0x20020000                        _estack = (ORIGIN (RAM) + LENGTH (RAM))
                0x00000200                        _Min_Heap_Size = 0x200
                0x00000400                        _Min_Stack_Size = 0x400

.isr_vector     0x08000000      0x1c4
                0x08000000                        . = ALIGN (0x4)
 *(.isr_vector)
 .isr_vector    0x08000000      0x1c4 ./Core/Startup/startup_stm32f446retx.o
                0x08000000                g_pfnVectors
                0x080001c4                        . = ALIGN (0x4)

.text           0x080001c8     0x6784
                0x080001c8                        . = ALIGN (0x4)
 *(.text)
 .text          0x080001c8       0x40 C:/ST/STM32CubeIDE_1.18.1/STM32CubeIDE/plugins/com.st.stm32cube.ide.mcu.externaltools.gnu-tools-for-stm32.13.3.rel1.win32_1.0.0.202411081344/tools/bin/../lib/gcc/arm-none-eabi/13.3.1/thumb/v7e-m+fp/hard/crtbegin.o
 .text          0x08000208      0x378 C:/ST/STM32CubeIDE_1.18.1/STM32CubeIDE/plugins/com.st.stm32cube.ide.mcu.externaltools.gnu-tools-for-stm32.13.3.rel1.win32_1.0.0.202411081344/tools/bin/../lib/gcc/arm-none-eabi/13.3.1/thumb/v7e-m+fp/hard\libgcc.a(_arm_addsubdf3.o)
                0x08000208                __aeabi_drsub
                0x08000210                __aeabi_dsub
                0x08000210                __subdf3
                0x08000214                __aeabi_dadd
                0x08000214                __adddf3
                0x0800048c                __floatunsidf
                0x0800048c                __aeabi_ui2d
                0x080004ac                __floatsidf
                0x080004ac                __aeabi_i2d
                0x080004d0                __aeabi_f2d
                0x080004d0                __extendsfdf2
                0x08000514                __floatundidf
                0x08000514                __aeabi_ul2d
                0x08000524                __floatdidf
                0x08000524                __aeabi_l2d
 .text          0x08000580      0x424 C:/ST/STM32CubeIDE_1.18.1/STM32CubeIDE/plugins/com.st.stm32cube.ide.mcu.externaltools.gnu-tools-for-stm32.13.3.rel1.win32_1.0.0.202411081344/tools/bin/../lib/gcc/arm-none-eabi/13.3.1/thumb/v7e-m+fp/hard\libgcc.a(_arm_muldivdf3.o)
                0x08000580                __aeabi_dmul
                0x08000580                __muldf3
                0x080007d4                __divdf3
                0x080007d4                __aeabi_ddiv
 .text          0x080009a4       0x50 C:/ST/STM32CubeIDE_1.18.1/STM32CubeIDE/plugins/com.st.stm32cube.ide.mcu.externaltools.gnu-tools-for-stm32.13.3.rel1.win32_1.0.0.202411081344/tools/bin/../lib/gcc/arm-none-eabi/13.3.1/thumb/v7e-m+fp/hard\libgcc.a(_arm_fixdfsi.o)
                0x080009a4                __aeabi_d2iz
                0x080009a4                __fixdfsi
 .text          0x080009f4       0x40 C:/ST/STM32CubeIDE_1.18.1/STM32CubeIDE/plugins/com.st.stm32cube.ide.mcu.externaltools.gnu-tools-for-stm32.13.3.rel1.win32_1.0.0.202411081344/tools/bin/../lib/gcc/arm-none-eabi/13.3.1/thumb/v7e-m+fp/hard\libgcc.a(_arm_fixunsdfsi.o)
                0x080009f4                __aeabi_d2uiz
                0x080009f4                __fixunsdfsi
 .text          0x08000a34       0x30 C:/ST/STM32CubeIDE_1.18.1/STM32CubeIDE/plugins/com.st.stm32cube.ide.mcu.externaltools.gnu-tools-for-stm32.13.3.rel1.win32_1.0.0.202411081344/tools/bin/../lib/gcc/arm-none-eabi/13.3.1/thumb/v7e-m+fp/hard\libgcc.a(_aeabi_uldivmod.o)
                0x08000a34                __aeabi_uldivmod
 .text          0x08000a64      0x2f8 C:/ST/STM32CubeIDE_1.18.1/STM32CubeIDE/plugins/com.st.stm32cube.ide.mcu.externaltools.gnu-tools-for-stm32.13.3.rel1.win32_1.0.0.202411081344/tools/bin/../lib/gcc/arm-none-eabi/13.3.1/thumb/v7e-m+fp/hard\libgcc.a(_udivmoddi4.o)
                0x08000a64                __udivmoddi4
 .text          0x08000d5c        0x4 C:/ST/STM32CubeIDE_1.18.1/STM32CubeIDE/plugins/com.st.stm32cube.ide.mcu.externaltools.gnu-tools-for-stm32.13.3.rel1.win32_1.0.0.202411081344/tools/bin/../lib/gcc/arm-none-eabi/13.3.1/thumb/v7e-m+fp/hard\libgcc.a(_dvmd_tls.o)
                0x08000d5c                __aeabi_idiv0
                0x08000d5c                __aeabi_ldiv0
 *(.text*)
 .text.MX_GPIO_Init
                0x08000d60      0x118 ./Core/Src/gpio.o
                0x08000d60                MX_GPIO_Init
 .text.MX_I2C1_Init
                0x08000e78       0x5c ./Core/Src/i2c.o
                0x08000e78                MX_I2C1_Init
 .text.HAL_I2C_MspInit
                0x08000ed4       0x90 ./Core/Src/i2c.o
                0x08000ed4                HAL_I2C_MspInit
 .text.RC522_SPI_Transfer
                0x08000f64       0x2c ./Core/Src/main.o
                0x08000f64                RC522_SPI_Transfer
 .text.Write_MFRC522
                0x08000f90       0x50 ./Core/Src/main.o
                0x08000f90                Write_MFRC522
 .text.Read_MFRC522
                0x08000fe0       0x58 ./Core/Src/main.o
                0x08000fe0                Read_MFRC522
 .text.SetBitMask
                0x08001038       0x36 ./Core/Src/main.o
                0x08001038                SetBitMask
 .text.ClearBitMask
                0x0800106e       0x40 ./Core/Src/main.o
                0x0800106e                ClearBitMask
 .text.AntennaOn
                0x080010ae       0x16 ./Core/Src/main.o
                0x080010ae                AntennaOn
 .text.MFRC522_Reset
                0x080010c4       0x10 ./Core/Src/main.o
                0x080010c4                MFRC522_Reset
 .text.MFRC522_Init
                0x080010d4       0x60 ./Core/Src/main.o
                0x080010d4                MFRC522_Init
 .text.MFRC522_ToCard
                0x08001134      0x18c ./Core/Src/main.o
                0x08001134                MFRC522_ToCard
 .text.MFRC522_Request
                0x080012c0       0x4a ./Core/Src/main.o
                0x080012c0                MFRC522_Request
 .text.MFRC522_Anticoll
                0x0800130a       0x7a ./Core/Src/main.o
                0x0800130a                MFRC522_Anticoll
 *fill*         0x08001384        0x4 
 .text.HAL_TIM_IC_CaptureCallback
                0x08001388      0x3a0 ./Core/Src/main.o
                0x08001388                HAL_TIM_IC_CaptureCallback
 .text.HCSR04_Read
                0x08001728       0x40 ./Core/Src/main.o
                0x08001728                HCSR04_Read
 .text.HCSR04_Read2
                0x08001768       0x3c ./Core/Src/main.o
                0x08001768                HCSR04_Read2
 .text.HCSR04_Read3
                0x080017a4       0x3c ./Core/Src/main.o
                0x080017a4                HCSR04_Read3
 .text.playTone
                0x080017e0       0x60 ./Core/Src/main.o
                0x080017e0                playTone
 .text.map      0x08001840       0x86 ./Core/Src/main.o
                0x08001840                map
 *fill*         0x080018c6        0x2 
 .text.servo_write
                0x080018c8       0x2c ./Core/Src/main.o
                0x080018c8                servo_write
 .text.servo_sweep
                0x080018f4       0x54 ./Core/Src/main.o
                0x080018f4                servo_sweep
 .text.ocitanje
                0x08001948      0x2b8 ./Core/Src/main.o
                0x08001948                ocitanje
 .text.main     0x08001c00       0x6c ./Core/Src/main.o
                0x08001c00                main
 .text.SystemClock_Config
                0x08001c6c       0xdc ./Core/Src/main.o
                0x08001c6c                SystemClock_Config
 .text.Error_Handler
                0x08001d48        0xc ./Core/Src/main.o
                0x08001d48                Error_Handler
 .text.oled_Reset
                0x08001d54        0xe ./Core/Src/oled.o
                0x08001d54                oled_Reset
 *fill*         0x08001d62        0x2 
 .text.oled_WriteCommand
                0x08001d64       0x30 ./Core/Src/oled.o
                0x08001d64                oled_WriteCommand
 .text.oled_WriteData
                0x08001d94       0x34 ./Core/Src/oled.o
                0x08001d94                oled_WriteData
 .text.oled_Init
                0x08001dc8       0xd4 ./Core/Src/oled.o
                0x08001dc8                oled_Init
 .text.oled_Fill
                0x08001e9c       0x30 ./Core/Src/oled.o
                0x08001e9c                oled_Fill
 .text.oled_UpdateScreen
                0x08001ecc       0x50 ./Core/Src/oled.o
                0x08001ecc                oled_UpdateScreen
 .text.oled_DrawPixel
                0x08001f1c       0xa8 ./Core/Src/oled.o
                0x08001f1c                oled_DrawPixel
 .text.oled_WriteChar
                0x08001fc4      0x124 ./Core/Src/oled.o
                0x08001fc4                oled_WriteChar
 .text.oled_WriteString
                0x080020e8       0x4c ./Core/Src/oled.o
                0x080020e8                oled_WriteString
 .text.oled_SetCursor
                0x08002134       0x30 ./Core/Src/oled.o
                0x08002134                oled_SetCursor
 .text.oled_SetContrast
                0x08002164       0x26 ./Core/Src/oled.o
                0x08002164                oled_SetContrast
 *fill*         0x0800218a        0x2 
 .text.oled_SetDisplayOn
                0x0800218c       0x3c ./Core/Src/oled.o
                0x0800218c                oled_SetDisplayOn
 .text.MX_SPI1_Init
                0x080021c8       0x6c ./Core/Src/spi.o
                0x080021c8                MX_SPI1_Init
 .text.HAL_SPI_MspInit
                0x08002234       0xd0 ./Core/Src/spi.o
                0x08002234                HAL_SPI_MspInit
 .text.HAL_MspInit
                0x08002304       0x50 ./Core/Src/stm32f4xx_hal_msp.o
                0x08002304                HAL_MspInit
 .text.NMI_Handler
                0x08002354        0x8 ./Core/Src/stm32f4xx_it.o
                0x08002354                NMI_Handler
 .text.HardFault_Handler
                0x0800235c        0x8 ./Core/Src/stm32f4xx_it.o
                0x0800235c                HardFault_Handler
 .text.MemManage_Handler
                0x08002364        0x8 ./Core/Src/stm32f4xx_it.o
                0x08002364                MemManage_Handler
 .text.BusFault_Handler
                0x0800236c        0x8 ./Core/Src/stm32f4xx_it.o
                0x0800236c                BusFault_Handler
 .text.UsageFault_Handler
                0x08002374        0x8 ./Core/Src/stm32f4xx_it.o
                0x08002374                UsageFault_Handler
 .text.SVC_Handler
                0x0800237c        0xe ./Core/Src/stm32f4xx_it.o
                0x0800237c                SVC_Handler
 .text.DebugMon_Handler
                0x0800238a        0xe ./Core/Src/stm32f4xx_it.o
                0x0800238a                DebugMon_Handler
 .text.PendSV_Handler
                0x08002398        0xe ./Core/Src/stm32f4xx_it.o
                0x08002398                PendSV_Handler
 .text.SysTick_Handler
                0x080023a6        0xc ./Core/Src/stm32f4xx_it.o
                0x080023a6                SysTick_Handler
 *fill*         0x080023b2        0x2 
 .text.TIM1_CC_IRQHandler
                0x080023b4       0x14 ./Core/Src/stm32f4xx_it.o
                0x080023b4                TIM1_CC_IRQHandler
 .text.TIM2_IRQHandler
                0x080023c8       0x14 ./Core/Src/stm32f4xx_it.o
                0x080023c8                TIM2_IRQHandler
 .text.TIM3_IRQHandler
                0x080023dc       0x14 ./Core/Src/stm32f4xx_it.o
                0x080023dc                TIM3_IRQHandler
 .text.SystemInit
                0x080023f0       0x24 ./Core/Src/system_stm32f4xx.o
                0x080023f0                SystemInit
 .text.MX_TIM1_Init
                0x08002414       0xd8 ./Core/Src/tim.o
                0x08002414                MX_TIM1_Init
 .text.MX_TIM2_Init
                0x080024ec       0xec ./Core/Src/tim.o
                0x080024ec                MX_TIM2_Init
 .text.MX_TIM3_Init
                0x080025d8       0xb4 ./Core/Src/tim.o
                0x080025d8                MX_TIM3_Init
 .text.MX_TIM6_Init
                0x0800268c       0x6c ./Core/Src/tim.o
                0x0800268c                MX_TIM6_Init
 .text.HAL_TIM_IC_MspInit
                0x080026f8       0xa0 ./Core/Src/tim.o
                0x080026f8                HAL_TIM_IC_MspInit
 .text.HAL_TIM_Base_MspInit
                0x08002798       0x78 ./Core/Src/tim.o
                0x08002798                HAL_TIM_Base_MspInit
 .text.HAL_TIM_PWM_MspInit
                0x08002810       0x50 ./Core/Src/tim.o
                0x08002810                HAL_TIM_PWM_MspInit
 .text.HAL_TIM_MspPostInit
                0x08002860       0xc0 ./Core/Src/tim.o
                0x08002860                HAL_TIM_MspPostInit
 .text.MX_USART2_UART_Init
                0x08002920       0x54 ./Core/Src/usart.o
                0x08002920                MX_USART2_UART_Init
 .text.HAL_UART_MspInit
                0x08002974       0x90 ./Core/Src/usart.o
                0x08002974                HAL_UART_MspInit
 .text.Reset_Handler
                0x08002a04       0x50 ./Core/Startup/startup_stm32f446retx.o
                0x08002a04                Reset_Handler
 .text.Default_Handler
                0x08002a54        0x2 ./Core/Startup/startup_stm32f446retx.o
                0x08002a54                RTC_Alarm_IRQHandler
                0x08002a54                EXTI2_IRQHandler
                0x08002a54                TIM8_CC_IRQHandler
                0x08002a54                FMPI2C1_EV_IRQHandler
                0x08002a54                SPI4_IRQHandler
                0x08002a54                DMA2_Stream5_IRQHandler
                0x08002a54                DMA1_Stream5_IRQHandler
                0x08002a54                PVD_IRQHandler
                0x08002a54                SDIO_IRQHandler
                0x08002a54                TAMP_STAMP_IRQHandler
                0x08002a54                CAN2_RX1_IRQHandler
                0x08002a54                EXTI3_IRQHandler
                0x08002a54                TIM8_TRG_COM_TIM14_IRQHandler
                0x08002a54                TIM1_UP_TIM10_IRQHandler
                0x08002a54                TIM8_UP_TIM13_IRQHandler
                0x08002a54                I2C3_ER_IRQHandler
                0x08002a54                EXTI0_IRQHandler
                0x08002a54                I2C2_EV_IRQHandler
                0x08002a54                DMA1_Stream2_IRQHandler
                0x08002a54                CAN1_RX0_IRQHandler
                0x08002a54                FPU_IRQHandler
                0x08002a54                OTG_HS_WKUP_IRQHandler
                0x08002a54                CAN2_SCE_IRQHandler
                0x08002a54                DMA2_Stream2_IRQHandler
                0x08002a54                SPI1_IRQHandler
                0x08002a54                TIM6_DAC_IRQHandler
                0x08002a54                TIM1_BRK_TIM9_IRQHandler
                0x08002a54                DCMI_IRQHandler
                0x08002a54                CAN2_RX0_IRQHandler
                0x08002a54                DMA2_Stream3_IRQHandler
                0x08002a54                SAI2_IRQHandler
                0x08002a54                USART6_IRQHandler
                0x08002a54                USART3_IRQHandler
                0x08002a54                CAN1_RX1_IRQHandler
                0x08002a54                UART5_IRQHandler
                0x08002a54                DMA2_Stream0_IRQHandler
                0x08002a54                TIM4_IRQHandler
                0x08002a54                QUADSPI_IRQHandler
                0x08002a54                I2C1_EV_IRQHandler
                0x08002a54                DMA1_Stream6_IRQHandler
                0x08002a54                DMA1_Stream1_IRQHandler
                0x08002a54                UART4_IRQHandler
                0x08002a54                RCC_IRQHandler
                0x08002a54                TIM8_BRK_TIM12_IRQHandler
                0x08002a54                Default_Handler
                0x08002a54                CEC_IRQHandler
                0x08002a54                EXTI15_10_IRQHandler
                0x08002a54                ADC_IRQHandler
                0x08002a54                DMA1_Stream7_IRQHandler
                0x08002a54                TIM7_IRQHandler
                0x08002a54                CAN2_TX_IRQHandler
                0x08002a54                TIM5_IRQHandler
                0x08002a54                DMA2_Stream7_IRQHandler
                0x08002a54                I2C3_EV_IRQHandler
                0x08002a54                EXTI9_5_IRQHandler
                0x08002a54                RTC_WKUP_IRQHandler
                0x08002a54                SPDIF_RX_IRQHandler
                0x08002a54                SPI2_IRQHandler
                0x08002a54                OTG_HS_EP1_IN_IRQHandler
                0x08002a54                DMA1_Stream0_IRQHandler
                0x08002a54                CAN1_TX_IRQHandler
                0x08002a54                FMPI2C1_ER_IRQHandler
                0x08002a54                EXTI4_IRQHandler
                0x08002a54                OTG_HS_EP1_OUT_IRQHandler
                0x08002a54                WWDG_IRQHandler
                0x08002a54                OTG_FS_WKUP_IRQHandler
                0x08002a54                TIM1_TRG_COM_TIM11_IRQHandler
                0x08002a54                OTG_HS_IRQHandler
                0x08002a54                EXTI1_IRQHandler
                0x08002a54                USART2_IRQHandler
                0x08002a54                I2C2_ER_IRQHandler
                0x08002a54                DMA2_Stream1_IRQHandler
                0x08002a54                CAN1_SCE_IRQHandler
                0x08002a54                FLASH_IRQHandler
                0x08002a54                DMA2_Stream4_IRQHandler
                0x08002a54                USART1_IRQHandler
                0x08002a54                OTG_FS_IRQHandler
                0x08002a54                SPI3_IRQHandler
                0x08002a54                DMA1_Stream4_IRQHandler
                0x08002a54                I2C1_ER_IRQHandler
                0x08002a54                FMC_IRQHandler
                0x08002a54                DMA2_Stream6_IRQHandler
                0x08002a54                SAI1_IRQHandler
                0x08002a54                DMA1_Stream3_IRQHandler
 *fill*         0x08002a56        0x2 
 .text.HAL_Init
                0x08002a58       0x44 ./Drivers/STM32F4xx_HAL_Driver/Src/stm32f4xx_hal.o
                0x08002a58                HAL_Init
 .text.HAL_InitTick
                0x08002a9c       0x60 ./Drivers/STM32F4xx_HAL_Driver/Src/stm32f4xx_hal.o
                0x08002a9c                HAL_InitTick
 .text.HAL_IncTick
                0x08002afc       0x28 ./Drivers/STM32F4xx_HAL_Driver/Src/stm32f4xx_hal.o
                0x08002afc                HAL_IncTick
 .text.HAL_GetTick
                0x08002b24       0x18 ./Drivers/STM32F4xx_HAL_Driver/Src/stm32f4xx_hal.o
                0x08002b24                HAL_GetTick
 .text.HAL_Delay
                0x08002b3c       0x48 ./Drivers/STM32F4xx_HAL_Driver/Src/stm32f4xx_hal.o
                0x08002b3c                HAL_Delay
 .text.__NVIC_SetPriorityGrouping
                0x08002b84       0x48 ./Drivers/STM32F4xx_HAL_Driver/Src/stm32f4xx_hal_cortex.o
 .text.__NVIC_GetPriorityGrouping
                0x08002bcc       0x1c ./Drivers/STM32F4xx_HAL_Driver/Src/stm32f4xx_hal_cortex.o
 .text.__NVIC_EnableIRQ
                0x08002be8       0x3c ./Drivers/STM32F4xx_HAL_Driver/Src/stm32f4xx_hal_cortex.o
 .text.__NVIC_SetPriority
                0x08002c24       0x54 ./Drivers/STM32F4xx_HAL_Driver/Src/stm32f4xx_hal_cortex.o
 .text.NVIC_EncodePriority
                0x08002c78       0x66 ./Drivers/STM32F4xx_HAL_Driver/Src/stm32f4xx_hal_cortex.o
 *fill*         0x08002cde        0x2 
 .text.SysTick_Config
                0x08002ce0       0x44 ./Drivers/STM32F4xx_HAL_Driver/Src/stm32f4xx_hal_cortex.o
 .text.HAL_NVIC_SetPriorityGrouping
                0x08002d24       0x16 ./Drivers/STM32F4xx_HAL_Driver/Src/stm32f4xx_hal_cortex.o
                0x08002d24                HAL_NVIC_SetPriorityGrouping
 .text.HAL_NVIC_SetPriority
                0x08002d3a       0x38 ./Drivers/STM32F4xx_HAL_Driver/Src/stm32f4xx_hal_cortex.o
                0x08002d3a                HAL_NVIC_SetPriority
 .text.HAL_NVIC_EnableIRQ
                0x08002d72       0x1c ./Drivers/STM32F4xx_HAL_Driver/Src/stm32f4xx_hal_cortex.o
                0x08002d72                HAL_NVIC_EnableIRQ
 .text.HAL_SYSTICK_Config
                0x08002d8e       0x18 ./Drivers/STM32F4xx_HAL_Driver/Src/stm32f4xx_hal_cortex.o
                0x08002d8e                HAL_SYSTICK_Config
 *fill*         0x08002da6        0x2 
 .text.HAL_GPIO_Init
                0x08002da8      0x328 ./Drivers/STM32F4xx_HAL_Driver/Src/stm32f4xx_hal_gpio.o
                0x08002da8                HAL_GPIO_Init
 .text.HAL_GPIO_WritePin
                0x080030d0       0x32 ./Drivers/STM32F4xx_HAL_Driver/Src/stm32f4xx_hal_gpio.o
                0x080030d0                HAL_GPIO_WritePin
 *fill*         0x08003102        0x2 
 .text.HAL_I2C_Init
                0x08003104      0x288 ./Drivers/STM32F4xx_HAL_Driver/Src/stm32f4xx_hal_i2c.o
                0x08003104                HAL_I2C_Init
 .text.HAL_I2C_Mem_Write
                0x0800338c      0x1f4 ./Drivers/STM32F4xx_HAL_Driver/Src/stm32f4xx_hal_i2c.o
                0x0800338c                HAL_I2C_Mem_Write
 .text.I2C_RequestMemoryWrite
                0x08003580      0x12c ./Drivers/STM32F4xx_HAL_Driver/Src/stm32f4xx_hal_i2c.o
 .text.I2C_WaitOnFlagUntilTimeout
                0x080036ac       0xf4 ./Drivers/STM32F4xx_HAL_Driver/Src/stm32f4xx_hal_i2c.o
 .text.I2C_WaitOnMasterAddressFlagUntilTimeout
                0x080037a0      0x140 ./Drivers/STM32F4xx_HAL_Driver/Src/stm32f4xx_hal_i2c.o
 .text.I2C_WaitOnTXEFlagUntilTimeout
                0x080038e0       0x90 ./Drivers/STM32F4xx_HAL_Driver/Src/stm32f4xx_hal_i2c.o
 .text.I2C_WaitOnBTFFlagUntilTimeout
                0x08003970       0x90 ./Drivers/STM32F4xx_HAL_Driver/Src/stm32f4xx_hal_i2c.o
 .text.I2C_IsAcknowledgeFailed
                0x08003a00       0x5e ./Drivers/STM32F4xx_HAL_Driver/Src/stm32f4xx_hal_i2c.o
 *fill*         0x08003a5e        0x2 
 .text.HAL_RCC_ClockConfig
                0x08003a60      0x1cc ./Drivers/STM32F4xx_HAL_Driver/Src/stm32f4xx_hal_rcc.o
                0x08003a60                HAL_RCC_ClockConfig
 .text.HAL_RCC_GetHCLKFreq
                0x08003c2c       0x18 ./Drivers/STM32F4xx_HAL_Driver/Src/stm32f4xx_hal_rcc.o
                0x08003c2c                HAL_RCC_GetHCLKFreq
 .text.HAL_RCC_GetPCLK1Freq
                0x08003c44       0x28 ./Drivers/STM32F4xx_HAL_Driver/Src/stm32f4xx_hal_rcc.o
                0x08003c44                HAL_RCC_GetPCLK1Freq
 .text.HAL_RCC_GetPCLK2Freq
                0x08003c6c       0x28 ./Drivers/STM32F4xx_HAL_Driver/Src/stm32f4xx_hal_rcc.o
                0x08003c6c                HAL_RCC_GetPCLK2Freq
 .text.HAL_RCC_GetSysClockFreq
                0x08003c94      0x354 ./Drivers/STM32F4xx_HAL_Driver/Src/stm32f4xx_hal_rcc_ex.o
                0x08003c94                HAL_RCC_GetSysClockFreq
 .text.HAL_RCC_OscConfig
                0x08003fe8      0x53c ./Drivers/STM32F4xx_HAL_Driver/Src/stm32f4xx_hal_rcc_ex.o
                0x08003fe8                HAL_RCC_OscConfig
 .text.HAL_SPI_Init
                0x08004524      0x112 ./Drivers/STM32F4xx_HAL_Driver/Src/stm32f4xx_hal_spi.o
                0x08004524                HAL_SPI_Init
 .text.HAL_SPI_TransmitReceive
                0x08004636      0x352 ./Drivers/STM32F4xx_HAL_Driver/Src/stm32f4xx_hal_spi.o
                0x08004636                HAL_SPI_TransmitReceive
 .text.SPI_WaitFlagStateUntilTimeout
                0x08004988      0x110 ./Drivers/STM32F4xx_HAL_Driver/Src/stm32f4xx_hal_spi.o
 .text.SPI_EndRxTxTransaction
                0x08004a98       0xa8 ./Drivers/STM32F4xx_HAL_Driver/Src/stm32f4xx_hal_spi.o
 .text.HAL_TIM_Base_Init
                0x08004b40       0x9e ./Drivers/STM32F4xx_HAL_Driver/Src/stm32f4xx_hal_tim.o
                0x08004b40                HAL_TIM_Base_Init
 *fill*         0x08004bde        0x2 
 .text.HAL_TIM_Base_Start
                0x08004be0       0xd0 ./Drivers/STM32F4xx_HAL_Driver/Src/stm32f4xx_hal_tim.o
                0x08004be0                HAL_TIM_Base_Start
 .text.HAL_TIM_PWM_Init
                0x08004cb0       0x9e ./Drivers/STM32F4xx_HAL_Driver/Src/stm32f4xx_hal_tim.o
                0x08004cb0                HAL_TIM_PWM_Init
 *fill*         0x08004d4e        0x2 
 .text.HAL_TIM_PWM_Start
                0x08004d50      0x190 ./Drivers/STM32F4xx_HAL_Driver/Src/stm32f4xx_hal_tim.o
                0x08004d50                HAL_TIM_PWM_Start
 .text.HAL_TIM_PWM_Stop
                0x08004ee0       0xe0 ./Drivers/STM32F4xx_HAL_Driver/Src/stm32f4xx_hal_tim.o
                0x08004ee0                HAL_TIM_PWM_Stop
 .text.HAL_TIM_IC_Init
                0x08004fc0       0x9e ./Drivers/STM32F4xx_HAL_Driver/Src/stm32f4xx_hal_tim.o
                0x08004fc0                HAL_TIM_IC_Init
 *fill*         0x0800505e        0x2 
 .text.HAL_TIM_IC_Start_IT
                0x08005060      0x250 ./Drivers/STM32F4xx_HAL_Driver/Src/stm32f4xx_hal_tim.o
                0x08005060                HAL_TIM_IC_Start_IT
 .text.HAL_TIM_IRQHandler
                0x080052b0      0x1e0 ./Drivers/STM32F4xx_HAL_Driver/Src/stm32f4xx_hal_tim.o
                0x080052b0                HAL_TIM_IRQHandler
 .text.HAL_TIM_IC_ConfigChannel
                0x08005490      0x138 ./Drivers/STM32F4xx_HAL_Driver/Src/stm32f4xx_hal_tim.o
                0x08005490                HAL_TIM_IC_ConfigChannel
 .text.HAL_TIM_PWM_ConfigChannel
                0x080055c8      0x184 ./Drivers/STM32F4xx_HAL_Driver/Src/stm32f4xx_hal_tim.o
                0x080055c8                HAL_TIM_PWM_ConfigChannel
 .text.HAL_TIM_ConfigClockSource
                0x0800574c      0x18e ./Drivers/STM32F4xx_HAL_Driver/Src/stm32f4xx_hal_tim.o
                0x0800574c                HAL_TIM_ConfigClockSource
 *fill*         0x080058da        0x2 
 .text.HAL_TIM_ReadCapturedValue
                0x080058dc       0x88 ./Drivers/STM32F4xx_HAL_Driver/Src/stm32f4xx_hal_tim.o
                0x080058dc                HAL_TIM_ReadCapturedValue
 .text.HAL_TIM_PeriodElapsedCallback
                0x08005964       0x14 ./Drivers/STM32F4xx_HAL_Driver/Src/stm32f4xx_hal_tim.o
                0x08005964                HAL_TIM_PeriodElapsedCallback
 .text.HAL_TIM_OC_DelayElapsedCallback
                0x08005978       0x14 ./Drivers/STM32F4xx_HAL_Driver/Src/stm32f4xx_hal_tim.o
                0x08005978                HAL_TIM_OC_DelayElapsedCallback
 .text.HAL_TIM_PWM_PulseFinishedCallback
                0x0800598c       0x14 ./Drivers/STM32F4xx_HAL_Driver/Src/stm32f4xx_hal_tim.o
                0x0800598c                HAL_TIM_PWM_PulseFinishedCallback
 .text.HAL_TIM_TriggerCallback
                0x080059a0       0x14 ./Drivers/STM32F4xx_HAL_Driver/Src/stm32f4xx_hal_tim.o
                0x080059a0                HAL_TIM_TriggerCallback
 .text.TIM_Base_SetConfig
                0x080059b4      0x14c ./Drivers/STM32F4xx_HAL_Driver/Src/stm32f4xx_hal_tim.o
                0x080059b4                TIM_Base_SetConfig
 .text.TIM_OC1_SetConfig
                0x08005b00       0xe0 ./Drivers/STM32F4xx_HAL_Driver/Src/stm32f4xx_hal_tim.o
 .text.TIM_OC2_SetConfig
                0x08005be0       0xec ./Drivers/STM32F4xx_HAL_Driver/Src/stm32f4xx_hal_tim.o
                0x08005be0                TIM_OC2_SetConfig
 .text.TIM_OC3_SetConfig
                0x08005ccc       0xe8 ./Drivers/STM32F4xx_HAL_Driver/Src/stm32f4xx_hal_tim.o
 .text.TIM_OC4_SetConfig
                0x08005db4       0xac ./Drivers/STM32F4xx_HAL_Driver/Src/stm32f4xx_hal_tim.o
 .text.TIM_TI1_SetConfig
                0x08005e60       0xe8 ./Drivers/STM32F4xx_HAL_Driver/Src/stm32f4xx_hal_tim.o
                0x08005e60                TIM_TI1_SetConfig
 .text.TIM_TI1_ConfigInputStage
                0x08005f48       0x5e ./Drivers/STM32F4xx_HAL_Driver/Src/stm32f4xx_hal_tim.o
 .text.TIM_TI2_SetConfig
                0x08005fa6       0x7a ./Drivers/STM32F4xx_HAL_Driver/Src/stm32f4xx_hal_tim.o
 .text.TIM_TI2_ConfigInputStage
                0x08006020       0x60 ./Drivers/STM32F4xx_HAL_Driver/Src/stm32f4xx_hal_tim.o
 .text.TIM_TI3_SetConfig
                0x08006080       0x78 ./Drivers/STM32F4xx_HAL_Driver/Src/stm32f4xx_hal_tim.o
 .text.TIM_TI4_SetConfig
                0x080060f8       0x7a ./Drivers/STM32F4xx_HAL_Driver/Src/stm32f4xx_hal_tim.o
 .text.TIM_ITRx_SetConfig
                0x08006172       0x36 ./Drivers/STM32F4xx_HAL_Driver/Src/stm32f4xx_hal_tim.o
 .text.TIM_ETR_SetConfig
                0x080061a8       0x40 ./Drivers/STM32F4xx_HAL_Driver/Src/stm32f4xx_hal_tim.o
                0x080061a8                TIM_ETR_SetConfig
 .text.TIM_CCxChannelCmd
                0x080061e8       0x4a ./Drivers/STM32F4xx_HAL_Driver/Src/stm32f4xx_hal_tim.o
                0x080061e8                TIM_CCxChannelCmd
 *fill*         0x08006232        0x2 
 .text.HAL_TIMEx_MasterConfigSynchronization
                0x08006234       0xf8 ./Drivers/STM32F4xx_HAL_Driver/Src/stm32f4xx_hal_tim_ex.o
                0x08006234                HAL_TIMEx_MasterConfigSynchronization
 .text.HAL_TIMEx_CommutCallback
                0x0800632c       0x14 ./Drivers/STM32F4xx_HAL_Driver/Src/stm32f4xx_hal_tim_ex.o
                0x0800632c                HAL_TIMEx_CommutCallback
 .text.HAL_TIMEx_BreakCallback
                0x08006340       0x14 ./Drivers/STM32F4xx_HAL_Driver/Src/stm32f4xx_hal_tim_ex.o
                0x08006340                HAL_TIMEx_BreakCallback
 .text.HAL_UART_Init
                0x08006354       0xa0 ./Drivers/STM32F4xx_HAL_Driver/Src/stm32f4xx_hal_uart.o
                0x08006354                HAL_UART_Init
 .text.UART_SetConfig
                0x080063f4      0x4e8 ./Drivers/STM32F4xx_HAL_Driver/Src/stm32f4xx_hal_uart.o
 .text.memset   0x080068dc       0x10 C:/ST/STM32CubeIDE_1.18.1/STM32CubeIDE/plugins/com.st.stm32cube.ide.mcu.externaltools.gnu-tools-for-stm32.13.3.rel1.win32_1.0.0.202411081344/tools/bin/../lib/gcc/arm-none-eabi/13.3.1/../../../../arm-none-eabi/lib/thumb/v7e-m+fp/hard\libc_nano.a(libc_a-memset.o)
                0x080068dc                memset
 .text.__libc_init_array
                0x080068ec       0x48 C:/ST/STM32CubeIDE_1.18.1/STM32CubeIDE/plugins/com.st.stm32cube.ide.mcu.externaltools.gnu-tools-for-stm32.13.3.rel1.win32_1.0.0.202411081344/tools/bin/../lib/gcc/arm-none-eabi/13.3.1/../../../../arm-none-eabi/lib/thumb/v7e-m+fp/hard\libc_nano.a(libc_a-init.o)
                0x080068ec                __libc_init_array
 *(.glue_7)
 .glue_7        0x08006934        0x0 linker stubs
 *(.glue_7t)
 .glue_7t       0x08006934        0x0 linker stubs
 *(.eh_frame)
 .eh_frame      0x08006934        0x0 C:/ST/STM32CubeIDE_1.18.1/STM32CubeIDE/plugins/com.st.stm32cube.ide.mcu.externaltools.gnu-tools-for-stm32.13.3.rel1.win32_1.0.0.202411081344/tools/bin/../lib/gcc/arm-none-eabi/13.3.1/thumb/v7e-m+fp/hard/crtbegin.o
 *(.init)
 .init          0x08006934        0x4 C:/ST/STM32CubeIDE_1.18.1/STM32CubeIDE/plugins/com.st.stm32cube.ide.mcu.externaltools.gnu-tools-for-stm32.13.3.rel1.win32_1.0.0.202411081344/tools/bin/../lib/gcc/arm-none-eabi/13.3.1/thumb/v7e-m+fp/hard/crti.o
                0x08006934                _init
 .init          0x08006938        0x8 C:/ST/STM32CubeIDE_1.18.1/STM32CubeIDE/plugins/com.st.stm32cube.ide.mcu.externaltools.gnu-tools-for-stm32.13.3.rel1.win32_1.0.0.202411081344/tools/bin/../lib/gcc/arm-none-eabi/13.3.1/thumb/v7e-m+fp/hard/crtn.o
 *(.fini)
 .fini          0x08006940        0x4 C:/ST/STM32CubeIDE_1.18.1/STM32CubeIDE/plugins/com.st.stm32cube.ide.mcu.externaltools.gnu-tools-for-stm32.13.3.rel1.win32_1.0.0.202411081344/tools/bin/../lib/gcc/arm-none-eabi/13.3.1/thumb/v7e-m+fp/hard/crti.o
                0x08006940                _fini
 .fini          0x08006944        0x8 C:/ST/STM32CubeIDE_1.18.1/STM32CubeIDE/plugins/com.st.stm32cube.ide.mcu.externaltools.gnu-tools-for-stm32.13.3.rel1.win32_1.0.0.202411081344/tools/bin/../lib/gcc/arm-none-eabi/13.3.1/thumb/v7e-m+fp/hard/crtn.o
                0x0800694c                        . = ALIGN (0x4)
                0x0800694c                        _etext = .

.vfp11_veneer   0x0800694c        0x0
 .vfp11_veneer  0x0800694c        0x0 linker stubs

.v4_bx          0x0800694c        0x0
 .v4_bx         0x0800694c        0x0 linker stubs

.iplt           0x0800694c        0x0
 .iplt          0x0800694c        0x0 C:/ST/STM32CubeIDE_1.18.1/STM32CubeIDE/plugins/com.st.stm32cube.ide.mcu.externaltools.gnu-tools-for-stm32.13.3.rel1.win32_1.0.0.202411081344/tools/bin/../lib/gcc/arm-none-eabi/13.3.1/thumb/v7e-m+fp/hard/crtbegin.o

.rodata         0x0800694c      0x668
                0x0800694c                        . = ALIGN (0x4)
 *(.rodata)
 .rodata        0x0800694c       0x52 ./Core/Src/main.o
 *(.rodata*)
 *fill*         0x0800699e        0x2 
 .rodata.Font6x8
                0x080069a0      0x5f0 ./Core/Src/oled_font.o
 .rodata.Font_6x8
                0x08006f90        0xc ./Core/Src/oled_font.o
                0x08006f90                Font_6x8
 .rodata.AHBPrescTable
                0x08006f9c       0x10 ./Core/Src/system_stm32f4xx.o
                0x08006f9c                AHBPrescTable
 .rodata.APBPrescTable
                0x08006fac        0x8 ./Core/Src/system_stm32f4xx.o
                0x08006fac                APBPrescTable
                0x08006fb4                        . = ALIGN (0x4)

.ARM.extab      0x08006fb4        0x0
                0x08006fb4                        . = ALIGN (0x4)
 *(.ARM.extab* .gnu.linkonce.armextab.*)
                0x08006fb4                        . = ALIGN (0x4)

.ARM            0x08006fb4        0x8
                0x08006fb4                        . = ALIGN (0x4)
                0x08006fb4                        __exidx_start = .
 *(.ARM.exidx*)
 .ARM.exidx     0x08006fb4        0x8 C:/ST/STM32CubeIDE_1.18.1/STM32CubeIDE/plugins/com.st.stm32cube.ide.mcu.externaltools.gnu-tools-for-stm32.13.3.rel1.win32_1.0.0.202411081344/tools/bin/../lib/gcc/arm-none-eabi/13.3.1/thumb/v7e-m+fp/hard\libgcc.a(_udivmoddi4.o)
                0x08006fbc                        __exidx_end = .
                0x08006fbc                        . = ALIGN (0x4)

.preinit_array  0x08006fbc        0x0
                0x08006fbc                        . = ALIGN (0x4)
                0x08006fbc                        PROVIDE (__preinit_array_start = .)
 *(.preinit_array*)
                0x08006fbc                        PROVIDE (__preinit_array_end = .)
                0x08006fbc                        . = ALIGN (0x4)

.init_array     0x08006fbc        0x4
                0x08006fbc                        . = ALIGN (0x4)
                0x08006fbc                        PROVIDE (__init_array_start = .)
 *(SORT_BY_NAME(.init_array.*))
 *(.init_array*)
 .init_array    0x08006fbc        0x4 C:/ST/STM32CubeIDE_1.18.1/STM32CubeIDE/plugins/com.st.stm32cube.ide.mcu.externaltools.gnu-tools-for-stm32.13.3.rel1.win32_1.0.0.202411081344/tools/bin/../lib/gcc/arm-none-eabi/13.3.1/thumb/v7e-m+fp/hard/crtbegin.o
                0x08006fc0                        PROVIDE (__init_array_end = .)
                0x08006fc0                        . = ALIGN (0x4)

.fini_array     0x08006fc0        0x4
                0x08006fc0                        . = ALIGN (0x4)
                [!provide]                        PROVIDE (__fini_array_start = .)
 *(SORT_BY_NAME(.fini_array.*))
 *(.fini_array*)
 .fini_array    0x08006fc0        0x4 C:/ST/STM32CubeIDE_1.18.1/STM32CubeIDE/plugins/com.st.stm32cube.ide.mcu.externaltools.gnu-tools-for-stm32.13.3.rel1.win32_1.0.0.202411081344/tools/bin/../lib/gcc/arm-none-eabi/13.3.1/thumb/v7e-m+fp/hard/crtbegin.o
                [!provide]                        PROVIDE (__fini_array_end = .)
                0x08006fc4                        . = ALIGN (0x4)
                0x08006fc4                        _sidata = LOADADDR (.data)

.rel.dyn        0x08006fc4        0x0
 .rel.iplt      0x08006fc4        0x0 C:/ST/STM32CubeIDE_1.18.1/STM32CubeIDE/plugins/com.st.stm32cube.ide.mcu.externaltools.gnu-tools-for-stm32.13.3.rel1.win32_1.0.0.202411081344/tools/bin/../lib/gcc/arm-none-eabi/13.3.1/thumb/v7e-m+fp/hard/crtbegin.o

.data           0x20000000        0xc load address 0x08006fc4
                0x20000000                        . = ALIGN (0x4)
                0x20000000                        _sdata = .
 *(.data)
 *(.data*)
 .data.SystemCoreClock
                0x20000000        0x4 ./Core/Src/system_stm32f4xx.o
                0x20000000                SystemCoreClock
 .data.uwTickPrio
                0x20000004        0x4 ./Drivers/STM32F4xx_HAL_Driver/Src/stm32f4xx_hal.o
                0x20000004                uwTickPrio
 .data.uwTickFreq
                0x20000008        0x1 ./Drivers/STM32F4xx_HAL_Driver/Src/stm32f4xx_hal.o
                0x20000008                uwTickFreq
 *(.RamFunc)
 *(.RamFunc*)
                0x2000000c                        . = ALIGN (0x4)
 *fill*         0x20000009        0x3 
                0x2000000c                        _edata = .

.igot.plt       0x2000000c        0x0 load address 0x08006fd0
 .igot.plt      0x2000000c        0x0 C:/ST/STM32CubeIDE_1.18.1/STM32CubeIDE/plugins/com.st.stm32cube.ide.mcu.externaltools.gnu-tools-for-stm32.13.3.rel1.win32_1.0.0.202411081344/tools/bin/../lib/gcc/arm-none-eabi/13.3.1/thumb/v7e-m+fp/hard/crtbegin.o
                0x2000000c                        . = ALIGN (0x4)

.bss            0x2000000c      0x688 load address 0x08006fd0
                0x2000000c                        _sbss = .
                0x2000000c                        __bss_start__ = _sbss
 *(.bss)
 .bss           0x2000000c       0x1c C:/ST/STM32CubeIDE_1.18.1/STM32CubeIDE/plugins/com.st.stm32cube.ide.mcu.externaltools.gnu-tools-for-stm32.13.3.rel1.win32_1.0.0.202411081344/tools/bin/../lib/gcc/arm-none-eabi/13.3.1/thumb/v7e-m+fp/hard/crtbegin.o
 *(.bss*)
 .bss.hi2c1     0x20000028       0x54 ./Core/Src/i2c.o
                0x20000028                hi2c1
 .bss.IC_Val1   0x2000007c        0x4 ./Core/Src/main.o
                0x2000007c                IC_Val1
 .bss.IC_Val2   0x20000080        0x4 ./Core/Src/main.o
                0x20000080                IC_Val2
 .bss.Difference
                0x20000084        0x4 ./Core/Src/main.o
                0x20000084                Difference
 .bss.Is_First_Captured
                0x20000088        0x1 ./Core/Src/main.o
                0x20000088                Is_First_Captured
 .bss.Distance  0x20000089        0x1 ./Core/Src/main.o
                0x20000089                Distance
 *fill*         0x2000008a        0x2 
 .bss.IC_Val1_2
                0x2000008c        0x4 ./Core/Src/main.o
                0x2000008c                IC_Val1_2
 .bss.IC_Val2_2
                0x20000090        0x4 ./Core/Src/main.o
                0x20000090                IC_Val2_2
 .bss.Is_First_Captured_2
                0x20000094        0x1 ./Core/Src/main.o
                0x20000094                Is_First_Captured_2
 .bss.Distance2
                0x20000095        0x1 ./Core/Src/main.o
                0x20000095                Distance2
 *fill*         0x20000096        0x2 
 .bss.Difference2
                0x20000098        0x4 ./Core/Src/main.o
                0x20000098                Difference2
 .bss.IC_Val1_3
                0x2000009c        0x4 ./Core/Src/main.o
                0x2000009c                IC_Val1_3
 .bss.IC_Val2_3
                0x200000a0        0x4 ./Core/Src/main.o
                0x200000a0                IC_Val2_3
 .bss.Is_First_Captured_3
                0x200000a4        0x1 ./Core/Src/main.o
                0x200000a4                Is_First_Captured_3
 .bss.Distance3
                0x200000a5        0x1 ./Core/Src/main.o
                0x200000a5                Distance3
 *fill*         0x200000a6        0x2 
 .bss.Difference3
                0x200000a8        0x4 ./Core/Src/main.o
                0x200000a8                Difference3
 .bss.status    0x200000ac        0x1 ./Core/Src/main.o
                0x200000ac                status
 *fill*         0x200000ad        0x3 
 .bss.str       0x200000b0       0x10 ./Core/Src/main.o
                0x200000b0                str
 .bss.sNum      0x200000c0        0x4 ./Core/Src/main.o
                0x200000c0                sNum
 .bss.trenutnoStanje
                0x200000c4        0x1 ./Core/Src/main.o
                0x200000c4                trenutnoStanje
 *fill*         0x200000c5        0x3 
 .bss.OLED_Buffer
                0x200000c8      0x400 ./Core/Src/oled.o
 .bss.OLED      0x200004c8        0x6 ./Core/Src/oled.o
 *fill*         0x200004ce        0x2 
 .bss.hspi1     0x200004d0       0x58 ./Core/Src/spi.o
                0x200004d0                hspi1
 .bss.htim1     0x20000528       0x48 ./Core/Src/tim.o
                0x20000528                htim1
 .bss.htim2     0x20000570       0x48 ./Core/Src/tim.o
                0x20000570                htim2
 .bss.htim3     0x200005b8       0x48 ./Core/Src/tim.o
                0x200005b8                htim3
 .bss.htim6     0x20000600       0x48 ./Core/Src/tim.o
                0x20000600                htim6
 .bss.huart2    0x20000648       0x48 ./Core/Src/usart.o
                0x20000648                huart2
 .bss.uwTick    0x20000690        0x4 ./Drivers/STM32F4xx_HAL_Driver/Src/stm32f4xx_hal.o
                0x20000690                uwTick
 *(COMMON)
                0x20000694                        . = ALIGN (0x4)
                0x20000694                        _ebss = .
                0x20000694                        __bss_end__ = _ebss

._user_heap_stack
                0x20000694      0x604 load address 0x08006fd0
                0x20000698                        . = ALIGN (0x8)
 *fill*         0x20000694        0x4 
                [!provide]                        PROVIDE (end = .)
                0x20000698                        PROVIDE (_end = .)
                0x20000898                        . = (. + _Min_Heap_Size)
 *fill*         0x20000698      0x200 
                0x20000c98                        . = (. + _Min_Stack_Size)
 *fill*         0x20000898      0x400 
                0x20000c98                        . = ALIGN (0x8)

/DISCARD/
 libc.a(*)
 libm.a(*)
 libgcc.a(*)

.ARM.attributes
                0x00000000       0x30
 *(.ARM.attributes)
 .ARM.attributes
                0x00000000       0x22 C:/ST/STM32CubeIDE_1.18.1/STM32CubeIDE/plugins/com.st.stm32cube.ide.mcu.externaltools.gnu-tools-for-stm32.13.3.rel1.win32_1.0.0.202411081344/tools/bin/../lib/gcc/arm-none-eabi/13.3.1/thumb/v7e-m+fp/hard/crti.o
 .ARM.attributes
                0x00000022       0x34 C:/ST/STM32CubeIDE_1.18.1/STM32CubeIDE/plugins/com.st.stm32cube.ide.mcu.externaltools.gnu-tools-for-stm32.13.3.rel1.win32_1.0.0.202411081344/tools/bin/../lib/gcc/arm-none-eabi/13.3.1/thumb/v7e-m+fp/hard/crtbegin.o
 .ARM.attributes
                0x00000056       0x34 ./Core/Src/gpio.o
 .ARM.attributes
                0x0000008a       0x34 ./Core/Src/i2c.o
 .ARM.attributes
                0x000000be       0x34 ./Core/Src/main.o
 .ARM.attributes
                0x000000f2       0x34 ./Core/Src/oled.o
 .ARM.attributes
                0x00000126       0x34 ./Core/Src/oled_font.o
 .ARM.attributes
                0x0000015a       0x34 ./Core/Src/spi.o
 .ARM.attributes
                0x0000018e       0x34 ./Core/Src/stm32f4xx_hal_msp.o
 .ARM.attributes
                0x000001c2       0x34 ./Core/Src/stm32f4xx_it.o
 .ARM.attributes
                0x000001f6       0x34 ./Core/Src/system_stm32f4xx.o
 .ARM.attributes
                0x0000022a       0x34 ./Core/Src/tim.o
 .ARM.attributes
                0x0000025e       0x34 ./Core/Src/usart.o
 .ARM.attributes
                0x00000292       0x21 ./Core/Startup/startup_stm32f446retx.o
 .ARM.attributes
                0x000002b3       0x34 ./Drivers/STM32F4xx_HAL_Driver/Src/stm32f4xx_hal.o
 .ARM.attributes
                0x000002e7       0x34 ./Drivers/STM32F4xx_HAL_Driver/Src/stm32f4xx_hal_cortex.o
 .ARM.attributes
                0x0000031b       0x34 ./Drivers/STM32F4xx_HAL_Driver/Src/stm32f4xx_hal_gpio.o
 .ARM.attributes
                0x0000034f       0x34 ./Drivers/STM32F4xx_HAL_Driver/Src/stm32f4xx_hal_i2c.o
 .ARM.attributes
                0x00000383       0x34 ./Drivers/STM32F4xx_HAL_Driver/Src/stm32f4xx_hal_rcc.o
 .ARM.attributes
                0x000003b7       0x34 ./Drivers/STM32F4xx_HAL_Driver/Src/stm32f4xx_hal_rcc_ex.o
 .ARM.attributes
                0x000003eb       0x34 ./Drivers/STM32F4xx_HAL_Driver/Src/stm32f4xx_hal_spi.o
 .ARM.attributes
                0x0000041f       0x34 ./Drivers/STM32F4xx_HAL_Driver/Src/stm32f4xx_hal_tim.o
 .ARM.attributes
                0x00000453       0x34 ./Drivers/STM32F4xx_HAL_Driver/Src/stm32f4xx_hal_tim_ex.o
 .ARM.attributes
                0x00000487       0x34 ./Drivers/STM32F4xx_HAL_Driver/Src/stm32f4xx_hal_uart.o
 .ARM.attributes
                0x000004bb       0x34 C:/ST/STM32CubeIDE_1.18.1/STM32CubeIDE/plugins/com.st.stm32cube.ide.mcu.externaltools.gnu-tools-for-stm32.13.3.rel1.win32_1.0.0.202411081344/tools/bin/../lib/gcc/arm-none-eabi/13.3.1/../../../../arm-none-eabi/lib/thumb/v7e-m+fp/hard\libc_nano.a(libc_a-memset.o)
 .ARM.attributes
                0x000004ef       0x34 C:/ST/STM32CubeIDE_1.18.1/STM32CubeIDE/plugins/com.st.stm32cube.ide.mcu.externaltools.gnu-tools-for-stm32.13.3.rel1.win32_1.0.0.202411081344/tools/bin/../lib/gcc/arm-none-eabi/13.3.1/../../../../arm-none-eabi/lib/thumb/v7e-m+fp/hard\libc_nano.a(libc_a-init.o)
 .ARM.attributes
                0x00000523       0x22 C:/ST/STM32CubeIDE_1.18.1/STM32CubeIDE/plugins/com.st.stm32cube.ide.mcu.externaltools.gnu-tools-for-stm32.13.3.rel1.win32_1.0.0.202411081344/tools/bin/../lib/gcc/arm-none-eabi/13.3.1/thumb/v7e-m+fp/hard\libgcc.a(_arm_addsubdf3.o)
 .ARM.attributes
                0x00000545       0x22 C:/ST/STM32CubeIDE_1.18.1/STM32CubeIDE/plugins/com.st.stm32cube.ide.mcu.externaltools.gnu-tools-for-stm32.13.3.rel1.win32_1.0.0.202411081344/tools/bin/../lib/gcc/arm-none-eabi/13.3.1/thumb/v7e-m+fp/hard\libgcc.a(_arm_muldivdf3.o)
 .ARM.attributes
                0x00000567       0x22 C:/ST/STM32CubeIDE_1.18.1/STM32CubeIDE/plugins/com.st.stm32cube.ide.mcu.externaltools.gnu-tools-for-stm32.13.3.rel1.win32_1.0.0.202411081344/tools/bin/../lib/gcc/arm-none-eabi/13.3.1/thumb/v7e-m+fp/hard\libgcc.a(_arm_fixdfsi.o)
 .ARM.attributes
                0x00000589       0x22 C:/ST/STM32CubeIDE_1.18.1/STM32CubeIDE/plugins/com.st.stm32cube.ide.mcu.externaltools.gnu-tools-for-stm32.13.3.rel1.win32_1.0.0.202411081344/tools/bin/../lib/gcc/arm-none-eabi/13.3.1/thumb/v7e-m+fp/hard\libgcc.a(_arm_fixunsdfsi.o)
 .ARM.attributes
                0x000005ab       0x22 C:/ST/STM32CubeIDE_1.18.1/STM32CubeIDE/plugins/com.st.stm32cube.ide.mcu.externaltools.gnu-tools-for-stm32.13.3.rel1.win32_1.0.0.202411081344/tools/bin/../lib/gcc/arm-none-eabi/13.3.1/thumb/v7e-m+fp/hard\libgcc.a(_aeabi_uldivmod.o)
 .ARM.attributes
                0x000005cd       0x34 C:/ST/STM32CubeIDE_1.18.1/STM32CubeIDE/plugins/com.st.stm32cube.ide.mcu.externaltools.gnu-tools-for-stm32.13.3.rel1.win32_1.0.0.202411081344/tools/bin/../lib/gcc/arm-none-eabi/13.3.1/thumb/v7e-m+fp/hard\libgcc.a(_udivmoddi4.o)
 .ARM.attributes
                0x00000601       0x22 C:/ST/STM32CubeIDE_1.18.1/STM32CubeIDE/plugins/com.st.stm32cube.ide.mcu.externaltools.gnu-tools-for-stm32.13.3.rel1.win32_1.0.0.202411081344/tools/bin/../lib/gcc/arm-none-eabi/13.3.1/thumb/v7e-m+fp/hard\libgcc.a(_dvmd_tls.o)
 .ARM.attributes
                0x00000623       0x22 C:/ST/STM32CubeIDE_1.18.1/STM32CubeIDE/plugins/com.st.stm32cube.ide.mcu.externaltools.gnu-tools-for-stm32.13.3.rel1.win32_1.0.0.202411081344/tools/bin/../lib/gcc/arm-none-eabi/13.3.1/thumb/v7e-m+fp/hard/crtn.o
OUTPUT(POPRAVAK.elf elf32-littlearm)
LOAD linker stubs
LOAD C:/ST/STM32CubeIDE_1.18.1/STM32CubeIDE/plugins/com.st.stm32cube.ide.mcu.externaltools.gnu-tools-for-stm32.13.3.rel1.win32_1.0.0.202411081344/tools/bin/../lib/gcc/arm-none-eabi/13.3.1/../../../../arm-none-eabi/lib/thumb/v7e-m+fp/hard\libc.a
LOAD C:/ST/STM32CubeIDE_1.18.1/STM32CubeIDE/plugins/com.st.stm32cube.ide.mcu.externaltools.gnu-tools-for-stm32.13.3.rel1.win32_1.0.0.202411081344/tools/bin/../lib/gcc/arm-none-eabi/13.3.1/../../../../arm-none-eabi/lib/thumb/v7e-m+fp/hard\libm.a
LOAD C:/ST/STM32CubeIDE_1.18.1/STM32CubeIDE/plugins/com.st.stm32cube.ide.mcu.externaltools.gnu-tools-for-stm32.13.3.rel1.win32_1.0.0.202411081344/tools/bin/../lib/gcc/arm-none-eabi/13.3.1/thumb/v7e-m+fp/hard\libgcc.a

.debug_info     0x00000000    0x13df1
 .debug_info    0x00000000      0x439 ./Core/Src/gpio.o
 .debug_info    0x00000439      0x9a4 ./Core/Src/i2c.o
 .debug_info    0x00000ddd     0x19d0 ./Core/Src/main.o
 .debug_info    0x000027ad      0x9fb ./Core/Src/oled.o
 .debug_info    0x000031a8      0x14b ./Core/Src/oled_font.o
 .debug_info    0x000032f3      0x999 ./Core/Src/spi.o
 .debug_info    0x00003c8c      0x299 ./Core/Src/stm32f4xx_hal_msp.o
 .debug_info    0x00003f25      0x713 ./Core/Src/stm32f4xx_it.o
 .debug_info    0x00004638      0x54a ./Core/Src/system_stm32f4xx.o
 .debug_info    0x00004b82     0x1137 ./Core/Src/tim.o
 .debug_info    0x00005cb9      0x94d ./Core/Src/usart.o
 .debug_info    0x00006606       0x30 ./Core/Startup/startup_stm32f446retx.o
 .debug_info    0x00006636      0x99a ./Drivers/STM32F4xx_HAL_Driver/Src/stm32f4xx_hal.o
 .debug_info    0x00006fd0      0xdaa ./Drivers/STM32F4xx_HAL_Driver/Src/stm32f4xx_hal_cortex.o
 .debug_info    0x00007d7a      0x70b ./Drivers/STM32F4xx_HAL_Driver/Src/stm32f4xx_hal_gpio.o
 .debug_info    0x00008485     0x2421 ./Drivers/STM32F4xx_HAL_Driver/Src/stm32f4xx_hal_i2c.o
 .debug_info    0x0000a8a6      0x8ff ./Drivers/STM32F4xx_HAL_Driver/Src/stm32f4xx_hal_rcc.o
 .debug_info    0x0000b1a5      0x960 ./Drivers/STM32F4xx_HAL_Driver/Src/stm32f4xx_hal_rcc_ex.o
 .debug_info    0x0000bb05     0x1525 ./Drivers/STM32F4xx_HAL_Driver/Src/stm32f4xx_hal_spi.o
 .debug_info    0x0000d02a     0x299d ./Drivers/STM32F4xx_HAL_Driver/Src/stm32f4xx_hal_tim.o
 .debug_info    0x0000f9c7     0x14db ./Drivers/STM32F4xx_HAL_Driver/Src/stm32f4xx_hal_tim_ex.o
 .debug_info    0x00010ea2     0x2f4f ./Drivers/STM32F4xx_HAL_Driver/Src/stm32f4xx_hal_uart.o

.debug_abbrev   0x00000000     0x2d00
 .debug_abbrev  0x00000000      0x152 ./Core/Src/gpio.o
 .debug_abbrev  0x00000152      0x1f1 ./Core/Src/i2c.o
 .debug_abbrev  0x00000343      0x3a7 ./Core/Src/main.o
 .debug_abbrev  0x000006ea      0x25f ./Core/Src/oled.o
 .debug_abbrev  0x00000949       0xae ./Core/Src/oled_font.o
 .debug_abbrev  0x000009f7      0x1fa ./Core/Src/spi.o
 .debug_abbrev  0x00000bf1       0xd8 ./Core/Src/stm32f4xx_hal_msp.o
 .debug_abbrev  0x00000cc9      0x194 ./Core/Src/stm32f4xx_it.o
 .debug_abbrev  0x00000e5d      0x11a ./Core/Src/system_stm32f4xx.o
 .debug_abbrev  0x00000f77      0x26f ./Core/Src/tim.o
 .debug_abbrev  0x000011e6      0x1f9 ./Core/Src/usart.o
 .debug_abbrev  0x000013df       0x24 ./Core/Startup/startup_stm32f446retx.o
 .debug_abbrev  0x00001403      0x214 ./Drivers/STM32F4xx_HAL_Driver/Src/stm32f4xx_hal.o
 .debug_abbrev  0x00001617      0x31d ./Drivers/STM32F4xx_HAL_Driver/Src/stm32f4xx_hal_cortex.o
 .debug_abbrev  0x00001934      0x1d4 ./Drivers/STM32F4xx_HAL_Driver/Src/stm32f4xx_hal_gpio.o
 .debug_abbrev  0x00001b08      0x2ad ./Drivers/STM32F4xx_HAL_Driver/Src/stm32f4xx_hal_i2c.o
 .debug_abbrev  0x00001db5      0x2b7 ./Drivers/STM32F4xx_HAL_Driver/Src/stm32f4xx_hal_rcc.o
 .debug_abbrev  0x0000206c      0x211 ./Drivers/STM32F4xx_HAL_Driver/Src/stm32f4xx_hal_rcc_ex.o
 .debug_abbrev  0x0000227d      0x27a ./Drivers/STM32F4xx_HAL_Driver/Src/stm32f4xx_hal_spi.o
 .debug_abbrev  0x000024f7      0x278 ./Drivers/STM32F4xx_HAL_Driver/Src/stm32f4xx_hal_tim.o
 .debug_abbrev  0x0000276f      0x283 ./Drivers/STM32F4xx_HAL_Driver/Src/stm32f4xx_hal_tim_ex.o
 .debug_abbrev  0x000029f2      0x30e ./Drivers/STM32F4xx_HAL_Driver/Src/stm32f4xx_hal_uart.o

.debug_aranges  0x00000000     0x12e0
 .debug_aranges
                0x00000000       0x20 ./Core/Src/gpio.o
 .debug_aranges
                0x00000020       0x30 ./Core/Src/i2c.o
 .debug_aranges
                0x00000050      0x110 ./Core/Src/main.o
 .debug_aranges
                0x00000160       0x80 ./Core/Src/oled.o
 .debug_aranges
                0x000001e0       0x18 ./Core/Src/oled_font.o
 .debug_aranges
                0x000001f8       0x30 ./Core/Src/spi.o
 .debug_aranges
                0x00000228       0x20 ./Core/Src/stm32f4xx_hal_msp.o
 .debug_aranges
                0x00000248       0x78 ./Core/Src/stm32f4xx_it.o
 .debug_aranges
                0x000002c0       0x28 ./Core/Src/system_stm32f4xx.o
 .debug_aranges
                0x000002e8       0x70 ./Core/Src/tim.o
 .debug_aranges
                0x00000358       0x30 ./Core/Src/usart.o
 .debug_aranges
                0x00000388       0x28 ./Core/Startup/startup_stm32f446retx.o
 .debug_aranges
                0x000003b0       0xf0 ./Drivers/STM32F4xx_HAL_Driver/Src/stm32f4xx_hal.o
 .debug_aranges
                0x000004a0      0x130 ./Drivers/STM32F4xx_HAL_Driver/Src/stm32f4xx_hal_cortex.o
 .debug_aranges
                0x000005d0       0x58 ./Drivers/STM32F4xx_HAL_Driver/Src/stm32f4xx_hal_gpio.o
 .debug_aranges
                0x00000628      0x2a8 ./Drivers/STM32F4xx_HAL_Driver/Src/stm32f4xx_hal_i2c.o
 .debug_aranges
                0x000008d0       0x88 ./Drivers/STM32F4xx_HAL_Driver/Src/stm32f4xx_hal_rcc.o
 .debug_aranges
                0x00000958       0x78 ./Drivers/STM32F4xx_HAL_Driver/Src/stm32f4xx_hal_rcc_ex.o
 .debug_aranges
                0x000009d0      0x1d0 ./Drivers/STM32F4xx_HAL_Driver/Src/stm32f4xx_hal_spi.o
 .debug_aranges
                0x00000ba0      0x3d0 ./Drivers/STM32F4xx_HAL_Driver/Src/stm32f4xx_hal_tim.o
 .debug_aranges
                0x00000f70      0x168 ./Drivers/STM32F4xx_HAL_Driver/Src/stm32f4xx_hal_tim_ex.o
 .debug_aranges
                0x000010d8      0x208 ./Drivers/STM32F4xx_HAL_Driver/Src/stm32f4xx_hal_uart.o

.debug_rnglists
                0x00000000      0xec9
 .debug_rnglists
                0x00000000       0x14 ./Core/Src/gpio.o
 .debug_rnglists
                0x00000014       0x20 ./Core/Src/i2c.o
 .debug_rnglists
                0x00000034       0xd0 ./Core/Src/main.o
 .debug_rnglists
                0x00000104       0x5e ./Core/Src/oled.o
 .debug_rnglists
                0x00000162       0x20 ./Core/Src/spi.o
 .debug_rnglists
                0x00000182       0x13 ./Core/Src/stm32f4xx_hal_msp.o
 .debug_rnglists
                0x00000195       0x55 ./Core/Src/stm32f4xx_it.o
 .debug_rnglists
                0x000001ea       0x1a ./Core/Src/system_stm32f4xx.o
 .debug_rnglists
                0x00000204       0x54 ./Core/Src/tim.o
 .debug_rnglists
                0x00000258       0x20 ./Core/Src/usart.o
 .debug_rnglists
                0x00000278       0x19 ./Core/Startup/startup_stm32f446retx.o
 .debug_rnglists
                0x00000291       0xaf ./Drivers/STM32F4xx_HAL_Driver/Src/stm32f4xx_hal.o
 .debug_rnglists
                0x00000340       0xe0 ./Drivers/STM32F4xx_HAL_Driver/Src/stm32f4xx_hal_cortex.o
 .debug_rnglists
                0x00000420       0x3f ./Drivers/STM32F4xx_HAL_Driver/Src/stm32f4xx_hal_gpio.o
 .debug_rnglists
                0x0000045f      0x23c ./Drivers/STM32F4xx_HAL_Driver/Src/stm32f4xx_hal_i2c.o
 .debug_rnglists
                0x0000069b       0x66 ./Drivers/STM32F4xx_HAL_Driver/Src/stm32f4xx_hal_rcc.o
 .debug_rnglists
                0x00000701       0x5e ./Drivers/STM32F4xx_HAL_Driver/Src/stm32f4xx_hal_rcc_ex.o
 .debug_rnglists
                0x0000075f      0x16f ./Drivers/STM32F4xx_HAL_Driver/Src/stm32f4xx_hal_spi.o
 .debug_rnglists
                0x000008ce      0x31a ./Drivers/STM32F4xx_HAL_Driver/Src/stm32f4xx_hal_tim.o
 .debug_rnglists
                0x00000be8      0x125 ./Drivers/STM32F4xx_HAL_Driver/Src/stm32f4xx_hal_tim_ex.o
 .debug_rnglists
                0x00000d0d      0x1bc ./Drivers/STM32F4xx_HAL_Driver/Src/stm32f4xx_hal_uart.o

.debug_macro    0x00000000    0x2391c
 .debug_macro   0x00000000      0x205 ./Core/Src/gpio.o
 .debug_macro   0x00000205      0xad8 ./Core/Src/gpio.o
 .debug_macro   0x00000cdd      0x2a7 ./Core/Src/gpio.o
 .debug_macro   0x00000f84       0x2e ./Core/Src/gpio.o
 .debug_macro   0x00000fb2       0x28 ./Core/Src/gpio.o
 .debug_macro   0x00000fda       0x22 ./Core/Src/gpio.o
 .debug_macro   0x00000ffc       0x8e ./Core/Src/gpio.o
 .debug_macro   0x0000108a       0x51 ./Core/Src/gpio.o
 .debug_macro   0x000010db      0x103 ./Core/Src/gpio.o
 .debug_macro   0x000011de       0x6a ./Core/Src/gpio.o
 .debug_macro   0x00001248      0x1df ./Core/Src/gpio.o
 .debug_macro   0x00001427       0x1c ./Core/Src/gpio.o
 .debug_macro   0x00001443       0x22 ./Core/Src/gpio.o
 .debug_macro   0x00001465       0xfb ./Core/Src/gpio.o
 .debug_macro   0x00001560     0x1011 ./Core/Src/gpio.o
 .debug_macro   0x00002571      0x11f ./Core/Src/gpio.o
 .debug_macro   0x00002690    0x1675e ./Core/Src/gpio.o
 .debug_macro   0x00018dee       0x6d ./Core/Src/gpio.o
 .debug_macro   0x00018e5b     0x3693 ./Core/Src/gpio.o
 .debug_macro   0x0001c4ee      0x190 ./Core/Src/gpio.o
 .debug_macro   0x0001c67e       0x5c ./Core/Src/gpio.o
 .debug_macro   0x0001c6da      0xca5 ./Core/Src/gpio.o
 .debug_macro   0x0001d37f      0x9e9 ./Core/Src/gpio.o
 .debug_macro   0x0001dd68      0x115 ./Core/Src/gpio.o
 .debug_macro   0x0001de7d      0x1a0 ./Core/Src/gpio.o
 .debug_macro   0x0001e01d       0xa5 ./Core/Src/gpio.o
 .debug_macro   0x0001e0c2      0x16d ./Core/Src/gpio.o
 .debug_macro   0x0001e22f      0x287 ./Core/Src/gpio.o
 .debug_macro   0x0001e4b6       0x5f ./Core/Src/gpio.o
 .debug_macro   0x0001e515      0x236 ./Core/Src/gpio.o
 .debug_macro   0x0001e74b      0x132 ./Core/Src/gpio.o
 .debug_macro   0x0001e87d      0x29c ./Core/Src/gpio.o
 .debug_macro   0x0001eb19       0x2e ./Core/Src/gpio.o
 .debug_macro   0x0001eb47      0x1b5 ./Core/Src/gpio.o
 .debug_macro   0x0001ecfc       0x22 ./Core/Src/gpio.o
 .debug_macro   0x0001ed1e       0xd6 ./Core/Src/gpio.o
 .debug_macro   0x0001edf4      0x127 ./Core/Src/gpio.o
 .debug_macro   0x0001ef1b       0xe8 ./Core/Src/gpio.o
 .debug_macro   0x0001f003       0x89 ./Core/Src/gpio.o
 .debug_macro   0x0001f08c      0x225 ./Core/Src/gpio.o
 .debug_macro   0x0001f2b1      0x8ed ./Core/Src/gpio.o
 .debug_macro   0x0001fb9e       0x53 ./Core/Src/gpio.o
 .debug_macro   0x0001fbf1      0x2aa ./Core/Src/gpio.o
 .debug_macro   0x0001fe9b      0x126 ./Core/Src/gpio.o
 .debug_macro   0x0001ffc1      0x205 ./Core/Src/i2c.o
 .debug_macro   0x000201c6      0x589 ./Core/Src/main.o
 .debug_macro   0x0002074f       0x61 ./Core/Src/main.o
 .debug_macro   0x000207b0       0x2a ./Core/Src/main.o
 .debug_macro   0x000207da       0x43 ./Core/Src/main.o
 .debug_macro   0x0002081d       0x34 ./Core/Src/main.o
 .debug_macro   0x00020851      0x370 ./Core/Src/main.o
 .debug_macro   0x00020bc1       0x16 ./Core/Src/main.o
 .debug_macro   0x00020bd7       0x4a ./Core/Src/main.o
 .debug_macro   0x00020c21       0x34 ./Core/Src/main.o
 .debug_macro   0x00020c55       0x10 ./Core/Src/main.o
 .debug_macro   0x00020c65       0x58 ./Core/Src/main.o
 .debug_macro   0x00020cbd       0x8e ./Core/Src/main.o
 .debug_macro   0x00020d4b       0x1c ./Core/Src/main.o
 .debug_macro   0x00020d67      0x185 ./Core/Src/main.o
 .debug_macro   0x00020eec       0x10 ./Core/Src/main.o
 .debug_macro   0x00020efc       0x3c ./Core/Src/main.o
 .debug_macro   0x00020f38       0x20 ./Core/Src/main.o
 .debug_macro   0x00020f58       0x34 ./Core/Src/main.o
 .debug_macro   0x00020f8c       0x16 ./Core/Src/main.o
 .debug_macro   0x00020fa2      0x316 ./Core/Src/oled.o
 .debug_macro   0x000212b8       0x5b ./Core/Src/oled.o
 .debug_macro   0x00021313       0x94 ./Core/Src/oled.o
 .debug_macro   0x000213a7       0x57 ./Core/Src/oled.o
 .debug_macro   0x000213fe      0x19b ./Core/Src/oled.o
 .debug_macro   0x00021599       0x28 ./Core/Src/oled.o
 .debug_macro   0x000215c1       0x56 ./Core/Src/oled.o
 .debug_macro   0x00021617       0x16 ./Core/Src/oled.o
 .debug_macro   0x0002162d       0x16 ./Core/Src/oled.o
 .debug_macro   0x00021643       0x29 ./Core/Src/oled.o
 .debug_macro   0x0002166c       0x16 ./Core/Src/oled.o
 .debug_macro   0x00021682      0x247 ./Core/Src/oled_font.o
 .debug_macro   0x000218c9      0x205 ./Core/Src/spi.o
 .debug_macro   0x00021ace      0x1fb ./Core/Src/stm32f4xx_hal_msp.o
 .debug_macro   0x00021cc9      0x205 ./Core/Src/stm32f4xx_it.o
 .debug_macro   0x00021ece      0x1f1 ./Core/Src/system_stm32f4xx.o
 .debug_macro   0x000220bf      0x205 ./Core/Src/tim.o
 .debug_macro   0x000222c4      0x205 ./Core/Src/usart.o
 .debug_macro   0x000224c9      0x251 ./Drivers/STM32F4xx_HAL_Driver/Src/stm32f4xx_hal.o
 .debug_macro   0x0002271a      0x1f1 ./Drivers/STM32F4xx_HAL_Driver/Src/stm32f4xx_hal_cortex.o
 .debug_macro   0x0002290b      0x1f7 ./Drivers/STM32F4xx_HAL_Driver/Src/stm32f4xx_hal_gpio.o
 .debug_macro   0x00022b02      0x23f ./Drivers/STM32F4xx_HAL_Driver/Src/stm32f4xx_hal_i2c.o
 .debug_macro   0x00022d41      0x215 ./Drivers/STM32F4xx_HAL_Driver/Src/stm32f4xx_hal_rcc.o
 .debug_macro   0x00022f56      0x1f1 ./Drivers/STM32F4xx_HAL_Driver/Src/stm32f4xx_hal_rcc_ex.o
 .debug_macro   0x00023147      0x200 ./Drivers/STM32F4xx_HAL_Driver/Src/stm32f4xx_hal_spi.o
 .debug_macro   0x00023347      0x1f2 ./Drivers/STM32F4xx_HAL_Driver/Src/stm32f4xx_hal_tim.o
 .debug_macro   0x00023539      0x1f1 ./Drivers/STM32F4xx_HAL_Driver/Src/stm32f4xx_hal_tim_ex.o
 .debug_macro   0x0002372a      0x1f2 ./Drivers/STM32F4xx_HAL_Driver/Src/stm32f4xx_hal_uart.o

.debug_line     0x00000000    0x17f13
 .debug_line    0x00000000      0x7ba ./Core/Src/gpio.o
 .debug_line    0x000007ba      0x7fc ./Core/Src/i2c.o
 .debug_line    0x00000fb6     0x1223 ./Core/Src/main.o
 .debug_line    0x000021d9      0xbac ./Core/Src/oled.o
 .debug_line    0x00002d85      0x877 ./Core/Src/oled_font.o
 .debug_line    0x000035fc      0x816 ./Core/Src/spi.o
 .debug_line    0x00003e12      0x78e ./Core/Src/stm32f4xx_hal_msp.o
 .debug_line    0x000045a0      0x885 ./Core/Src/stm32f4xx_it.o
 .debug_line    0x00004e25      0x804 ./Core/Src/system_stm32f4xx.o
 .debug_line    0x00005629      0xa59 ./Core/Src/tim.o
 .debug_line    0x00006082      0x7fc ./Core/Src/usart.o
 .debug_line    0x0000687e       0x7a ./Core/Startup/startup_stm32f446retx.o
 .debug_line    0x000068f8      0xa60 ./Drivers/STM32F4xx_HAL_Driver/Src/stm32f4xx_hal.o
 .debug_line    0x00007358      0xd30 ./Drivers/STM32F4xx_HAL_Driver/Src/stm32f4xx_hal_cortex.o
 .debug_line    0x00008088      0xba4 ./Drivers/STM32F4xx_HAL_Driver/Src/stm32f4xx_hal_gpio.o
 .debug_line    0x00008c2c     0x3b0d ./Drivers/STM32F4xx_HAL_Driver/Src/stm32f4xx_hal_i2c.o
 .debug_line    0x0000c739      0xe79 ./Drivers/STM32F4xx_HAL_Driver/Src/stm32f4xx_hal_rcc.o
 .debug_line    0x0000d5b2     0x1529 ./Drivers/STM32F4xx_HAL_Driver/Src/stm32f4xx_hal_rcc_ex.o
 .debug_line    0x0000eadb     0x1cfb ./Drivers/STM32F4xx_HAL_Driver/Src/stm32f4xx_hal_spi.o
 .debug_line    0x000107d6     0x37d5 ./Drivers/STM32F4xx_HAL_Driver/Src/stm32f4xx_hal_tim.o
 .debug_line    0x00013fab     0x19c0 ./Drivers/STM32F4xx_HAL_Driver/Src/stm32f4xx_hal_tim_ex.o
 .debug_line    0x0001596b     0x25a8 ./Drivers/STM32F4xx_HAL_Driver/Src/stm32f4xx_hal_uart.o

.debug_str      0x00000000    0xd5d39
 .debug_str     0x00000000    0xd5d39 ./Core/Src/gpio.o
                              0xcc7ec (size before relaxing)
 .debug_str     0x000d5d39    0xccd20 ./Core/Src/i2c.o
 .debug_str     0x000d5d39    0xd0fbc ./Core/Src/main.o
 .debug_str     0x000d5d39    0xd089a ./Core/Src/oled.o
 .debug_str     0x000d5d39    0xcca5a ./Core/Src/oled_font.o
 .debug_str     0x000d5d39    0xccc78 ./Core/Src/spi.o
 .debug_str     0x000d5d39    0xcc721 ./Core/Src/stm32f4xx_hal_msp.o
 .debug_str     0x000d5d39    0xccc0f ./Core/Src/stm32f4xx_it.o
 .debug_str     0x000d5d39    0xcc7d1 ./Core/Src/system_stm32f4xx.o
 .debug_str     0x000d5d39    0xcd5a9 ./Core/Src/tim.o
 .debug_str     0x000d5d39    0xccca9 ./Core/Src/usart.o
 .debug_str     0x000d5d39       0x82 ./Core/Startup/startup_stm32f446retx.o
 .debug_str     0x000d5d39    0xcd366 ./Drivers/STM32F4xx_HAL_Driver/Src/stm32f4xx_hal.o
 .debug_str     0x000d5d39    0xcd0bd ./Drivers/STM32F4xx_HAL_Driver/Src/stm32f4xx_hal_cortex.o
 .debug_str     0x000d5d39    0xcc91c ./Drivers/STM32F4xx_HAL_Driver/Src/stm32f4xx_hal_gpio.o
 .debug_str     0x000d5d39    0xcd79f ./Drivers/STM32F4xx_HAL_Driver/Src/stm32f4xx_hal_i2c.o
 .debug_str     0x000d5d39    0xccbda ./Drivers/STM32F4xx_HAL_Driver/Src/stm32f4xx_hal_rcc.o
 .debug_str     0x000d5d39    0xccc0d ./Drivers/STM32F4xx_HAL_Driver/Src/stm32f4xx_hal_rcc_ex.o
 .debug_str     0x000d5d39    0xcd03a ./Drivers/STM32F4xx_HAL_Driver/Src/stm32f4xx_hal_spi.o
 .debug_str     0x000d5d39    0xcdb06 ./Drivers/STM32F4xx_HAL_Driver/Src/stm32f4xx_hal_tim.o
 .debug_str     0x000d5d39    0xcd312 ./Drivers/STM32F4xx_HAL_Driver/Src/stm32f4xx_hal_tim_ex.o
 .debug_str     0x000d5d39    0xcd191 ./Drivers/STM32F4xx_HAL_Driver/Src/stm32f4xx_hal_uart.o

.comment        0x00000000       0x43
 .comment       0x00000000       0x43 ./Core/Src/gpio.o
                                 0x44 (size before relaxing)
 .comment       0x00000043       0x44 ./Core/Src/i2c.o
 .comment       0x00000043       0x44 ./Core/Src/main.o
 .comment       0x00000043       0x44 ./Core/Src/oled.o
 .comment       0x00000043       0x44 ./Core/Src/oled_font.o
 .comment       0x00000043       0x44 ./Core/Src/spi.o
 .comment       0x00000043       0x44 ./Core/Src/stm32f4xx_hal_msp.o
 .comment       0x00000043       0x44 ./Core/Src/stm32f4xx_it.o
 .comment       0x00000043       0x44 ./Core/Src/system_stm32f4xx.o
 .comment       0x00000043       0x44 ./Core/Src/tim.o
 .comment       0x00000043       0x44 ./Core/Src/usart.o
 .comment       0x00000043       0x44 ./Drivers/STM32F4xx_HAL_Driver/Src/stm32f4xx_hal.o
 .comment       0x00000043       0x44 ./Drivers/STM32F4xx_HAL_Driver/Src/stm32f4xx_hal_cortex.o
 .comment       0x00000043       0x44 ./Drivers/STM32F4xx_HAL_Driver/Src/stm32f4xx_hal_gpio.o
 .comment       0x00000043       0x44 ./Drivers/STM32F4xx_HAL_Driver/Src/stm32f4xx_hal_i2c.o
 .comment       0x00000043       0x44 ./Drivers/STM32F4xx_HAL_Driver/Src/stm32f4xx_hal_rcc.o
 .comment       0x00000043       0x44 ./Drivers/STM32F4xx_HAL_Driver/Src/stm32f4xx_hal_rcc_ex.o
 .comment       0x00000043       0x44 ./Drivers/STM32F4xx_HAL_Driver/Src/stm32f4xx_hal_spi.o
 .comment       0x00000043       0x44 ./Drivers/STM32F4xx_HAL_Driver/Src/stm32f4xx_hal_tim.o
 .comment       0x00000043       0x44 ./Drivers/STM32F4xx_HAL_Driver/Src/stm32f4xx_hal_tim_ex.o
 .comment       0x00000043       0x44 ./Drivers/STM32F4xx_HAL_Driver/Src/stm32f4xx_hal_uart.o

.debug_frame    0x00000000     0x50c0
 .debug_frame   0x00000000       0x34 ./Core/Src/gpio.o
 .debug_frame   0x00000034       0x74 ./Core/Src/i2c.o
 .debug_frame   0x000000a8      0x440 ./Core/Src/main.o
 .debug_frame   0x000004e8      0x1e0 ./Core/Src/oled.o
 .debug_frame   0x000006c8       0x74 ./Core/Src/spi.o
 .debug_frame   0x0000073c       0x38 ./Core/Src/stm32f4xx_hal_msp.o
 .debug_frame   0x00000774      0x158 ./Core/Src/stm32f4xx_it.o
 .debug_frame   0x000008cc       0x58 ./Core/Src/system_stm32f4xx.o
 .debug_frame   0x00000924      0x19c ./Core/Src/tim.o
 .debug_frame   0x00000ac0       0x74 ./Core/Src/usart.o
 .debug_frame   0x00000b34      0x374 ./Drivers/STM32F4xx_HAL_Driver/Src/stm32f4xx_hal.o
 .debug_frame   0x00000ea8      0x508 ./Drivers/STM32F4xx_HAL_Driver/Src/stm32f4xx_hal_cortex.o
 .debug_frame   0x000013b0      0x14c ./Drivers/STM32F4xx_HAL_Driver/Src/stm32f4xx_hal_gpio.o
 .debug_frame   0x000014fc      0xc84 ./Drivers/STM32F4xx_HAL_Driver/Src/stm32f4xx_hal_i2c.o
 .debug_frame   0x00002180      0x1f4 ./Drivers/STM32F4xx_HAL_Driver/Src/stm32f4xx_hal_rcc.o
 .debug_frame   0x00002374      0x1e8 ./Drivers/STM32F4xx_HAL_Driver/Src/stm32f4xx_hal_rcc_ex.o
 .debug_frame   0x0000255c      0x828 ./Drivers/STM32F4xx_HAL_Driver/Src/stm32f4xx_hal_spi.o
 .debug_frame   0x00002d84     0x11c0 ./Drivers/STM32F4xx_HAL_Driver/Src/stm32f4xx_hal_tim.o
 .debug_frame   0x00003f44      0x638 ./Drivers/STM32F4xx_HAL_Driver/Src/stm32f4xx_hal_tim_ex.o
 .debug_frame   0x0000457c      0x954 ./Drivers/STM32F4xx_HAL_Driver/Src/stm32f4xx_hal_uart.o
 .debug_frame   0x00004ed0       0x20 C:/ST/STM32CubeIDE_1.18.1/STM32CubeIDE/plugins/com.st.stm32cube.ide.mcu.externaltools.gnu-tools-for-stm32.13.3.rel1.win32_1.0.0.202411081344/tools/bin/../lib/gcc/arm-none-eabi/13.3.1/../../../../arm-none-eabi/lib/thumb/v7e-m+fp/hard\libc_nano.a(libc_a-memset.o)
 .debug_frame   0x00004ef0       0x2c C:/ST/STM32CubeIDE_1.18.1/STM32CubeIDE/plugins/com.st.stm32cube.ide.mcu.externaltools.gnu-tools-for-stm32.13.3.rel1.win32_1.0.0.202411081344/tools/bin/../lib/gcc/arm-none-eabi/13.3.1/../../../../arm-none-eabi/lib/thumb/v7e-m+fp/hard\libc_nano.a(libc_a-init.o)
 .debug_frame   0x00004f1c       0xac C:/ST/STM32CubeIDE_1.18.1/STM32CubeIDE/plugins/com.st.stm32cube.ide.mcu.externaltools.gnu-tools-for-stm32.13.3.rel1.win32_1.0.0.202411081344/tools/bin/../lib/gcc/arm-none-eabi/13.3.1/thumb/v7e-m+fp/hard\libgcc.a(_arm_addsubdf3.o)
 .debug_frame   0x00004fc8       0x50 C:/ST/STM32CubeIDE_1.18.1/STM32CubeIDE/plugins/com.st.stm32cube.ide.mcu.externaltools.gnu-tools-for-stm32.13.3.rel1.win32_1.0.0.202411081344/tools/bin/../lib/gcc/arm-none-eabi/13.3.1/thumb/v7e-m+fp/hard\libgcc.a(_arm_muldivdf3.o)
 .debug_frame   0x00005018       0x24 C:/ST/STM32CubeIDE_1.18.1/STM32CubeIDE/plugins/com.st.stm32cube.ide.mcu.externaltools.gnu-tools-for-stm32.13.3.rel1.win32_1.0.0.202411081344/tools/bin/../lib/gcc/arm-none-eabi/13.3.1/thumb/v7e-m+fp/hard\libgcc.a(_arm_fixdfsi.o)
 .debug_frame   0x0000503c       0x24 C:/ST/STM32CubeIDE_1.18.1/STM32CubeIDE/plugins/com.st.stm32cube.ide.mcu.externaltools.gnu-tools-for-stm32.13.3.rel1.win32_1.0.0.202411081344/tools/bin/../lib/gcc/arm-none-eabi/13.3.1/thumb/v7e-m+fp/hard\libgcc.a(_arm_fixunsdfsi.o)
 .debug_frame   0x00005060       0x2c C:/ST/STM32CubeIDE_1.18.1/STM32CubeIDE/plugins/com.st.stm32cube.ide.mcu.externaltools.gnu-tools-for-stm32.13.3.rel1.win32_1.0.0.202411081344/tools/bin/../lib/gcc/arm-none-eabi/13.3.1/thumb/v7e-m+fp/hard\libgcc.a(_aeabi_uldivmod.o)
 .debug_frame   0x0000508c       0x34 C:/ST/STM32CubeIDE_1.18.1/STM32CubeIDE/plugins/com.st.stm32cube.ide.mcu.externaltools.gnu-tools-for-stm32.13.3.rel1.win32_1.0.0.202411081344/tools/bin/../lib/gcc/arm-none-eabi/13.3.1/thumb/v7e-m+fp/hard\libgcc.a(_udivmoddi4.o)

.debug_line_str
                0x00000000       0x66
 .debug_line_str
                0x00000000       0x66 ./Core/Startup/startup_stm32f446retx.o
