Archive member included to satisfy reference by file (symbol)

D:/Program Files (x86)/New folder/STM32CubeIDE_1.18.1/STM32CubeIDE/plugins/com.st.stm32cube.ide.mcu.externaltools.gnu-tools-for-stm32.13.3.rel1.win32_1.0.0.202411081344/tools/bin/../lib/gcc/arm-none-eabi/13.3.1/../../../../arm-none-eabi/lib/thumb/v7e-m+fp/hard\libc_nano.a(libc_a-exit.o)
                              D:/Program Files (x86)/New folder/STM32CubeIDE_1.18.1/STM32CubeIDE/plugins/com.st.stm32cube.ide.mcu.externaltools.gnu-tools-for-stm32.13.3.rel1.win32_1.0.0.202411081344/tools/bin/../lib/gcc/arm-none-eabi/13.3.1/../../../../arm-none-eabi/lib/thumb/v7e-m+fp/hard/crt0.o (exit)
D:/Program Files (x86)/New folder/STM32CubeIDE_1.18.1/STM32CubeIDE/plugins/com.st.stm32cube.ide.mcu.externaltools.gnu-tools-for-stm32.13.3.rel1.win32_1.0.0.202411081344/tools/bin/../lib/gcc/arm-none-eabi/13.3.1/../../../../arm-none-eabi/lib/thumb/v7e-m+fp/hard\libc_nano.a(libc_a-findfp.o)
                              D:/Program Files (x86)/New folder/STM32CubeIDE_1.18.1/STM32CubeIDE/plugins/com.st.stm32cube.ide.mcu.externaltools.gnu-tools-for-stm32.13.3.rel1.win32_1.0.0.202411081344/tools/bin/../lib/gcc/arm-none-eabi/13.3.1/../../../../arm-none-eabi/lib/thumb/v7e-m+fp/hard\libc_nano.a(libc_a-exit.o) (__stdio_exit_handler)
D:/Program Files (x86)/New folder/STM32CubeIDE_1.18.1/STM32CubeIDE/plugins/com.st.stm32cube.ide.mcu.externaltools.gnu-tools-for-stm32.13.3.rel1.win32_1.0.0.202411081344/tools/bin/../lib/gcc/arm-none-eabi/13.3.1/../../../../arm-none-eabi/lib/thumb/v7e-m+fp/hard\libc_nano.a(libc_a-fwalk.o)
                              D:/Program Files (x86)/New folder/STM32CubeIDE_1.18.1/STM32CubeIDE/plugins/com.st.stm32cube.ide.mcu.externaltools.gnu-tools-for-stm32.13.3.rel1.win32_1.0.0.202411081344/tools/bin/../lib/gcc/arm-none-eabi/13.3.1/../../../../arm-none-eabi/lib/thumb/v7e-m+fp/hard\libc_nano.a(libc_a-findfp.o) (_fwalk_sglue)
D:/Program Files (x86)/New folder/STM32CubeIDE_1.18.1/STM32CubeIDE/plugins/com.st.stm32cube.ide.mcu.externaltools.gnu-tools-for-stm32.13.3.rel1.win32_1.0.0.202411081344/tools/bin/../lib/gcc/arm-none-eabi/13.3.1/../../../../arm-none-eabi/lib/thumb/v7e-m+fp/hard\libc_nano.a(libc_a-snprintf.o)
                              ./Core/Src/ssd1306_tests.o (snprintf)
D:/Program Files (x86)/New folder/STM32CubeIDE_1.18.1/STM32CubeIDE/plugins/com.st.stm32cube.ide.mcu.externaltools.gnu-tools-for-stm32.13.3.rel1.win32_1.0.0.202411081344/tools/bin/../lib/gcc/arm-none-eabi/13.3.1/../../../../arm-none-eabi/lib/thumb/v7e-m+fp/hard\libc_nano.a(libc_a-stdio.o)
                              D:/Program Files (x86)/New folder/STM32CubeIDE_1.18.1/STM32CubeIDE/plugins/com.st.stm32cube.ide.mcu.externaltools.gnu-tools-for-stm32.13.3.rel1.win32_1.0.0.202411081344/tools/bin/../lib/gcc/arm-none-eabi/13.3.1/../../../../arm-none-eabi/lib/thumb/v7e-m+fp/hard\libc_nano.a(libc_a-findfp.o) (__sread)
D:/Program Files (x86)/New folder/STM32CubeIDE_1.18.1/STM32CubeIDE/plugins/com.st.stm32cube.ide.mcu.externaltools.gnu-tools-for-stm32.13.3.rel1.win32_1.0.0.202411081344/tools/bin/../lib/gcc/arm-none-eabi/13.3.1/../../../../arm-none-eabi/lib/thumb/v7e-m+fp/hard\libc_nano.a(libc_a-memmove.o)
                              ./Core/Src/ssd1306_tests.o (memmove)
D:/Program Files (x86)/New folder/STM32CubeIDE_1.18.1/STM32CubeIDE/plugins/com.st.stm32cube.ide.mcu.externaltools.gnu-tools-for-stm32.13.3.rel1.win32_1.0.0.202411081344/tools/bin/../lib/gcc/arm-none-eabi/13.3.1/../../../../arm-none-eabi/lib/thumb/v7e-m+fp/hard\libc_nano.a(libc_a-memset.o)
                              D:/Program Files (x86)/New folder/STM32CubeIDE_1.18.1/STM32CubeIDE/plugins/com.st.stm32cube.ide.mcu.externaltools.gnu-tools-for-stm32.13.3.rel1.win32_1.0.0.202411081344/tools/bin/../lib/gcc/arm-none-eabi/13.3.1/../../../../arm-none-eabi/lib/thumb/v7e-m+fp/hard/crt0.o (memset)
D:/Program Files (x86)/New folder/STM32CubeIDE_1.18.1/STM32CubeIDE/plugins/com.st.stm32cube.ide.mcu.externaltools.gnu-tools-for-stm32.13.3.rel1.win32_1.0.0.202411081344/tools/bin/../lib/gcc/arm-none-eabi/13.3.1/../../../../arm-none-eabi/lib/thumb/v7e-m+fp/hard\libc_nano.a(libc_a-closer.o)
                              D:/Program Files (x86)/New folder/STM32CubeIDE_1.18.1/STM32CubeIDE/plugins/com.st.stm32cube.ide.mcu.externaltools.gnu-tools-for-stm32.13.3.rel1.win32_1.0.0.202411081344/tools/bin/../lib/gcc/arm-none-eabi/13.3.1/../../../../arm-none-eabi/lib/thumb/v7e-m+fp/hard\libc_nano.a(libc_a-stdio.o) (_close_r)
D:/Program Files (x86)/New folder/STM32CubeIDE_1.18.1/STM32CubeIDE/plugins/com.st.stm32cube.ide.mcu.externaltools.gnu-tools-for-stm32.13.3.rel1.win32_1.0.0.202411081344/tools/bin/../lib/gcc/arm-none-eabi/13.3.1/../../../../arm-none-eabi/lib/thumb/v7e-m+fp/hard\libc_nano.a(libc_a-reent.o)
[...]
Memory Configuration

Name             Origin             Length             Attributes
RAM              0x20000000         0x00020000         xrw
FLASH            0x08000000         0x00080000         xr
*default*        0x00000000         0xffffffff

Linker script and memory map

LOAD D:/Program Files (x86)/New folder/STM32CubeIDE_1.18.1/STM32CubeIDE/plugins/com.st.stm32cube.ide.mcu.externaltools.gnu-tools-for-stm32.13.3.rel1.win32_1.0.0.202411081344/tools/bin/../lib/gcc/arm-none-eabi/13.3.1/thumb/v7e-m+fp/hard/crti.o
LOAD D:/Program Files (x86)/New folder/STM32CubeIDE_1.18.1/STM32CubeIDE/plugins/com.st.stm32cube.ide.mcu.externaltools.gnu-tools-for-stm32.13.3.rel1.win32_1.0.0.202411081344/tools/bin/../lib/gcc/arm-none-eabi/13.3.1/thumb/v7e-m+fp/hard/crtbegin.o
LOAD D:/Program Files (x86)/New folder/STM32CubeIDE_1.18.1/STM32CubeIDE/plugins/com.st.stm32cube.ide.mcu.externaltools.gnu-tools-for-stm32.13.3.rel1.win32_1.0.0.202411081344/tools/bin/../lib/gcc/arm-none-eabi/13.3.1/../../../../arm-none-eabi/lib/thumb/v7e-m+fp/hard/crt0.o
LOAD ./Core/Src/RC522.o
LOAD ./Core/Src/gpio.o
LOAD ./Core/Src/i2c.o
LOAD ./Core/Src/main.o
LOAD ./Core/Src/spi.o
LOAD ./Core/Src/ssd1306.o
LOAD ./Core/Src/ssd1306_fonts.o
LOAD ./Core/Src/ssd1306_tests.o
LOAD ./Core/Src/stm32f4xx_hal_msp.o
LOAD ./Core/Src/stm32f4xx_it.o
LOAD ./Core/Src/syscalls.o
LOAD ./Core/Src/sysmem.o
LOAD ./Core/Src/system_stm32f4xx.o
LOAD ./Core/Src/tim.o
LOAD ./Core/Src/usart.o
LOAD ./Core/Startup/startup_stm32f446retx.o
LOAD ./Drivers/STM32F4xx_HAL_Driver/Src/stm32f4xx_hal.o
LOAD ./Drivers/STM32F4xx_HAL_Driver/Src/stm32f4xx_hal_cortex.o
LOAD ./Drivers/STM32F4xx_HAL_Driver/Src/stm32f4xx_hal_dma.o
LOAD ./Drivers/STM32F4xx_HAL_Driver/Src/stm32f4xx_hal_dma_ex.o
LOAD ./Drivers/STM32F4xx_HAL_Driver/Src/stm32f4xx_hal_exti.o
LOAD ./Drivers/STM32F4xx_HAL_Driver/Src/stm32f4xx_hal_flash.o
LOAD ./Drivers/STM32F4xx_HAL_Driver/Src/stm32f4xx_hal_flash_ex.o
LOAD ./Drivers/STM32F4xx_HAL_Driver/Src/stm32f4xx_hal_flash_ramfunc.o
LOAD ./Drivers/STM32F4xx_HAL_Driver/Src/stm32f4xx_hal_gpio.o
LOAD ./Drivers/STM32F4xx_HAL_Driver/Src/stm32f4xx_hal_i2c.o
LOAD ./Drivers/STM32F4xx_HAL_Driver/Src/stm32f4xx_hal_i2c_ex.o
LOAD ./Drivers/STM32F4xx_HAL_Driver/Src/stm32f4xx_hal_pwr.o
LOAD ./Drivers/STM32F4xx_HAL_Driver/Src/stm32f4xx_hal_pwr_ex.o
LOAD ./Drivers/STM32F4xx_HAL_Driver/Src/stm32f4xx_hal_rcc.o
LOAD ./Drivers/STM32F4xx_HAL_Driver/Src/stm32f4xx_hal_rcc_ex.o
LOAD ./Drivers/STM32F4xx_HAL_Driver/Src/stm32f4xx_hal_spi.o
LOAD ./Drivers/STM32F4xx_HAL_Driver/Src/stm32f4xx_hal_tim.o
LOAD ./Drivers/STM32F4xx_HAL_Driver/Src/stm32f4xx_hal_tim_ex.o
LOAD ./Drivers/STM32F4xx_HAL_Driver/Src/stm32f4xx_hal_uart.o
START GROUP
LOAD D:/Program Files (x86)/New folder/STM32CubeIDE_1.18.1/STM32CubeIDE/plugins/com.st.stm32cube.ide.mcu.externaltools.gnu-tools-for-stm32.13.3.rel1.win32_1.0.0.202411081344/tools/bin/../lib/gcc/arm-none-eabi/13.3.1/../../../../arm-none-eabi/lib/thumb/v7e-m+fp/hard\libc_nano.a
LOAD D:/Program Files (x86)/New folder/STM32CubeIDE_1.18.1/STM32CubeIDE/plugins/com.st.stm32cube.ide.mcu.externaltools.gnu-tools-for-stm32.13.3.rel1.win32_1.0.0.202411081344/tools/bin/../lib/gcc/arm-none-eabi/13.3.1/../../../../arm-none-eabi/lib/thumb/v7e-m+fp/hard\libm.a
END GROUP
START GROUP
LOAD D:/Program Files (x86)/New folder/STM32CubeIDE_1.18.1/STM32CubeIDE/plugins/com.st.stm32cube.ide.mcu.externaltools.gnu-tools-for-stm32.13.3.rel1.win32_1.0.0.202411081344/tools/bin/../lib/gcc/arm-none-eabi/13.3.1/thumb/v7e-m+fp/hard\libgcc.a
LOAD D:/Program Files (x86)/New folder/STM32CubeIDE_1.18.1/STM32CubeIDE/plugins/com.st.stm32cube.ide.mcu.externaltools.gnu-tools-for-stm32.13.3.rel1.win32_1.0.0.202411081344/tools/bin/../lib/gcc/arm-none-eabi/13.3.1/../../../../arm-none-eabi/lib/thumb/v7e-m+fp/hard\libc_nano.a
END GROUP
START GROUP
LOAD D:/Program Files (x86)/New folder/STM32CubeIDE_1.18.1/STM32CubeIDE/plugins/com.st.stm32cube.ide.mcu.externaltools.gnu-tools-for-stm32.13.3.rel1.win32_1.0.0.202411081344/tools/bin/../lib/gcc/arm-none-eabi/13.3.1/thumb/v7e-m+fp/hard\libgcc.a
LOAD D:/Program Files (x86)/New folder/STM32CubeIDE_1.18.1/STM32CubeIDE/plugins/com.st.stm32cube.ide.mcu.externaltools.gnu-tools-for-stm32.13.3.rel1.win32_1.0.0.202411081344/tools/bin/../lib/gcc/arm-none-eabi/13.3.1/../../../../arm-none-eabi/lib/thumb/v7e-m+fp/hard\libc_nano.a
LOAD D:/Program Files (x86)/New folder/STM32CubeIDE_1.18.1/STM32CubeIDE/plugins/com.st.stm32cube.ide.mcu.externaltools.gnu-tools-for-stm32.13.3.rel1.win32_1.0.0.202411081344/tools/bin/../lib/gcc/arm-none-eabi/13.3.1/../../../../arm-none-eabi/lib/thumb/v7e-m+fp/hard\libnosys.a
END GROUP
START GROUP
LOAD D:/Program Files (x86)/New folder/STM32CubeIDE_1.18.1/STM32CubeIDE/plugins/com.st.stm32cube.ide.mcu.externaltools.gnu-tools-for-stm32.13.3.rel1.win32_1.0.0.202411081344/tools/bin/../lib/gcc/arm-none-eabi/13.3.1/thumb/v7e-m+fp/hard\libgcc.a
LOAD D:/Program Files (x86)/New folder/STM32CubeIDE_1.18.1/STM32CubeIDE/plugins/com.st.stm32cube.ide.mcu.externaltools.gnu-tools-for-stm32.13.3.rel1.win32_1.0.0.202411081344/tools/bin/../lib/gcc/arm-none-eabi/13.3.1/../../../../arm-none-eabi/lib/thumb/v7e-m+fp/hard\libc_nano.a
LOAD D:/Program Files (x86)/New folder/STM32CubeIDE_1.18.1/STM32CubeIDE/plugins/com.st.stm32cube.ide.mcu.externaltools.gnu-tools-for-stm32.13.3.rel1.win32_1.0.0.202411081344/tools/bin/../lib/gcc/arm-none-eabi/13.3.1/../../../../arm-none-eabi/lib/thumb/v7e-m+fp/hard\libnosys.a
END GROUP
LOAD D:/Program Files (x86)/New folder/STM32CubeIDE_1.18.1/STM32CubeIDE/plugins/com.st.stm32cube.ide.mcu.externaltools.gnu-tools-for-stm32.13.3.rel1.win32_1.0.0.202411081344/tools/bin/../lib/gcc/arm-none-eabi/13.3.1/thumb/v7e-m+fp/hard/crtend.o
LOAD D:/Program Files (x86)/New folder/STM32CubeIDE_1.18.1/STM32CubeIDE/plugins/com.st.stm32cube.ide.mcu.externaltools.gnu-tools-for-stm32.13.3.rel1.win32_1.0.0.202411081344/tools/bin/../lib/gcc/arm-none-eabi/13.3.1/thumb/v7e-m+fp/hard/crtn.o
                0x20020000                        _estack = (ORIGIN (RAM) + LENGTH (RAM))
                0x00000200                        _Min_Heap_Size = 0x200
                0x00000400                        _Min_Stack_Size = 0x400

.isr_vector     0x08000000      0x1c4
                0x08000000                        . = ALIGN (0x4)
 *(.isr_vector)
 .isr_vector    0x08000000      0x1c4 ./Core/Startup/startup_stm32f446retx.o
                0x08000000                g_pfnVectors
                0x080001c4                        . = ALIGN (0x4)

.text           0x080001c8     0x60f0
                0x080001c8                        . = ALIGN (0x4)
 *(.text)
 .text          0x080001c8       0x40 D:/Program Files (x86)/New folder/STM32CubeIDE_1.18.1/STM32CubeIDE/plugins/com.st.stm32cube.ide.mcu.externaltools.gnu-tools-for-stm32.13.3.rel1.win32_1.0.0.202411081344/tools/bin/../lib/gcc/arm-none-eabi/13.3.1/thumb/v7e-m+fp/hard/crtbegin.o
 .text          0x08000208      0x378 D:/Program Files (x86)/New folder/STM32CubeIDE_1.18.1/STM32CubeIDE/plugins/com.st.stm32cube.ide.mcu.externaltools.gnu-tools-for-stm32.13.3.rel1.win32_1.0.0.202411081344/tools/bin/../lib/gcc/arm-none-eabi/13.3.1/thumb/v7e-m+fp/hard\libgcc.a(_arm_addsubdf3.o)
                0x08000208                __aeabi_drsub
                0x08000210                __aeabi_dsub
                0x08000210                __subdf3
                0x08000214                __aeabi_dadd
                0x08000214                __adddf3
                0x0800048c                __floatunsidf
                0x0800048c                __aeabi_ui2d
                0x080004ac                __floatsidf
                0x080004ac                __aeabi_i2d
                0x080004d0                __aeabi_f2d
                0x080004d0                __extendsfdf2
                0x08000514                __floatundidf
                0x08000514                __aeabi_ul2d
                0x08000524                __floatdidf
                0x08000524                __aeabi_l2d
 .text          0x08000580      0x424 D:/Program Files (x86)/New folder/STM32CubeIDE_1.18.1/STM32CubeIDE/plugins/com.st.stm32cube.ide.mcu.externaltools.gnu-tools-for-stm32.13.3.rel1.win32_1.0.0.202411081344/tools/bin/../lib/gcc/arm-none-eabi/13.3.1/thumb/v7e-m+fp/hard\libgcc.a(_arm_muldivdf3.o)
                0x08000580                __aeabi_dmul
                0x08000580                __muldf3
                0x080007d4                __divdf3
                0x080007d4                __aeabi_ddiv
 .text          0x080009a4       0x40 D:/Program Files (x86)/New folder/STM32CubeIDE_1.18.1/STM32CubeIDE/plugins/com.st.stm32cube.ide.mcu.externaltools.gnu-tools-for-stm32.13.3.rel1.win32_1.0.0.202411081344/tools/bin/../lib/gcc/arm-none-eabi/13.3.1/thumb/v7e-m+fp/hard\libgcc.a(_arm_fixunsdfsi.o)
                0x080009a4                __aeabi_d2uiz
                0x080009a4                __fixunsdfsi
 .text          0x080009e4       0x30 D:/Program Files (x86)/New folder/STM32CubeIDE_1.18.1/STM32CubeIDE/plugins/com.st.stm32cube.ide.mcu.externaltools.gnu-tools-for-stm32.13.3.rel1.win32_1.0.0.202411081344/tools/bin/../lib/gcc/arm-none-eabi/13.3.1/thumb/v7e-m+fp/hard\libgcc.a(_aeabi_uldivmod.o)
                0x080009e4                __aeabi_uldivmod
 .text          0x08000a14      0x2f8 D:/Program Files (x86)/New folder/STM32CubeIDE_1.18.1/STM32CubeIDE/plugins/com.st.stm32cube.ide.mcu.externaltools.gnu-tools-for-stm32.13.3.rel1.win32_1.0.0.202411081344/tools/bin/../lib/gcc/arm-none-eabi/13.3.1/thumb/v7e-m+fp/hard\libgcc.a(_udivmoddi4.o)
                0x08000a14                __udivmoddi4
 .text          0x08000d0c        0x4 D:/Program Files (x86)/New folder/STM32CubeIDE_1.18.1/STM32CubeIDE/plugins/com.st.stm32cube.ide.mcu.externaltools.gnu-tools-for-stm32.13.3.rel1.win32_1.0.0.202411081344/tools/bin/../lib/gcc/arm-none-eabi/13.3.1/thumb/v7e-m+fp/hard\libgcc.a(_dvmd_tls.o)
                0x08000d0c                __aeabi_idiv0
                0x08000d0c                __aeabi_ldiv0
 *(.text*)
 .text.RC522_SPI_Transfer
                0x08000d10       0x2c ./Core/Src/RC522.o
                0x08000d10                RC522_SPI_Transfer
 .text.Write_MFRC522
                0x08000d3c       0x50 ./Core/Src/RC522.o
                0x08000d3c                Write_MFRC522
 .text.Read_MFRC522
                0x08000d8c       0x58 ./Core/Src/RC522.o
                0x08000d8c                Read_MFRC522
 .text.SetBitMask
                0x08000de4       0x36 ./Core/Src/RC522.o
                0x08000de4                SetBitMask
 .text.ClearBitMask
                0x08000e1a       0x40 ./Core/Src/RC522.o
                0x08000e1a                ClearBitMask
 .text.AntennaOn
                0x08000e5a       0x16 ./Core/Src/RC522.o
                0x08000e5a                AntennaOn
 .text.MFRC522_Reset
                0x08000e70       0x10 ./Core/Src/RC522.o
                0x08000e70                MFRC522_Reset
 .text.MFRC522_Init
                0x08000e80       0x60 ./Core/Src/RC522.o
                0x08000e80                MFRC522_Init
 .text.MFRC522_ToCard
                0x08000ee0      0x192 ./Core/Src/RC522.o
                0x08000ee0                MFRC522_ToCard
 .text.MFRC522_Request
                0x08001072       0x4a ./Core/Src/RC522.o
                0x08001072                MFRC522_Request
 .text.MFRC522_Anticoll
                0x080010bc       0x7a ./Core/Src/RC522.o
                0x080010bc                MFRC522_Anticoll
 *fill*         0x08001136        0x2 
 .text.MX_GPIO_Init
                0x08001138      0x118 ./Core/Src/gpio.o
                0x08001138                MX_GPIO_Init
 .text.MX_I2C1_Init
                0x08001250       0x5c ./Core/Src/i2c.o
                0x08001250                MX_I2C1_Init
 .text.HAL_I2C_MspInit
                0x080012ac       0x90 ./Core/Src/i2c.o
                0x080012ac                HAL_I2C_MspInit
 *fill*         0x0800133c        0x4 
 .text.HAL_TIM_IC_CaptureCallback
                0x08001340      0x3a0 ./Core/Src/main.o
                0x08001340                HAL_TIM_IC_CaptureCallback
 .text.HCSR04_Read
                0x080016e0       0x40 ./Core/Src/main.o
                0x080016e0                HCSR04_Read
 .text.HCSR04_Read2
                0x08001720       0x3c ./Core/Src/main.o
                0x08001720                HCSR04_Read2
 .text.HCSR04_Read3
                0x0800175c       0x3c ./Core/Src/main.o
                0x0800175c                HCSR04_Read3
 .text.playTone
                0x08001798       0x60 ./Core/Src/main.o
                0x08001798                playTone
 .text.main     0x080017f8      0x244 ./Core/Src/main.o
                0x080017f8                main
 .text.SystemClock_Config
                0x08001a3c       0xdc ./Core/Src/main.o
                0x08001a3c                SystemClock_Config
 .text.Error_Handler
                0x08001b18        0xc ./Core/Src/main.o
                0x08001b18                Error_Handler
 .text.MX_SPI1_Init
                0x08001b24       0x6c ./Core/Src/spi.o
                0x08001b24                MX_SPI1_Init
 .text.HAL_SPI_MspInit
                0x08001b90       0xd0 ./Core/Src/spi.o
                0x08001b90                HAL_SPI_MspInit
 .text.ssd1306_Reset
                0x08001c60        0xe ./Core/Src/ssd1306.o
                0x08001c60                ssd1306_Reset
 *fill*         0x08001c6e        0x2 
 .text.ssd1306_WriteCommand
                0x08001c70       0x30 ./Core/Src/ssd1306.o
                0x08001c70                ssd1306_WriteCommand
 .text.ssd1306_WriteData
                0x08001ca0       0x34 ./Core/Src/ssd1306.o
                0x08001ca0                ssd1306_WriteData
 .text.ssd1306_Init
                0x08001cd4       0xd4 ./Core/Src/ssd1306.o
                0x08001cd4                ssd1306_Init
 .text.ssd1306_Fill
                0x08001da8       0x30 ./Core/Src/ssd1306.o
                0x08001da8                ssd1306_Fill
 .text.ssd1306_UpdateScreen
                0x08001dd8       0x50 ./Core/Src/ssd1306.o
                0x08001dd8                ssd1306_UpdateScreen
 .text.ssd1306_DrawPixel
                0x08001e28       0xa8 ./Core/Src/ssd1306.o
                0x08001e28                ssd1306_DrawPixel
 .text.ssd1306_WriteChar
                0x08001ed0      0x124 ./Core/Src/ssd1306.o
                0x08001ed0                ssd1306_WriteChar
 .text.ssd1306_WriteString
                0x08001ff4       0x4c ./Core/Src/ssd1306.o
                0x08001ff4                ssd1306_WriteString
 .text.ssd1306_SetCursor
                0x08002040       0x30 ./Core/Src/ssd1306.o
                0x08002040                ssd1306_SetCursor
 .text.ssd1306_SetContrast
                0x08002070       0x26 ./Core/Src/ssd1306.o
                0x08002070                ssd1306_SetContrast
 *fill*         0x08002096        0x2 
 .text.ssd1306_SetDisplayOn
                0x08002098       0x3c ./Core/Src/ssd1306.o
                0x08002098                ssd1306_SetDisplayOn
 .text.HAL_MspInit
                0x080020d4       0x50 ./Core/Src/stm32f4xx_hal_msp.o
                0x080020d4                HAL_MspInit
 .text.NMI_Handler
                0x08002124        0x8 ./Core/Src/stm32f4xx_it.o
                0x08002124                NMI_Handler
 .text.HardFault_Handler
                0x0800212c        0x8 ./Core/Src/stm32f4xx_it.o
                0x0800212c                HardFault_Handler
 .text.MemManage_Handler
                0x08002134        0x8 ./Core/Src/stm32f4xx_it.o
                0x08002134                MemManage_Handler
 .text.BusFault_Handler
                0x0800213c        0x8 ./Core/Src/stm32f4xx_it.o
                0x0800213c                BusFault_Handler
 .text.UsageFault_Handler
                0x08002144        0x8 ./Core/Src/stm32f4xx_it.o
                0x08002144                UsageFault_Handler
 .text.SVC_Handler
                0x0800214c        0xe ./Core/Src/stm32f4xx_it.o
                0x0800214c                SVC_Handler
 .text.DebugMon_Handler
                0x0800215a        0xe ./Core/Src/stm32f4xx_it.o
                0x0800215a                DebugMon_Handler
 .text.PendSV_Handler
                0x08002168        0xe ./Core/Src/stm32f4xx_it.o
                0x08002168                PendSV_Handler
 .text.SysTick_Handler
                0x08002176        0xc ./Core/Src/stm32f4xx_it.o
                0x08002176                SysTick_Handler
 *fill*         0x08002182        0x2 
 .text.TIM1_CC_IRQHandler
                0x08002184       0x14 ./Core/Src/stm32f4xx_it.o
                0x08002184                TIM1_CC_IRQHandler
 .text.SystemInit
                0x08002198       0x24 ./Core/Src/system_stm32f4xx.o
                0x08002198                SystemInit
 .text.MX_TIM1_Init
                0x080021bc       0xd8 ./Core/Src/tim.o
                0x080021bc                MX_TIM1_Init
 .text.MX_TIM3_Init
                0x08002294       0xb4 ./Core/Src/tim.o
                0x08002294                MX_TIM3_Init
 .text.MX_TIM6_Init
                0x08002348       0x6c ./Core/Src/tim.o
                0x08002348                MX_TIM6_Init
 .text.HAL_TIM_IC_MspInit
                0x080023b4       0xa0 ./Core/Src/tim.o
                0x080023b4                HAL_TIM_IC_MspInit
 .text.HAL_TIM_PWM_MspInit
                0x08002454       0x44 ./Core/Src/tim.o
                0x08002454                HAL_TIM_PWM_MspInit
 .text.HAL_TIM_Base_MspInit
                0x08002498       0x44 ./Core/Src/tim.o
                0x08002498                HAL_TIM_Base_MspInit
 .text.HAL_TIM_MspPostInit
                0x080024dc       0x74 ./Core/Src/tim.o
                0x080024dc                HAL_TIM_MspPostInit
 .text.MX_USART2_UART_Init
                0x08002550       0x54 ./Core/Src/usart.o
                0x08002550                MX_USART2_UART_Init
 .text.HAL_UART_MspInit
                0x080025a4       0x90 ./Core/Src/usart.o
                0x080025a4                HAL_UART_MspInit
 .text.Reset_Handler
                0x08002634       0x50 ./Core/Startup/startup_stm32f446retx.o
                0x08002634                Reset_Handler
 .text.Default_Handler
                0x08002684        0x2 ./Core/Startup/startup_stm32f446retx.o
                0x08002684                RTC_Alarm_IRQHandler
                0x08002684                EXTI2_IRQHandler
                0x08002684                TIM8_CC_IRQHandler
                0x08002684                FMPI2C1_EV_IRQHandler
                0x08002684                SPI4_IRQHandler
                0x08002684                DMA2_Stream5_IRQHandler
                0x08002684                DMA1_Stream5_IRQHandler
                0x08002684                PVD_IRQHandler
                0x08002684                SDIO_IRQHandler
                0x08002684                TAMP_STAMP_IRQHandler
                0x08002684                CAN2_RX1_IRQHandler
                0x08002684                EXTI3_IRQHandler
                0x08002684                TIM8_TRG_COM_TIM14_IRQHandler
                0x08002684                TIM1_UP_TIM10_IRQHandler
                0x08002684                TIM8_UP_TIM13_IRQHandler
                0x08002684                I2C3_ER_IRQHandler
                0x08002684                EXTI0_IRQHandler
                0x08002684                I2C2_EV_IRQHandler
                0x08002684                DMA1_Stream2_IRQHandler
                0x08002684                CAN1_RX0_IRQHandler
                0x08002684                FPU_IRQHandler
                0x08002684                OTG_HS_WKUP_IRQHandler
                0x08002684                CAN2_SCE_IRQHandler
                0x08002684                DMA2_Stream2_IRQHandler
                0x08002684                SPI1_IRQHandler
                0x08002684                TIM6_DAC_IRQHandler
                0x08002684                TIM1_BRK_TIM9_IRQHandler
                0x08002684                DCMI_IRQHandler
                0x08002684                CAN2_RX0_IRQHandler
                0x08002684                DMA2_Stream3_IRQHandler
                0x08002684                SAI2_IRQHandler
                0x08002684                USART6_IRQHandler
                0x08002684                USART3_IRQHandler
                0x08002684                CAN1_RX1_IRQHandler
                0x08002684                UART5_IRQHandler
                0x08002684                DMA2_Stream0_IRQHandler
                0x08002684                TIM4_IRQHandler
                0x08002684                QUADSPI_IRQHandler
                0x08002684                I2C1_EV_IRQHandler
                0x08002684                DMA1_Stream6_IRQHandler
                0x08002684                DMA1_Stream1_IRQHandler
                0x08002684                UART4_IRQHandler
                0x08002684                TIM3_IRQHandler
                0x08002684                RCC_IRQHandler
                0x08002684                TIM8_BRK_TIM12_IRQHandler
                0x08002684                Default_Handler
                0x08002684                CEC_IRQHandler
                0x08002684                EXTI15_10_IRQHandler
                0x08002684                ADC_IRQHandler
                0x08002684                DMA1_Stream7_IRQHandler
                0x08002684                TIM7_IRQHandler
                0x08002684                CAN2_TX_IRQHandler
                0x08002684                TIM5_IRQHandler
                0x08002684                DMA2_Stream7_IRQHandler
                0x08002684                I2C3_EV_IRQHandler
                0x08002684                EXTI9_5_IRQHandler
                0x08002684                RTC_WKUP_IRQHandler
                0x08002684                SPDIF_RX_IRQHandler
                0x08002684                SPI2_IRQHandler
                0x08002684                OTG_HS_EP1_IN_IRQHandler
                0x08002684                DMA1_Stream0_IRQHandler
                0x08002684                CAN1_TX_IRQHandler
                0x08002684                FMPI2C1_ER_IRQHandler
                0x08002684                EXTI4_IRQHandler
                0x08002684                OTG_HS_EP1_OUT_IRQHandler
                0x08002684                WWDG_IRQHandler
                0x08002684                TIM2_IRQHandler
                0x08002684                OTG_FS_WKUP_IRQHandler
                0x08002684                TIM1_TRG_COM_TIM11_IRQHandler
                0x08002684                OTG_HS_IRQHandler
                0x08002684                EXTI1_IRQHandler
                0x08002684                USART2_IRQHandler
                0x08002684                I2C2_ER_IRQHandler
                0x08002684                DMA2_Stream1_IRQHandler
                0x08002684                CAN1_SCE_IRQHandler
                0x08002684                FLASH_IRQHandler
                0x08002684                DMA2_Stream4_IRQHandler
                0x08002684                USART1_IRQHandler
                0x08002684                OTG_FS_IRQHandler
                0x08002684                SPI3_IRQHandler
                0x08002684                DMA1_Stream4_IRQHandler
                0x08002684                I2C1_ER_IRQHandler
                0x08002684                FMC_IRQHandler
                0x08002684                DMA2_Stream6_IRQHandler
                0x08002684                SAI1_IRQHandler
                0x08002684                DMA1_Stream3_IRQHandler
 *fill*         0x08002686        0x2 
 .text.HAL_Init
                0x08002688       0x44 ./Drivers/STM32F4xx_HAL_Driver/Src/stm32f4xx_hal.o
                0x08002688                HAL_Init
 .text.HAL_InitTick
                0x080026cc       0x60 ./Drivers/STM32F4xx_HAL_Driver/Src/stm32f4xx_hal.o
                0x080026cc                HAL_InitTick
 .text.HAL_IncTick
                0x0800272c       0x28 ./Drivers/STM32F4xx_HAL_Driver/Src/stm32f4xx_hal.o
                0x0800272c                HAL_IncTick
 .text.HAL_GetTick
                0x08002754       0x18 ./Drivers/STM32F4xx_HAL_Driver/Src/stm32f4xx_hal.o
                0x08002754                HAL_GetTick
 .text.HAL_Delay
                0x0800276c       0x48 ./Drivers/STM32F4xx_HAL_Driver/Src/stm32f4xx_hal.o
                0x0800276c                HAL_Delay
 .text.__NVIC_SetPriorityGrouping
                0x080027b4       0x48 ./Drivers/STM32F4xx_HAL_Driver/Src/stm32f4xx_hal_cortex.o
 .text.__NVIC_GetPriorityGrouping
                0x080027fc       0x1c ./Drivers/STM32F4xx_HAL_Driver/Src/stm32f4xx_hal_cortex.o
 .text.__NVIC_EnableIRQ
                0x08002818       0x3c ./Drivers/STM32F4xx_HAL_Driver/Src/stm32f4xx_hal_cortex.o
 .text.__NVIC_SetPriority
                0x08002854       0x54 ./Drivers/STM32F4xx_HAL_Driver/Src/stm32f4xx_hal_cortex.o
 .text.NVIC_EncodePriority
                0x080028a8       0x66 ./Drivers/STM32F4xx_HAL_Driver/Src/stm32f4xx_hal_cortex.o
 *fill*         0x0800290e        0x2 
 .text.SysTick_Config
                0x08002910       0x44 ./Drivers/STM32F4xx_HAL_Driver/Src/stm32f4xx_hal_cortex.o
 .text.HAL_NVIC_SetPriorityGrouping
                0x08002954       0x16 ./Drivers/STM32F4xx_HAL_Driver/Src/stm32f4xx_hal_cortex.o
                0x08002954                HAL_NVIC_SetPriorityGrouping
 .text.HAL_NVIC_SetPriority
                0x0800296a       0x38 ./Drivers/STM32F4xx_HAL_Driver/Src/stm32f4xx_hal_cortex.o
                0x0800296a                HAL_NVIC_SetPriority
 .text.HAL_NVIC_EnableIRQ
                0x080029a2       0x1c ./Drivers/STM32F4xx_HAL_Driver/Src/stm32f4xx_hal_cortex.o
                0x080029a2                HAL_NVIC_EnableIRQ
 .text.HAL_SYSTICK_Config
                0x080029be       0x18 ./Drivers/STM32F4xx_HAL_Driver/Src/stm32f4xx_hal_cortex.o
                0x080029be                HAL_SYSTICK_Config
 *fill*         0x080029d6        0x2 
 .text.HAL_GPIO_Init
                0x080029d8      0x328 ./Drivers/STM32F4xx_HAL_Driver/Src/stm32f4xx_hal_gpio.o
                0x080029d8                HAL_GPIO_Init
 .text.HAL_GPIO_WritePin
                0x08002d00       0x32 ./Drivers/STM32F4xx_HAL_Driver/Src/stm32f4xx_hal_gpio.o
                0x08002d00                HAL_GPIO_WritePin
 *fill*         0x08002d32        0x2 
 .text.HAL_I2C_Init
                0x08002d34      0x288 ./Drivers/STM32F4xx_HAL_Driver/Src/stm32f4xx_hal_i2c.o
                0x08002d34                HAL_I2C_Init
 .text.HAL_I2C_Mem_Write
                0x08002fbc      0x1f4 ./Drivers/STM32F4xx_HAL_Driver/Src/stm32f4xx_hal_i2c.o
                0x08002fbc                HAL_I2C_Mem_Write
 .text.I2C_RequestMemoryWrite
                0x080031b0      0x12c ./Drivers/STM32F4xx_HAL_Driver/Src/stm32f4xx_hal_i2c.o
 .text.I2C_WaitOnFlagUntilTimeout
                0x080032dc       0xf4 ./Drivers/STM32F4xx_HAL_Driver/Src/stm32f4xx_hal_i2c.o
 .text.I2C_WaitOnMasterAddressFlagUntilTimeout
                0x080033d0      0x140 ./Drivers/STM32F4xx_HAL_Driver/Src/stm32f4xx_hal_i2c.o
 .text.I2C_WaitOnTXEFlagUntilTimeout
                0x08003510       0x90 ./Drivers/STM32F4xx_HAL_Driver/Src/stm32f4xx_hal_i2c.o
 .text.I2C_WaitOnBTFFlagUntilTimeout
                0x080035a0       0x90 ./Drivers/STM32F4xx_HAL_Driver/Src/stm32f4xx_hal_i2c.o
 .text.I2C_IsAcknowledgeFailed
                0x08003630       0x5e ./Drivers/STM32F4xx_HAL_Driver/Src/stm32f4xx_hal_i2c.o
 *fill*         0x0800368e        0x2 
 .text.HAL_RCC_ClockConfig
                0x08003690      0x1cc ./Drivers/STM32F4xx_HAL_Driver/Src/stm32f4xx_hal_rcc.o
                0x08003690                HAL_RCC_ClockConfig
 .text.HAL_RCC_GetHCLKFreq
                0x0800385c       0x18 ./Drivers/STM32F4xx_HAL_Driver/Src/stm32f4xx_hal_rcc.o
                0x0800385c                HAL_RCC_GetHCLKFreq
 .text.HAL_RCC_GetPCLK1Freq
                0x08003874       0x28 ./Drivers/STM32F4xx_HAL_Driver/Src/stm32f4xx_hal_rcc.o
                0x08003874                HAL_RCC_GetPCLK1Freq
 .text.HAL_RCC_GetPCLK2Freq
                0x0800389c       0x28 ./Drivers/STM32F4xx_HAL_Driver/Src/stm32f4xx_hal_rcc.o
                0x0800389c                HAL_RCC_GetPCLK2Freq
 .text.HAL_RCC_GetSysClockFreq
                0x080038c4      0x354 ./Drivers/STM32F4xx_HAL_Driver/Src/stm32f4xx_hal_rcc_ex.o
                0x080038c4                HAL_RCC_GetSysClockFreq
 .text.HAL_RCC_OscConfig
                0x08003c18      0x53c ./Drivers/STM32F4xx_HAL_Driver/Src/stm32f4xx_hal_rcc_ex.o
                0x08003c18                HAL_RCC_OscConfig
 .text.HAL_SPI_Init
                0x08004154      0x112 ./Drivers/STM32F4xx_HAL_Driver/Src/stm32f4xx_hal_spi.o
                0x08004154                HAL_SPI_Init
 .text.HAL_SPI_TransmitReceive
                0x08004266      0x352 ./Drivers/STM32F4xx_HAL_Driver/Src/stm32f4xx_hal_spi.o
                0x08004266                HAL_SPI_TransmitReceive
 .text.SPI_WaitFlagStateUntilTimeout
                0x080045b8      0x110 ./Drivers/STM32F4xx_HAL_Driver/Src/stm32f4xx_hal_spi.o
 .text.SPI_EndRxTxTransaction
                0x080046c8       0xa8 ./Drivers/STM32F4xx_HAL_Driver/Src/stm32f4xx_hal_spi.o
 .text.HAL_TIM_Base_Init
                0x08004770       0x9e ./Drivers/STM32F4xx_HAL_Driver/Src/stm32f4xx_hal_tim.o
                0x08004770                HAL_TIM_Base_Init
 *fill*         0x0800480e        0x2 
 .text.HAL_TIM_Base_Start
                0x08004810       0xd0 ./Drivers/STM32F4xx_HAL_Driver/Src/stm32f4xx_hal_tim.o
                0x08004810                HAL_TIM_Base_Start
 .text.HAL_TIM_PWM_Init
                0x080048e0       0x9e ./Drivers/STM32F4xx_HAL_Driver/Src/stm32f4xx_hal_tim.o
                0x080048e0                HAL_TIM_PWM_Init
 *fill*         0x0800497e        0x2 
 .text.HAL_TIM_PWM_Start
                0x08004980      0x190 ./Drivers/STM32F4xx_HAL_Driver/Src/stm32f4xx_hal_tim.o
                0x08004980                HAL_TIM_PWM_Start
 .text.HAL_TIM_PWM_Stop
                0x08004b10       0xe0 ./Drivers/STM32F4xx_HAL_Driver/Src/stm32f4xx_hal_tim.o
                0x08004b10                HAL_TIM_PWM_Stop
 .text.HAL_TIM_IC_Init
                0x08004bf0       0x9e ./Drivers/STM32F4xx_HAL_Driver/Src/stm32f4xx_hal_tim.o
                0x08004bf0                HAL_TIM_IC_Init
 *fill*         0x08004c8e        0x2 
 .text.HAL_TIM_IC_Start_IT
                0x08004c90      0x250 ./Drivers/STM32F4xx_HAL_Driver/Src/stm32f4xx_hal_tim.o
                0x08004c90                HAL_TIM_IC_Start_IT
 .text.HAL_TIM_IRQHandler
                0x08004ee0      0x1e0 ./Drivers/STM32F4xx_HAL_Driver/Src/stm32f4xx_hal_tim.o
                0x08004ee0                HAL_TIM_IRQHandler
 .text.HAL_TIM_IC_ConfigChannel
                0x080050c0      0x138 ./Drivers/STM32F4xx_HAL_Driver/Src/stm32f4xx_hal_tim.o
                0x080050c0                HAL_TIM_IC_ConfigChannel
 .text.HAL_TIM_PWM_ConfigChannel
                0x080051f8      0x184 ./Drivers/STM32F4xx_HAL_Driver/Src/stm32f4xx_hal_tim.o
                0x080051f8                HAL_TIM_PWM_ConfigChannel
 .text.HAL_TIM_ReadCapturedValue
                0x0800537c       0x88 ./Drivers/STM32F4xx_HAL_Driver/Src/stm32f4xx_hal_tim.o
                0x0800537c                HAL_TIM_ReadCapturedValue
 .text.HAL_TIM_PeriodElapsedCallback
                0x08005404       0x14 ./Drivers/STM32F4xx_HAL_Driver/Src/stm32f4xx_hal_tim.o
                0x08005404                HAL_TIM_PeriodElapsedCallback
 .text.HAL_TIM_OC_DelayElapsedCallback
                0x08005418       0x14 ./Drivers/STM32F4xx_HAL_Driver/Src/stm32f4xx_hal_tim.o
                0x08005418                HAL_TIM_OC_DelayElapsedCallback
 .text.HAL_TIM_PWM_PulseFinishedCallback
                0x0800542c       0x14 ./Drivers/STM32F4xx_HAL_Driver/Src/stm32f4xx_hal_tim.o
                0x0800542c                HAL_TIM_PWM_PulseFinishedCallback
 .text.HAL_TIM_TriggerCallback
                0x08005440       0x14 ./Drivers/STM32F4xx_HAL_Driver/Src/stm32f4xx_hal_tim.o
                0x08005440                HAL_TIM_TriggerCallback
 .text.TIM_Base_SetConfig
                0x08005454      0x14c ./Drivers/STM32F4xx_HAL_Driver/Src/stm32f4xx_hal_tim.o
                0x08005454                TIM_Base_SetConfig
 .text.TIM_OC1_SetConfig
                0x080055a0       0xe0 ./Drivers/STM32F4xx_HAL_Driver/Src/stm32f4xx_hal_tim.o
 .text.TIM_OC2_SetConfig
                0x08005680       0xec ./Drivers/STM32F4xx_HAL_Driver/Src/stm32f4xx_hal_tim.o
                0x08005680                TIM_OC2_SetConfig
 .text.TIM_OC3_SetConfig
                0x0800576c       0xe8 ./Drivers/STM32F4xx_HAL_Driver/Src/stm32f4xx_hal_tim.o
 .text.TIM_OC4_SetConfig
                0x08005854       0xac ./Drivers/STM32F4xx_HAL_Driver/Src/stm32f4xx_hal_tim.o
 .text.TIM_TI1_SetConfig
                0x08005900       0xe8 ./Drivers/STM32F4xx_HAL_Driver/Src/stm32f4xx_hal_tim.o
                0x08005900                TIM_TI1_SetConfig
 .text.TIM_TI2_SetConfig
                0x080059e8       0x7a ./Drivers/STM32F4xx_HAL_Driver/Src/stm32f4xx_hal_tim.o
 .text.TIM_TI3_SetConfig
                0x08005a62       0x78 ./Drivers/STM32F4xx_HAL_Driver/Src/stm32f4xx_hal_tim.o
 .text.TIM_TI4_SetConfig
                0x08005ada       0x7a ./Drivers/STM32F4xx_HAL_Driver/Src/stm32f4xx_hal_tim.o
 .text.TIM_CCxChannelCmd
                0x08005b54       0x4a ./Drivers/STM32F4xx_HAL_Driver/Src/stm32f4xx_hal_tim.o
                0x08005b54                TIM_CCxChannelCmd
 *fill*         0x08005b9e        0x2 
 .text.HAL_TIMEx_MasterConfigSynchronization
                0x08005ba0       0xf8 ./Drivers/STM32F4xx_HAL_Driver/Src/stm32f4xx_hal_tim_ex.o
                0x08005ba0                HAL_TIMEx_MasterConfigSynchronization
 .text.HAL_TIMEx_CommutCallback
                0x08005c98       0x14 ./Drivers/STM32F4xx_HAL_Driver/Src/stm32f4xx_hal_tim_ex.o
                0x08005c98                HAL_TIMEx_CommutCallback
 .text.HAL_TIMEx_BreakCallback
                0x08005cac       0x14 ./Drivers/STM32F4xx_HAL_Driver/Src/stm32f4xx_hal_tim_ex.o
                0x08005cac                HAL_TIMEx_BreakCallback
 .text.HAL_UART_Init
                0x08005cc0       0xa0 ./Drivers/STM32F4xx_HAL_Driver/Src/stm32f4xx_hal_uart.o
                0x08005cc0                HAL_UART_Init
 .text.UART_SetConfig
                0x08005d60      0x4e8 ./Drivers/STM32F4xx_HAL_Driver/Src/stm32f4xx_hal_uart.o
 .text.memset   0x08006248       0x10 D:/Program Files (x86)/New folder/STM32CubeIDE_1.18.1/STM32CubeIDE/plugins/com.st.stm32cube.ide.mcu.externaltools.gnu-tools-for-stm32.13.3.rel1.win32_1.0.0.202411081344/tools/bin/../lib/gcc/arm-none-eabi/13.3.1/../../../../arm-none-eabi/lib/thumb/v7e-m+fp/hard\libc_nano.a(libc_a-memset.o)
                0x08006248                memset
 .text.__libc_init_array
                0x08006258       0x48 D:/Program Files (x86)/New folder/STM32CubeIDE_1.18.1/STM32CubeIDE/plugins/com.st.stm32cube.ide.mcu.externaltools.gnu-tools-for-stm32.13.3.rel1.win32_1.0.0.202411081344/tools/bin/../lib/gcc/arm-none-eabi/13.3.1/../../../../arm-none-eabi/lib/thumb/v7e-m+fp/hard\libc_nano.a(libc_a-init.o)
                0x08006258                __libc_init_array
 *(.glue_7)
 .glue_7        0x080062a0        0x0 linker stubs
 *(.glue_7t)
 .glue_7t       0x080062a0        0x0 linker stubs
 *(.eh_frame)
 .eh_frame      0x080062a0        0x0 D:/Program Files (x86)/New folder/STM32CubeIDE_1.18.1/STM32CubeIDE/plugins/com.st.stm32cube.ide.mcu.externaltools.gnu-tools-for-stm32.13.3.rel1.win32_1.0.0.202411081344/tools/bin/../lib/gcc/arm-none-eabi/13.3.1/thumb/v7e-m+fp/hard/crtbegin.o
 *(.init)
 .init          0x080062a0        0x4 D:/Program Files (x86)/New folder/STM32CubeIDE_1.18.1/STM32CubeIDE/plugins/com.st.stm32cube.ide.mcu.externaltools.gnu-tools-for-stm32.13.3.rel1.win32_1.0.0.202411081344/tools/bin/../lib/gcc/arm-none-eabi/13.3.1/thumb/v7e-m+fp/hard/crti.o
                0x080062a0                _init
 .init          0x080062a4        0x8 D:/Program Files (x86)/New folder/STM32CubeIDE_1.18.1/STM32CubeIDE/plugins/com.st.stm32cube.ide.mcu.externaltools.gnu-tools-for-stm32.13.3.rel1.win32_1.0.0.202411081344/tools/bin/../lib/gcc/arm-none-eabi/13.3.1/thumb/v7e-m+fp/hard/crtn.o
 *(.fini)
 .fini          0x080062ac        0x4 D:/Program Files (x86)/New folder/STM32CubeIDE_1.18.1/STM32CubeIDE/plugins/com.st.stm32cube.ide.mcu.externaltools.gnu-tools-for-stm32.13.3.rel1.win32_1.0.0.202411081344/tools/bin/../lib/gcc/arm-none-eabi/13.3.1/thumb/v7e-m+fp/hard/crti.o
                0x080062ac                _fini
 .fini          0x080062b0        0x8 D:/Program Files (x86)/New folder/STM32CubeIDE_1.18.1/STM32CubeIDE/plugins/com.st.stm32cube.ide.mcu.externaltools.gnu-tools-for-stm32.13.3.rel1.win32_1.0.0.202411081344/tools/bin/../lib/gcc/arm-none-eabi/13.3.1/thumb/v7e-m+fp/hard/crtn.o
                0x080062b8                        . = ALIGN (0x4)
                0x080062b8                        _etext = .

.vfp11_veneer   0x080062b8        0x0
 .vfp11_veneer  0x080062b8        0x0 linker stubs

.v4_bx          0x080062b8        0x0
 .v4_bx         0x080062b8        0x0 linker stubs

.iplt           0x080062b8        0x0
 .iplt          0x080062b8        0x0 D:/Program Files (x86)/New folder/STM32CubeIDE_1.18.1/STM32CubeIDE/plugins/com.st.stm32cube.ide.mcu.externaltools.gnu-tools-for-stm32.13.3.rel1.win32_1.0.0.202411081344/tools/bin/../lib/gcc/arm-none-eabi/13.3.1/thumb/v7e-m+fp/hard/crtbegin.o

.rodata         0x080062b8      0x650
                0x080062b8                        . = ALIGN (0x4)
 *(.rodata)
 .rodata        0x080062b8       0x3c ./Core/Src/main.o
 *(.rodata*)
 .rodata.Font6x8
                0x080062f4      0x5f0 ./Core/Src/ssd1306_fonts.o
 .rodata.Font_6x8
                0x080068e4        0xc ./Core/Src/ssd1306_fonts.o
                0x080068e4                Font_6x8
 .rodata.AHBPrescTable
                0x080068f0       0x10 ./Core/Src/system_stm32f4xx.o
                0x080068f0                AHBPrescTable
 .rodata.APBPrescTable
                0x08006900        0x8 ./Core/Src/system_stm32f4xx.o
                0x08006900                APBPrescTable
                0x08006908                        . = ALIGN (0x4)

.ARM.extab      0x08006908        0x0
                0x08006908                        . = ALIGN (0x4)
 *(.ARM.extab* .gnu.linkonce.armextab.*)
                0x08006908                        . = ALIGN (0x4)

.ARM            0x08006908        0x8
                0x08006908                        . = ALIGN (0x4)
                0x08006908                        __exidx_start = .
 *(.ARM.exidx*)
 .ARM.exidx     0x08006908        0x8 D:/Program Files (x86)/New folder/STM32CubeIDE_1.18.1/STM32CubeIDE/plugins/com.st.stm32cube.ide.mcu.externaltools.gnu-tools-for-stm32.13.3.rel1.win32_1.0.0.202411081344/tools/bin/../lib/gcc/arm-none-eabi/13.3.1/thumb/v7e-m+fp/hard\libgcc.a(_udivmoddi4.o)
                0x08006910                        __exidx_end = .
                0x08006910                        . = ALIGN (0x4)

.preinit_array  0x08006910        0x0
                0x08006910                        . = ALIGN (0x4)
                0x08006910                        PROVIDE (__preinit_array_start = .)
 *(.preinit_array*)
                0x08006910                        PROVIDE (__preinit_array_end = .)
                0x08006910                        . = ALIGN (0x4)

.init_array     0x08006910        0x4
                0x08006910                        . = ALIGN (0x4)
                0x08006910                        PROVIDE (__init_array_start = .)
 *(SORT_BY_NAME(.init_array.*))
 *(.init_array*)
 .init_array    0x08006910        0x4 D:/Program Files (x86)/New folder/STM32CubeIDE_1.18.1/STM32CubeIDE/plugins/com.st.stm32cube.ide.mcu.externaltools.gnu-tools-for-stm32.13.3.rel1.win32_1.0.0.202411081344/tools/bin/../lib/gcc/arm-none-eabi/13.3.1/thumb/v7e-m+fp/hard/crtbegin.o
                0x08006914                        PROVIDE (__init_array_end = .)
                0x08006914                        . = ALIGN (0x4)

.fini_array     0x08006914        0x4
                0x08006914                        . = ALIGN (0x4)
                [!provide]                        PROVIDE (__fini_array_start = .)
 *(SORT_BY_NAME(.fini_array.*))
 *(.fini_array*)
 .fini_array    0x08006914        0x4 D:/Program Files (x86)/New folder/STM32CubeIDE_1.18.1/STM32CubeIDE/plugins/com.st.stm32cube.ide.mcu.externaltools.gnu-tools-for-stm32.13.3.rel1.win32_1.0.0.202411081344/tools/bin/../lib/gcc/arm-none-eabi/13.3.1/thumb/v7e-m+fp/hard/crtbegin.o
                [!provide]                        PROVIDE (__fini_array_end = .)
                0x08006918                        . = ALIGN (0x4)
                0x08006918                        _sidata = LOADADDR (.data)

.rel.dyn        0x08006918        0x0
 .rel.iplt      0x08006918        0x0 D:/Program Files (x86)/New folder/STM32CubeIDE_1.18.1/STM32CubeIDE/plugins/com.st.stm32cube.ide.mcu.externaltools.gnu-tools-for-stm32.13.3.rel1.win32_1.0.0.202411081344/tools/bin/../lib/gcc/arm-none-eabi/13.3.1/thumb/v7e-m+fp/hard/crtbegin.o

.data           0x20000000        0xc load address 0x08006918
                0x20000000                        . = ALIGN (0x4)
                0x20000000                        _sdata = .
 *(.data)
 *(.data*)
 .data.SystemCoreClock
                0x20000000        0x4 ./Core/Src/system_stm32f4xx.o
                0x20000000                SystemCoreClock
 .data.uwTickPrio
                0x20000004        0x4 ./Drivers/STM32F4xx_HAL_Driver/Src/stm32f4xx_hal.o
                0x20000004                uwTickPrio
 .data.uwTickFreq
                0x20000008        0x1 ./Drivers/STM32F4xx_HAL_Driver/Src/stm32f4xx_hal.o
                0x20000008                uwTickFreq
 *(.RamFunc)
 *(.RamFunc*)
                0x2000000c                        . = ALIGN (0x4)
 *fill*         0x20000009        0x3 
                0x2000000c                        _edata = .

.igot.plt       0x2000000c        0x0 load address 0x08006924
 .igot.plt      0x2000000c        0x0 D:/Program Files (x86)/New folder/STM32CubeIDE_1.18.1/STM32CubeIDE/plugins/com.st.stm32cube.ide.mcu.externaltools.gnu-tools-for-stm32.13.3.rel1.win32_1.0.0.202411081344/tools/bin/../lib/gcc/arm-none-eabi/13.3.1/thumb/v7e-m+fp/hard/crtbegin.o
                0x2000000c                        . = ALIGN (0x4)

.bss            0x2000000c      0x63c load address 0x08006924
                0x2000000c                        _sbss = .
                0x2000000c                        __bss_start__ = _sbss
 *(.bss)
 .bss           0x2000000c       0x1c D:/Program Files (x86)/New folder/STM32CubeIDE_1.18.1/STM32CubeIDE/plugins/com.st.stm32cube.ide.mcu.externaltools.gnu-tools-for-stm32.13.3.rel1.win32_1.0.0.202411081344/tools/bin/../lib/gcc/arm-none-eabi/13.3.1/thumb/v7e-m+fp/hard/crtbegin.o
 *(.bss*)
 .bss.hi2c1     0x20000028       0x54 ./Core/Src/i2c.o
                0x20000028                hi2c1
 .bss.IC_Val1   0x2000007c        0x4 ./Core/Src/main.o
                0x2000007c                IC_Val1
 .bss.IC_Val2   0x20000080        0x4 ./Core/Src/main.o
                0x20000080                IC_Val2
 .bss.Difference
                0x20000084        0x4 ./Core/Src/main.o
                0x20000084                Difference
 .bss.Is_First_Captured
                0x20000088        0x1 ./Core/Src/main.o
                0x20000088                Is_First_Captured
 .bss.Distance  0x20000089        0x1 ./Core/Src/main.o
                0x20000089                Distance
 *fill*         0x2000008a        0x2 
 .bss.IC_Val1_2
                0x2000008c        0x4 ./Core/Src/main.o
                0x2000008c                IC_Val1_2
 .bss.IC_Val2_2
                0x20000090        0x4 ./Core/Src/main.o
                0x20000090                IC_Val2_2
 .bss.Is_First_Captured_2
                0x20000094        0x1 ./Core/Src/main.o
                0x20000094                Is_First_Captured_2
 .bss.Distance2
                0x20000095        0x1 ./Core/Src/main.o
                0x20000095                Distance2
 *fill*         0x20000096        0x2 
 .bss.Difference2
                0x20000098        0x4 ./Core/Src/main.o
                0x20000098                Difference2
 .bss.IC_Val1_3
                0x2000009c        0x4 ./Core/Src/main.o
                0x2000009c                IC_Val1_3
 .bss.IC_Val2_3
                0x200000a0        0x4 ./Core/Src/main.o
                0x200000a0                IC_Val2_3
 .bss.Is_First_Captured_3
                0x200000a4        0x1 ./Core/Src/main.o
                0x200000a4                Is_First_Captured_3
 .bss.Distance3
                0x200000a5        0x1 ./Core/Src/main.o
                0x200000a5                Distance3
 *fill*         0x200000a6        0x2 
 .bss.Difference3
                0x200000a8        0x4 ./Core/Src/main.o
                0x200000a8                Difference3
 .bss.status    0x200000ac        0x1 ./Core/Src/main.o
                0x200000ac                status
 *fill*         0x200000ad        0x3 
 .bss.str       0x200000b0       0x10 ./Core/Src/main.o
                0x200000b0                str
 .bss.sNum      0x200000c0        0x4 ./Core/Src/main.o
                0x200000c0                sNum
 .bss.hspi1     0x200000c4       0x58 ./Core/Src/spi.o
                0x200000c4                hspi1
 .bss.SSD1306_Buffer
                0x2000011c      0x400 ./Core/Src/ssd1306.o
 .bss.SSD1306   0x2000051c        0x6 ./Core/Src/ssd1306.o
 *fill*         0x20000522        0x2 
 .bss.htim1     0x20000524       0x48 ./Core/Src/tim.o
                0x20000524                htim1
 .bss.htim3     0x2000056c       0x48 ./Core/Src/tim.o
                0x2000056c                htim3
 .bss.htim6     0x200005b4       0x48 ./Core/Src/tim.o
                0x200005b4                htim6
 .bss.huart2    0x200005fc       0x48 ./Core/Src/usart.o
                0x200005fc                huart2
 .bss.uwTick    0x20000644        0x4 ./Drivers/STM32F4xx_HAL_Driver/Src/stm32f4xx_hal.o
                0x20000644                uwTick
 *(COMMON)
                0x20000648                        . = ALIGN (0x4)
                0x20000648                        _ebss = .
                0x20000648                        __bss_end__ = _ebss

._user_heap_stack
                0x20000648      0x600 load address 0x08006924
                0x20000648                        . = ALIGN (0x8)
                [!provide]                        PROVIDE (end = .)
                0x20000648                        PROVIDE (_end = .)
                0x20000848                        . = (. + _Min_Heap_Size)
 *fill*         0x20000648      0x200 
                0x20000c48                        . = (. + _Min_Stack_Size)
 *fill*         0x20000848      0x400 
                0x20000c48                        . = ALIGN (0x8)

/DISCARD/
 libc.a(*)
 libm.a(*)
 libgcc.a(*)

.ARM.attributes
                0x00000000       0x30
 *(.ARM.attributes)
 .ARM.attributes
                0x00000000       0x22 D:/Program Files (x86)/New folder/STM32CubeIDE_1.18.1/STM32CubeIDE/plugins/com.st.stm32cube.ide.mcu.externaltools.gnu-tools-for-stm32.13.3.rel1.win32_1.0.0.202411081344/tools/bin/../lib/gcc/arm-none-eabi/13.3.1/thumb/v7e-m+fp/hard/crti.o
 .ARM.attributes
                0x00000022       0x34 D:/Program Files (x86)/New folder/STM32CubeIDE_1.18.1/STM32CubeIDE/plugins/com.st.stm32cube.ide.mcu.externaltools.gnu-tools-for-stm32.13.3.rel1.win32_1.0.0.202411081344/tools/bin/../lib/gcc/arm-none-eabi/13.3.1/thumb/v7e-m+fp/hard/crtbegin.o
 .ARM.attributes
                0x00000056       0x34 ./Core/Src/RC522.o
 .ARM.attributes
                0x0000008a       0x34 ./Core/Src/gpio.o
 .ARM.attributes
                0x000000be       0x34 ./Core/Src/i2c.o
 .ARM.attributes
                0x000000f2       0x34 ./Core/Src/main.o
 .ARM.attributes
                0x00000126       0x34 ./Core/Src/spi.o
 .ARM.attributes
                0x0000015a       0x34 ./Core/Src/ssd1306.o
 .ARM.attributes
                0x0000018e       0x34 ./Core/Src/ssd1306_fonts.o
 .ARM.attributes
                0x000001c2       0x34 ./Core/Src/stm32f4xx_hal_msp.o
 .ARM.attributes
                0x000001f6       0x34 ./Core/Src/stm32f4xx_it.o
 .ARM.attributes
                0x0000022a       0x34 ./Core/Src/system_stm32f4xx.o
 .ARM.attributes
                0x0000025e       0x34 ./Core/Src/tim.o
 .ARM.attributes
                0x00000292       0x34 ./Core/Src/usart.o
 .ARM.attributes
                0x000002c6       0x21 ./Core/Startup/startup_stm32f446retx.o
 .ARM.attributes
                0x000002e7       0x34 ./Drivers/STM32F4xx_HAL_Driver/Src/stm32f4xx_hal.o
 .ARM.attributes
                0x0000031b       0x34 ./Drivers/STM32F4xx_HAL_Driver/Src/stm32f4xx_hal_cortex.o
 .ARM.attributes
                0x0000034f       0x34 ./Drivers/STM32F4xx_HAL_Driver/Src/stm32f4xx_hal_gpio.o
 .ARM.attributes
                0x00000383       0x34 ./Drivers/STM32F4xx_HAL_Driver/Src/stm32f4xx_hal_i2c.o
 .ARM.attributes
                0x000003b7       0x34 ./Drivers/STM32F4xx_HAL_Driver/Src/stm32f4xx_hal_rcc.o
 .ARM.attributes
                0x000003eb       0x34 ./Drivers/STM32F4xx_HAL_Driver/Src/stm32f4xx_hal_rcc_ex.o
 .ARM.attributes
                0x0000041f       0x34 ./Drivers/STM32F4xx_HAL_Driver/Src/stm32f4xx_hal_spi.o
 .ARM.attributes
                0x00000453       0x34 ./Drivers/STM32F4xx_HAL_Driver/Src/stm32f4xx_hal_tim.o
 .ARM.attributes
                0x00000487       0x34 ./Drivers/STM32F4xx_HAL_Driver/Src/stm32f4xx_hal_tim_ex.o
 .ARM.attributes
                0x000004bb       0x34 ./Drivers/STM32F4xx_HAL_Driver/Src/stm32f4xx_hal_uart.o
 .ARM.attributes
                0x000004ef       0x34 D:/Program Files (x86)/New folder/STM32CubeIDE_1.18.1/STM32CubeIDE/plugins/com.st.stm32cube.ide.mcu.externaltools.gnu-tools-for-stm32.13.3.rel1.win32_1.0.0.202411081344/tools/bin/../lib/gcc/arm-none-eabi/13.3.1/../../../../arm-none-eabi/lib/thumb/v7e-m+fp/hard\libc_nano.a(libc_a-memset.o)
 .ARM.attributes
                0x00000523       0x34 D:/Program Files (x86)/New folder/STM32CubeIDE_1.18.1/STM32CubeIDE/plugins/com.st.stm32cube.ide.mcu.externaltools.gnu-tools-for-stm32.13.3.rel1.win32_1.0.0.202411081344/tools/bin/../lib/gcc/arm-none-eabi/13.3.1/../../../../arm-none-eabi/lib/thumb/v7e-m+fp/hard\libc_nano.a(libc_a-init.o)
 .ARM.attributes
                0x00000557       0x22 D:/Program Files (x86)/New folder/STM32CubeIDE_1.18.1/STM32CubeIDE/plugins/com.st.stm32cube.ide.mcu.externaltools.gnu-tools-for-stm32.13.3.rel1.win32_1.0.0.202411081344/tools/bin/../lib/gcc/arm-none-eabi/13.3.1/thumb/v7e-m+fp/hard\libgcc.a(_arm_addsubdf3.o)
 .ARM.attributes
                0x00000579       0x22 D:/Program Files (x86)/New folder/STM32CubeIDE_1.18.1/STM32CubeIDE/plugins/com.st.stm32cube.ide.mcu.externaltools.gnu-tools-for-stm32.13.3.rel1.win32_1.0.0.202411081344/tools/bin/../lib/gcc/arm-none-eabi/13.3.1/thumb/v7e-m+fp/hard\libgcc.a(_arm_muldivdf3.o)
 .ARM.attributes
                0x0000059b       0x22 D:/Program Files (x86)/New folder/STM32CubeIDE_1.18.1/STM32CubeIDE/plugins/com.st.stm32cube.ide.mcu.externaltools.gnu-tools-for-stm32.13.3.rel1.win32_1.0.0.202411081344/tools/bin/../lib/gcc/arm-none-eabi/13.3.1/thumb/v7e-m+fp/hard\libgcc.a(_arm_fixunsdfsi.o)
 .ARM.attributes
                0x000005bd       0x22 D:/Program Files (x86)/New folder/STM32CubeIDE_1.18.1/STM32CubeIDE/plugins/com.st.stm32cube.ide.mcu.externaltools.gnu-tools-for-stm32.13.3.rel1.win32_1.0.0.202411081344/tools/bin/../lib/gcc/arm-none-eabi/13.3.1/thumb/v7e-m+fp/hard\libgcc.a(_aeabi_uldivmod.o)
 .ARM.attributes
                0x000005df       0x34 D:/Program Files (x86)/New folder/STM32CubeIDE_1.18.1/STM32CubeIDE/plugins/com.st.stm32cube.ide.mcu.externaltools.gnu-tools-for-stm32.13.3.rel1.win32_1.0.0.202411081344/tools/bin/../lib/gcc/arm-none-eabi/13.3.1/thumb/v7e-m+fp/hard\libgcc.a(_udivmoddi4.o)
 .ARM.attributes
                0x00000613       0x22 D:/Program Files (x86)/New folder/STM32CubeIDE_1.18.1/STM32CubeIDE/plugins/com.st.stm32cube.ide.mcu.externaltools.gnu-tools-for-stm32.13.3.rel1.win32_1.0.0.202411081344/tools/bin/../lib/gcc/arm-none-eabi/13.3.1/thumb/v7e-m+fp/hard\libgcc.a(_dvmd_tls.o)
 .ARM.attributes
                0x00000635       0x22 D:/Program Files (x86)/New folder/STM32CubeIDE_1.18.1/STM32CubeIDE/plugins/com.st.stm32cube.ide.mcu.externaltools.gnu-tools-for-stm32.13.3.rel1.win32_1.0.0.202411081344/tools/bin/../lib/gcc/arm-none-eabi/13.3.1/thumb/v7e-m+fp/hard/crtn.o
OUTPUT(RFID_CITAC_I_OLED_ULTRA.elf elf32-littlearm)
LOAD linker stubs
LOAD D:/Program Files (x86)/New folder/STM32CubeIDE_1.18.1/STM32CubeIDE/plugins/com.st.stm32cube.ide.mcu.externaltools.gnu-tools-for-stm32.13.3.rel1.win32_1.0.0.202411081344/tools/bin/../lib/gcc/arm-none-eabi/13.3.1/../../../../arm-none-eabi/lib/thumb/v7e-m+fp/hard\libc.a
LOAD D:/Program Files (x86)/New folder/STM32CubeIDE_1.18.1/STM32CubeIDE/plugins/com.st.stm32cube.ide.mcu.externaltools.gnu-tools-for-stm32.13.3.rel1.win32_1.0.0.202411081344/tools/bin/../lib/gcc/arm-none-eabi/13.3.1/../../../../arm-none-eabi/lib/thumb/v7e-m+fp/hard\libm.a
LOAD D:/Program Files (x86)/New folder/STM32CubeIDE_1.18.1/STM32CubeIDE/plugins/com.st.stm32cube.ide.mcu.externaltools.gnu-tools-for-stm32.13.3.rel1.win32_1.0.0.202411081344/tools/bin/../lib/gcc/arm-none-eabi/13.3.1/thumb/v7e-m+fp/hard\libgcc.a

.debug_info     0x00000000    0x14942
 .debug_info    0x00000000      0xc4a ./Core/Src/RC522.o
 .debug_info    0x00000c4a      0x439 ./Core/Src/gpio.o
 .debug_info    0x00001083      0x9a4 ./Core/Src/i2c.o
 .debug_info    0x00001a27     0x1023 ./Core/Src/main.o
 .debug_info    0x00002a4a      0x999 ./Core/Src/spi.o
 .debug_info    0x000033e3     0x128f ./Core/Src/ssd1306.o
 .debug_info    0x00004672      0x2a4 ./Core/Src/ssd1306_fonts.o
 .debug_info    0x00004916      0x299 ./Core/Src/stm32f4xx_hal_msp.o
 .debug_info    0x00004baf      0x6e1 ./Core/Src/stm32f4xx_it.o
 .debug_info    0x00005290      0x54a ./Core/Src/system_stm32f4xx.o
 .debug_info    0x000057da     0x1030 ./Core/Src/tim.o
 .debug_info    0x0000680a      0x94d ./Core/Src/usart.o
 .debug_info    0x00007157       0x30 ./Core/Startup/startup_stm32f446retx.o
 .debug_info    0x00007187      0x99a ./Drivers/STM32F4xx_HAL_Driver/Src/stm32f4xx_hal.o
 .debug_info    0x00007b21      0xdaa ./Drivers/STM32F4xx_HAL_Driver/Src/stm32f4xx_hal_cortex.o
 .debug_info    0x000088cb      0x70b ./Drivers/STM32F4xx_HAL_Driver/Src/stm32f4xx_hal_gpio.o
 .debug_info    0x00008fd6     0x2421 ./Drivers/STM32F4xx_HAL_Driver/Src/stm32f4xx_hal_i2c.o
 .debug_info    0x0000b3f7      0x8ff ./Drivers/STM32F4xx_HAL_Driver/Src/stm32f4xx_hal_rcc.o
 .debug_info    0x0000bcf6      0x960 ./Drivers/STM32F4xx_HAL_Driver/Src/stm32f4xx_hal_rcc_ex.o
 .debug_info    0x0000c656     0x1525 ./Drivers/STM32F4xx_HAL_Driver/Src/stm32f4xx_hal_spi.o
 .debug_info    0x0000db7b     0x299d ./Drivers/STM32F4xx_HAL_Driver/Src/stm32f4xx_hal_tim.o
 .debug_info    0x00010518     0x14db ./Drivers/STM32F4xx_HAL_Driver/Src/stm32f4xx_hal_tim_ex.o
 .debug_info    0x000119f3     0x2f4f ./Drivers/STM32F4xx_HAL_Driver/Src/stm32f4xx_hal_uart.o

.debug_abbrev   0x00000000     0x300e
 .debug_abbrev  0x00000000      0x2a3 ./Core/Src/RC522.o
 .debug_abbrev  0x000002a3      0x152 ./Core/Src/gpio.o
 .debug_abbrev  0x000003f5      0x1f1 ./Core/Src/i2c.o
 .debug_abbrev  0x000005e6      0x2f0 ./Core/Src/main.o
 .debug_abbrev  0x000008d6      0x1fa ./Core/Src/spi.o
 .debug_abbrev  0x00000ad0      0x357 ./Core/Src/ssd1306.o
 .debug_abbrev  0x00000e27       0xcf ./Core/Src/ssd1306_fonts.o
 .debug_abbrev  0x00000ef6       0xd8 ./Core/Src/stm32f4xx_hal_msp.o
 .debug_abbrev  0x00000fce      0x192 ./Core/Src/stm32f4xx_it.o
 .debug_abbrev  0x00001160      0x11a ./Core/Src/system_stm32f4xx.o
 .debug_abbrev  0x0000127a      0x27a ./Core/Src/tim.o
 .debug_abbrev  0x000014f4      0x1f9 ./Core/Src/usart.o
 .debug_abbrev  0x000016ed       0x24 ./Core/Startup/startup_stm32f446retx.o
 .debug_abbrev  0x00001711      0x214 ./Drivers/STM32F4xx_HAL_Driver/Src/stm32f4xx_hal.o
 .debug_abbrev  0x00001925      0x31d ./Drivers/STM32F4xx_HAL_Driver/Src/stm32f4xx_hal_cortex.o
 .debug_abbrev  0x00001c42      0x1d4 ./Drivers/STM32F4xx_HAL_Driver/Src/stm32f4xx_hal_gpio.o
 .debug_abbrev  0x00001e16      0x2ad ./Drivers/STM32F4xx_HAL_Driver/Src/stm32f4xx_hal_i2c.o
 .debug_abbrev  0x000020c3      0x2b7 ./Drivers/STM32F4xx_HAL_Driver/Src/stm32f4xx_hal_rcc.o
 .debug_abbrev  0x0000237a      0x211 ./Drivers/STM32F4xx_HAL_Driver/Src/stm32f4xx_hal_rcc_ex.o
 .debug_abbrev  0x0000258b      0x27a ./Drivers/STM32F4xx_HAL_Driver/Src/stm32f4xx_hal_spi.o
 .debug_abbrev  0x00002805      0x278 ./Drivers/STM32F4xx_HAL_Driver/Src/stm32f4xx_hal_tim.o
 .debug_abbrev  0x00002a7d      0x283 ./Drivers/STM32F4xx_HAL_Driver/Src/stm32f4xx_hal_tim_ex.o
 .debug_abbrev  0x00002d00      0x30e ./Drivers/STM32F4xx_HAL_Driver/Src/stm32f4xx_hal_uart.o

.debug_aranges  0x00000000     0x1328
 .debug_aranges
                0x00000000       0xa8 ./Core/Src/RC522.o
 .debug_aranges
                0x000000a8       0x20 ./Core/Src/gpio.o
 .debug_aranges
                0x000000c8       0x30 ./Core/Src/i2c.o
 .debug_aranges
                0x000000f8       0x60 ./Core/Src/main.o
 .debug_aranges
                0x00000158       0x30 ./Core/Src/spi.o
 .debug_aranges
                0x00000188       0xe8 ./Core/Src/ssd1306.o
 .debug_aranges
                0x00000270       0x18 ./Core/Src/ssd1306_fonts.o
 .debug_aranges
                0x00000288       0x20 ./Core/Src/stm32f4xx_hal_msp.o
 .debug_aranges
                0x000002a8       0x68 ./Core/Src/stm32f4xx_it.o
 .debug_aranges
                0x00000310       0x28 ./Core/Src/system_stm32f4xx.o
 .debug_aranges
                0x00000338       0x68 ./Core/Src/tim.o
 .debug_aranges
                0x000003a0       0x30 ./Core/Src/usart.o
 .debug_aranges
                0x000003d0       0x28 ./Core/Startup/startup_stm32f446retx.o
 .debug_aranges
                0x000003f8       0xf0 ./Drivers/STM32F4xx_HAL_Driver/Src/stm32f4xx_hal.o
 .debug_aranges
                0x000004e8      0x130 ./Drivers/STM32F4xx_HAL_Driver/Src/stm32f4xx_hal_cortex.o
 .debug_aranges
                0x00000618       0x58 ./Drivers/STM32F4xx_HAL_Driver/Src/stm32f4xx_hal_gpio.o
 .debug_aranges
                0x00000670      0x2a8 ./Drivers/STM32F4xx_HAL_Driver/Src/stm32f4xx_hal_i2c.o
 .debug_aranges
                0x00000918       0x88 ./Drivers/STM32F4xx_HAL_Driver/Src/stm32f4xx_hal_rcc.o
 .debug_aranges
                0x000009a0       0x78 ./Drivers/STM32F4xx_HAL_Driver/Src/stm32f4xx_hal_rcc_ex.o
 .debug_aranges
                0x00000a18      0x1d0 ./Drivers/STM32F4xx_HAL_Driver/Src/stm32f4xx_hal_spi.o
 .debug_aranges
                0x00000be8      0x3d0 ./Drivers/STM32F4xx_HAL_Driver/Src/stm32f4xx_hal_tim.o
 .debug_aranges
                0x00000fb8      0x168 ./Drivers/STM32F4xx_HAL_Driver/Src/stm32f4xx_hal_tim_ex.o
 .debug_aranges
                0x00001120      0x208 ./Drivers/STM32F4xx_HAL_Driver/Src/stm32f4xx_hal_uart.o

.debug_rnglists
                0x00000000      0xeff
 .debug_rnglists
                0x00000000       0x7e ./Core/Src/RC522.o
 .debug_rnglists
                0x0000007e       0x14 ./Core/Src/gpio.o
 .debug_rnglists
                0x00000092       0x20 ./Core/Src/i2c.o
 .debug_rnglists
                0x000000b2       0x46 ./Core/Src/main.o
 .debug_rnglists
                0x000000f8       0x20 ./Core/Src/spi.o
 .debug_rnglists
                0x00000118       0xb4 ./Core/Src/ssd1306.o
 .debug_rnglists
                0x000001cc       0x13 ./Core/Src/stm32f4xx_hal_msp.o
 .debug_rnglists
                0x000001df       0x49 ./Core/Src/stm32f4xx_it.o
 .debug_rnglists
                0x00000228       0x1a ./Core/Src/system_stm32f4xx.o
 .debug_rnglists
                0x00000242       0x4c ./Core/Src/tim.o
 .debug_rnglists
                0x0000028e       0x20 ./Core/Src/usart.o
 .debug_rnglists
                0x000002ae       0x19 ./Core/Startup/startup_stm32f446retx.o
 .debug_rnglists
                0x000002c7       0xaf ./Drivers/STM32F4xx_HAL_Driver/Src/stm32f4xx_hal.o
 .debug_rnglists
                0x00000376       0xe0 ./Drivers/STM32F4xx_HAL_Driver/Src/stm32f4xx_hal_cortex.o
 .debug_rnglists
                0x00000456       0x3f ./Drivers/STM32F4xx_HAL_Driver/Src/stm32f4xx_hal_gpio.o
 .debug_rnglists
                0x00000495      0x23c ./Drivers/STM32F4xx_HAL_Driver/Src/stm32f4xx_hal_i2c.o
 .debug_rnglists
                0x000006d1       0x66 ./Drivers/STM32F4xx_HAL_Driver/Src/stm32f4xx_hal_rcc.o
 .debug_rnglists
                0x00000737       0x5e ./Drivers/STM32F4xx_HAL_Driver/Src/stm32f4xx_hal_rcc_ex.o
 .debug_rnglists
                0x00000795      0x16f ./Drivers/STM32F4xx_HAL_Driver/Src/stm32f4xx_hal_spi.o
 .debug_rnglists
                0x00000904      0x31a ./Drivers/STM32F4xx_HAL_Driver/Src/stm32f4xx_hal_tim.o
 .debug_rnglists
                0x00000c1e      0x125 ./Drivers/STM32F4xx_HAL_Driver/Src/stm32f4xx_hal_tim_ex.o
 .debug_rnglists
                0x00000d43      0x1bc ./Drivers/STM32F4xx_HAL_Driver/Src/stm32f4xx_hal_uart.o

.debug_macro    0x00000000    0x239d3
 .debug_macro   0x00000000      0x1fa ./Core/Src/RC522.o
 .debug_macro   0x000001fa      0xad8 ./Core/Src/RC522.o
 .debug_macro   0x00000cd2      0x2a7 ./Core/Src/RC522.o
 .debug_macro   0x00000f79       0x2e ./Core/Src/RC522.o
 .debug_macro   0x00000fa7       0x28 ./Core/Src/RC522.o
 .debug_macro   0x00000fcf       0x22 ./Core/Src/RC522.o
 .debug_macro   0x00000ff1       0x8e ./Core/Src/RC522.o
 .debug_macro   0x0000107f       0x51 ./Core/Src/RC522.o
 .debug_macro   0x000010d0      0x103 ./Core/Src/RC522.o
 .debug_macro   0x000011d3       0x6a ./Core/Src/RC522.o
 .debug_macro   0x0000123d      0x1df ./Core/Src/RC522.o
 .debug_macro   0x0000141c       0x1c ./Core/Src/RC522.o
 .debug_macro   0x00001438       0x22 ./Core/Src/RC522.o
 .debug_macro   0x0000145a       0xfb ./Core/Src/RC522.o
 .debug_macro   0x00001555     0x1011 ./Core/Src/RC522.o
 .debug_macro   0x00002566      0x11f ./Core/Src/RC522.o
 .debug_macro   0x00002685    0x1675e ./Core/Src/RC522.o
 .debug_macro   0x00018de3       0x6d ./Core/Src/RC522.o
 .debug_macro   0x00018e50     0x3693 ./Core/Src/RC522.o
 .debug_macro   0x0001c4e3      0x190 ./Core/Src/RC522.o
 .debug_macro   0x0001c673       0x5c ./Core/Src/RC522.o
 .debug_macro   0x0001c6cf      0xca5 ./Core/Src/RC522.o
 .debug_macro   0x0001d374      0x9e9 ./Core/Src/RC522.o
 .debug_macro   0x0001dd5d      0x115 ./Core/Src/RC522.o
 .debug_macro   0x0001de72      0x1a0 ./Core/Src/RC522.o
 .debug_macro   0x0001e012       0xa5 ./Core/Src/RC522.o
 .debug_macro   0x0001e0b7      0x16d ./Core/Src/RC522.o
 .debug_macro   0x0001e224      0x287 ./Core/Src/RC522.o
 .debug_macro   0x0001e4ab       0x5f ./Core/Src/RC522.o
 .debug_macro   0x0001e50a      0x236 ./Core/Src/RC522.o
 .debug_macro   0x0001e740      0x132 ./Core/Src/RC522.o
 .debug_macro   0x0001e872      0x29c ./Core/Src/RC522.o
 .debug_macro   0x0001eb0e       0x2e ./Core/Src/RC522.o
 .debug_macro   0x0001eb3c      0x1b5 ./Core/Src/RC522.o
 .debug_macro   0x0001ecf1       0x22 ./Core/Src/RC522.o
 .debug_macro   0x0001ed13       0xd6 ./Core/Src/RC522.o
 .debug_macro   0x0001ede9      0x127 ./Core/Src/RC522.o
 .debug_macro   0x0001ef10       0xe8 ./Core/Src/RC522.o
 .debug_macro   0x0001eff8       0x89 ./Core/Src/RC522.o
 .debug_macro   0x0001f081      0x225 ./Core/Src/RC522.o
 .debug_macro   0x0001f2a6      0x8ed ./Core/Src/RC522.o
 .debug_macro   0x0001fb93       0x53 ./Core/Src/RC522.o
 .debug_macro   0x0001fbe6      0x2aa ./Core/Src/RC522.o
 .debug_macro   0x0001fe90      0x126 ./Core/Src/RC522.o
 .debug_macro   0x0001ffb6      0x23e ./Core/Src/RC522.o
 .debug_macro   0x000201f4      0x205 ./Core/Src/gpio.o
 .debug_macro   0x000203f9      0x205 ./Core/Src/i2c.o
 .debug_macro   0x000205fe      0x356 ./Core/Src/main.o
 .debug_macro   0x00020954       0x61 ./Core/Src/main.o
 .debug_macro   0x000209b5       0x2a ./Core/Src/main.o
 .debug_macro   0x000209df       0x43 ./Core/Src/main.o
 .debug_macro   0x00020a22       0x34 ./Core/Src/main.o
 .debug_macro   0x00020a56      0x370 ./Core/Src/main.o
 .debug_macro   0x00020dc6       0x16 ./Core/Src/main.o
 .debug_macro   0x00020ddc       0x4a ./Core/Src/main.o
 .debug_macro   0x00020e26       0x34 ./Core/Src/main.o
 .debug_macro   0x00020e5a       0x10 ./Core/Src/main.o
 .debug_macro   0x00020e6a       0x58 ./Core/Src/main.o
 .debug_macro   0x00020ec2       0x8e ./Core/Src/main.o
 .debug_macro   0x00020f50       0x1c ./Core/Src/main.o
 .debug_macro   0x00020f6c      0x185 ./Core/Src/main.o
 .debug_macro   0x000210f1       0x10 ./Core/Src/main.o
 .debug_macro   0x00021101       0x3c ./Core/Src/main.o
 .debug_macro   0x0002113d       0x20 ./Core/Src/main.o
 .debug_macro   0x0002115d       0x52 ./Core/Src/main.o
 .debug_macro   0x000211af       0x40 ./Core/Src/main.o
 .debug_macro   0x000211ef      0x205 ./Core/Src/spi.o
 .debug_macro   0x000213f4      0x31c ./Core/Src/ssd1306.o
 .debug_macro   0x00021710       0x28 ./Core/Src/ssd1306.o
 .debug_macro   0x00021738      0x19b ./Core/Src/ssd1306.o
 .debug_macro   0x000218d3       0x16 ./Core/Src/ssd1306.o
 .debug_macro   0x000218e9       0x16 ./Core/Src/ssd1306.o
 .debug_macro   0x000218ff       0x29 ./Core/Src/ssd1306.o
 .debug_macro   0x00021928       0x16 ./Core/Src/ssd1306.o
 .debug_macro   0x0002193e      0x247 ./Core/Src/ssd1306_fonts.o
 .debug_macro   0x00021b85      0x1fb ./Core/Src/stm32f4xx_hal_msp.o
 .debug_macro   0x00021d80      0x205 ./Core/Src/stm32f4xx_it.o
 .debug_macro   0x00021f85      0x1f1 ./Core/Src/system_stm32f4xx.o
 .debug_macro   0x00022176      0x205 ./Core/Src/tim.o
 .debug_macro   0x0002237b      0x205 ./Core/Src/usart.o
 .debug_macro   0x00022580      0x251 ./Drivers/STM32F4xx_HAL_Driver/Src/stm32f4xx_hal.o
 .debug_macro   0x000227d1      0x1f1 ./Drivers/STM32F4xx_HAL_Driver/Src/stm32f4xx_hal_cortex.o
 .debug_macro   0x000229c2      0x1f7 ./Drivers/STM32F4xx_HAL_Driver/Src/stm32f4xx_hal_gpio.o
 .debug_macro   0x00022bb9      0x23f ./Drivers/STM32F4xx_HAL_Driver/Src/stm32f4xx_hal_i2c.o
 .debug_macro   0x00022df8      0x215 ./Drivers/STM32F4xx_HAL_Driver/Src/stm32f4xx_hal_rcc.o
 .debug_macro   0x0002300d      0x1f1 ./Drivers/STM32F4xx_HAL_Driver/Src/stm32f4xx_hal_rcc_ex.o
 .debug_macro   0x000231fe      0x200 ./Drivers/STM32F4xx_HAL_Driver/Src/stm32f4xx_hal_spi.o
 .debug_macro   0x000233fe      0x1f2 ./Drivers/STM32F4xx_HAL_Driver/Src/stm32f4xx_hal_tim.o
 .debug_macro   0x000235f0      0x1f1 ./Drivers/STM32F4xx_HAL_Driver/Src/stm32f4xx_hal_tim_ex.o
 .debug_macro   0x000237e1      0x1f2 ./Drivers/STM32F4xx_HAL_Driver/Src/stm32f4xx_hal_uart.o

.debug_line     0x00000000    0x18991
 .debug_line    0x00000000      0xc08 ./Core/Src/RC522.o
 .debug_line    0x00000c08      0x79a ./Core/Src/gpio.o
 .debug_line    0x000013a2      0x7dc ./Core/Src/i2c.o
 .debug_line    0x00001b7e      0xc54 ./Core/Src/main.o
 .debug_line    0x000027d2      0x7f6 ./Core/Src/spi.o
 .debug_line    0x00002fc8     0x11e4 ./Core/Src/ssd1306.o
 .debug_line    0x000041ac      0x881 ./Core/Src/ssd1306_fonts.o
 .debug_line    0x00004a2d      0x76e ./Core/Src/stm32f4xx_hal_msp.o
 .debug_line    0x0000519b      0x835 ./Core/Src/stm32f4xx_it.o
 .debug_line    0x000059d0      0x7e4 ./Core/Src/system_stm32f4xx.o
 .debug_line    0x000061b4      0x96c ./Core/Src/tim.o
 .debug_line    0x00006b20      0x7dc ./Core/Src/usart.o
 .debug_line    0x000072fc       0x7a ./Core/Startup/startup_stm32f446retx.o
 .debug_line    0x00007376      0xa60 ./Drivers/STM32F4xx_HAL_Driver/Src/stm32f4xx_hal.o
 .debug_line    0x00007dd6      0xd30 ./Drivers/STM32F4xx_HAL_Driver/Src/stm32f4xx_hal_cortex.o
 .debug_line    0x00008b06      0xba4 ./Drivers/STM32F4xx_HAL_Driver/Src/stm32f4xx_hal_gpio.o
 .debug_line    0x000096aa     0x3b0d ./Drivers/STM32F4xx_HAL_Driver/Src/stm32f4xx_hal_i2c.o
 .debug_line    0x0000d1b7      0xe79 ./Drivers/STM32F4xx_HAL_Driver/Src/stm32f4xx_hal_rcc.o
 .debug_line    0x0000e030     0x1529 ./Drivers/STM32F4xx_HAL_Driver/Src/stm32f4xx_hal_rcc_ex.o
 .debug_line    0x0000f559     0x1cfb ./Drivers/STM32F4xx_HAL_Driver/Src/stm32f4xx_hal_spi.o
 .debug_line    0x00011254     0x37d5 ./Drivers/STM32F4xx_HAL_Driver/Src/stm32f4xx_hal_tim.o
 .debug_line    0x00014a29     0x19c0 ./Drivers/STM32F4xx_HAL_Driver/Src/stm32f4xx_hal_tim_ex.o
 .debug_line    0x000163e9     0x25a8 ./Drivers/STM32F4xx_HAL_Driver/Src/stm32f4xx_hal_uart.o

.debug_str      0x00000000    0xd6085
 .debug_str     0x00000000    0xd6085 ./Core/Src/RC522.o
                              0xcd2f3 (size before relaxing)
 .debug_str     0x000d6085    0xcc7bc ./Core/Src/gpio.o
 .debug_str     0x000d6085    0xcccf0 ./Core/Src/i2c.o
 .debug_str     0x000d6085    0xd0c86 ./Core/Src/main.o
 .debug_str     0x000d6085    0xccc48 ./Core/Src/spi.o
 .debug_str     0x000d6085    0xd0ca1 ./Core/Src/ssd1306.o
 .debug_str     0x000d6085    0xccbfc ./Core/Src/ssd1306_fonts.o
 .debug_str     0x000d6085    0xcc6f1 ./Core/Src/stm32f4xx_hal_msp.o
 .debug_str     0x000d6085    0xccbb3 ./Core/Src/stm32f4xx_it.o
 .debug_str     0x000d6085    0xcc7a1 ./Core/Src/system_stm32f4xx.o
 .debug_str     0x000d6085    0xcd4ed ./Core/Src/tim.o
 .debug_str     0x000d6085    0xccc79 ./Core/Src/usart.o
 .debug_str     0x000d6085       0x82 ./Core/Startup/startup_stm32f446retx.o
 .debug_str     0x000d6085    0xcd366 ./Drivers/STM32F4xx_HAL_Driver/Src/stm32f4xx_hal.o
 .debug_str     0x000d6085    0xcd0bd ./Drivers/STM32F4xx_HAL_Driver/Src/stm32f4xx_hal_cortex.o
 .debug_str     0x000d6085    0xcc91c ./Drivers/STM32F4xx_HAL_Driver/Src/stm32f4xx_hal_gpio.o
 .debug_str     0x000d6085    0xcd79f ./Drivers/STM32F4xx_HAL_Driver/Src/stm32f4xx_hal_i2c.o
 .debug_str     0x000d6085    0xccbda ./Drivers/STM32F4xx_HAL_Driver/Src/stm32f4xx_hal_rcc.o
 .debug_str     0x000d6085    0xccc0d ./Drivers/STM32F4xx_HAL_Driver/Src/stm32f4xx_hal_rcc_ex.o
 .debug_str     0x000d6085    0xcd03a ./Drivers/STM32F4xx_HAL_Driver/Src/stm32f4xx_hal_spi.o
 .debug_str     0x000d6085    0xcdb06 ./Drivers/STM32F4xx_HAL_Driver/Src/stm32f4xx_hal_tim.o
 .debug_str     0x000d6085    0xcd312 ./Drivers/STM32F4xx_HAL_Driver/Src/stm32f4xx_hal_tim_ex.o
 .debug_str     0x000d6085    0xcd191 ./Drivers/STM32F4xx_HAL_Driver/Src/stm32f4xx_hal_uart.o

.comment        0x00000000       0x43
 .comment       0x00000000       0x43 ./Core/Src/RC522.o
                                 0x44 (size before relaxing)
 .comment       0x00000043       0x44 ./Core/Src/gpio.o
 .comment       0x00000043       0x44 ./Core/Src/i2c.o
 .comment       0x00000043       0x44 ./Core/Src/main.o
 .comment       0x00000043       0x44 ./Core/Src/spi.o
 .comment       0x00000043       0x44 ./Core/Src/ssd1306.o
 .comment       0x00000043       0x44 ./Core/Src/ssd1306_fonts.o
 .comment       0x00000043       0x44 ./Core/Src/stm32f4xx_hal_msp.o
 .comment       0x00000043       0x44 ./Core/Src/stm32f4xx_it.o
 .comment       0x00000043       0x44 ./Core/Src/system_stm32f4xx.o
 .comment       0x00000043       0x44 ./Core/Src/tim.o
 .comment       0x00000043       0x44 ./Core/Src/usart.o
 .comment       0x00000043       0x44 ./Drivers/STM32F4xx_HAL_Driver/Src/stm32f4xx_hal.o
 .comment       0x00000043       0x44 ./Drivers/STM32F4xx_HAL_Driver/Src/stm32f4xx_hal_cortex.o
 .comment       0x00000043       0x44 ./Drivers/STM32F4xx_HAL_Driver/Src/stm32f4xx_hal_gpio.o
 .comment       0x00000043       0x44 ./Drivers/STM32F4xx_HAL_Driver/Src/stm32f4xx_hal_i2c.o
 .comment       0x00000043       0x44 ./Drivers/STM32F4xx_HAL_Driver/Src/stm32f4xx_hal_rcc.o
 .comment       0x00000043       0x44 ./Drivers/STM32F4xx_HAL_Driver/Src/stm32f4xx_hal_rcc_ex.o
 .comment       0x00000043       0x44 ./Drivers/STM32F4xx_HAL_Driver/Src/stm32f4xx_hal_spi.o
 .comment       0x00000043       0x44 ./Drivers/STM32F4xx_HAL_Driver/Src/stm32f4xx_hal_tim.o
 .comment       0x00000043       0x44 ./Drivers/STM32F4xx_HAL_Driver/Src/stm32f4xx_hal_tim_ex.o
 .comment       0x00000043       0x44 ./Drivers/STM32F4xx_HAL_Driver/Src/stm32f4xx_hal_uart.o

.debug_frame    0x00000000     0x51d0
 .debug_frame   0x00000000      0x288 ./Core/Src/RC522.o
 .debug_frame   0x00000288       0x34 ./Core/Src/gpio.o
 .debug_frame   0x000002bc       0x74 ./Core/Src/i2c.o
 .debug_frame   0x00000330      0x134 ./Core/Src/main.o
 .debug_frame   0x00000464       0x74 ./Core/Src/spi.o
 .debug_frame   0x000004d8      0x3e4 ./Core/Src/ssd1306.o
 .debug_frame   0x000008bc       0x38 ./Core/Src/stm32f4xx_hal_msp.o
 .debug_frame   0x000008f4      0x120 ./Core/Src/stm32f4xx_it.o
 .debug_frame   0x00000a14       0x58 ./Core/Src/system_stm32f4xx.o
 .debug_frame   0x00000a6c      0x188 ./Core/Src/tim.o
 .debug_frame   0x00000bf4       0x74 ./Core/Src/usart.o
 .debug_frame   0x00000c68      0x374 ./Drivers/STM32F4xx_HAL_Driver/Src/stm32f4xx_hal.o
 .debug_frame   0x00000fdc      0x508 ./Drivers/STM32F4xx_HAL_Driver/Src/stm32f4xx_hal_cortex.o
 .debug_frame   0x000014e4      0x14c ./Drivers/STM32F4xx_HAL_Driver/Src/stm32f4xx_hal_gpio.o
 .debug_frame   0x00001630      0xc84 ./Drivers/STM32F4xx_HAL_Driver/Src/stm32f4xx_hal_i2c.o
 .debug_frame   0x000022b4      0x1f4 ./Drivers/STM32F4xx_HAL_Driver/Src/stm32f4xx_hal_rcc.o
 .debug_frame   0x000024a8      0x1e8 ./Drivers/STM32F4xx_HAL_Driver/Src/stm32f4xx_hal_rcc_ex.o
 .debug_frame   0x00002690      0x828 ./Drivers/STM32F4xx_HAL_Driver/Src/stm32f4xx_hal_spi.o
 .debug_frame   0x00002eb8     0x11c0 ./Drivers/STM32F4xx_HAL_Driver/Src/stm32f4xx_hal_tim.o
 .debug_frame   0x00004078      0x638 ./Drivers/STM32F4xx_HAL_Driver/Src/stm32f4xx_hal_tim_ex.o
 .debug_frame   0x000046b0      0x954 ./Drivers/STM32F4xx_HAL_Driver/Src/stm32f4xx_hal_uart.o
 .debug_frame   0x00005004       0x20 D:/Program Files (x86)/New folder/STM32CubeIDE_1.18.1/STM32CubeIDE/plugins/com.st.stm32cube.ide.mcu.externaltools.gnu-tools-for-stm32.13.3.rel1.win32_1.0.0.202411081344/tools/bin/../lib/gcc/arm-none-eabi/13.3.1/../../../../arm-none-eabi/lib/thumb/v7e-m+fp/hard\libc_nano.a(libc_a-memset.o)
 .debug_frame   0x00005024       0x2c D:/Program Files (x86)/New folder/STM32CubeIDE_1.18.1/STM32CubeIDE/plugins/com.st.stm32cube.ide.mcu.externaltools.gnu-tools-for-stm32.13.3.rel1.win32_1.0.0.202411081344/tools/bin/../lib/gcc/arm-none-eabi/13.3.1/../../../../arm-none-eabi/lib/thumb/v7e-m+fp/hard\libc_nano.a(libc_a-init.o)
 .debug_frame   0x00005050       0xac D:/Program Files (x86)/New folder/STM32CubeIDE_1.18.1/STM32CubeIDE/plugins/com.st.stm32cube.ide.mcu.externaltools.gnu-tools-for-stm32.13.3.rel1.win32_1.0.0.202411081344/tools/bin/../lib/gcc/arm-none-eabi/13.3.1/thumb/v7e-m+fp/hard\libgcc.a(_arm_addsubdf3.o)
 .debug_frame   0x000050fc       0x50 D:/Program Files (x86)/New folder/STM32CubeIDE_1.18.1/STM32CubeIDE/plugins/com.st.stm32cube.ide.mcu.externaltools.gnu-tools-for-stm32.13.3.rel1.win32_1.0.0.202411081344/tools/bin/../lib/gcc/arm-none-eabi/13.3.1/thumb/v7e-m+fp/hard\libgcc.a(_arm_muldivdf3.o)
 .debug_frame   0x0000514c       0x24 D:/Program Files (x86)/New folder/STM32CubeIDE_1.18.1/STM32CubeIDE/plugins/com.st.stm32cube.ide.mcu.externaltools.gnu-tools-for-stm32.13.3.rel1.win32_1.0.0.202411081344/tools/bin/../lib/gcc/arm-none-eabi/13.3.1/thumb/v7e-m+fp/hard\libgcc.a(_arm_fixunsdfsi.o)
 .debug_frame   0x00005170       0x2c D:/Program Files (x86)/New folder/STM32CubeIDE_1.18.1/STM32CubeIDE/plugins/com.st.stm32cube.ide.mcu.externaltools.gnu-tools-for-stm32.13.3.rel1.win32_1.0.0.202411081344/tools/bin/../lib/gcc/arm-none-eabi/13.3.1/thumb/v7e-m+fp/hard\libgcc.a(_aeabi_uldivmod.o)
 .debug_frame   0x0000519c       0x34 D:/Program Files (x86)/New folder/STM32CubeIDE_1.18.1/STM32CubeIDE/plugins/com.st.stm32cube.ide.mcu.externaltools.gnu-tools-for-stm32.13.3.rel1.win32_1.0.0.202411081344/tools/bin/../lib/gcc/arm-none-eabi/13.3.1/thumb/v7e-m+fp/hard\libgcc.a(_udivmoddi4.o)

.debug_line_str
                0x00000000       0x66
 .debug_line_str
                0x00000000       0x66 ./Core/Startup/startup_stm32f446retx.o
