Archive member included to satisfy reference by file (symbol)

D:/Program Files (x86)/New folder/STM32CubeIDE_1.18.1/STM32CubeIDE/plugins/com.st.stm32cube.ide.mcu.externaltools.gnu-tools-for-stm32.13.3.rel1.win32_1.0.0.202411081344/tools/bin/../lib/gcc/arm-none-eabi/13.3.1/../../../../arm-none-eabi/lib/thumb/v7e-m+fp/hard\libc_nano.a(libc_a-exit.o)
                              D:/Program Files (x86)/New folder/STM32CubeIDE_1.18.1/STM32CubeIDE/plugins/com.st.stm32cube.ide.mcu.externaltools.gnu-tools-for-stm32.13.3.rel1.win32_1.0.0.202411081344/tools/bin/../lib/gcc/arm-none-eabi/13.3.1/../../../../arm-none-eabi/lib/thumb/v7e-m+fp/hard/crt0.o (exit)
D:/Program Files (x86)/New folder/STM32CubeIDE_1.18.1/STM32CubeIDE/plugins/com.st.stm32cube.ide.mcu.externaltools.gnu-tools-for-stm32.13.3.rel1.win32_1.0.0.202411081344/tools/bin/../lib/gcc/arm-none-eabi/13.3.1/../../../../arm-none-eabi/lib/thumb/v7e-m+fp/hard\libc_nano.a(libc_a-findfp.o)
                              D:/Program Files (x86)/New folder/STM32CubeIDE_1.18.1/STM32CubeIDE/plugins/com.st.stm32cube.ide.mcu.externaltools.gnu-tools-for-stm32.13.3.rel1.win32_1.0.0.202411081344/tools/bin/../lib/gcc/arm-none-eabi/13.3.1/../../../../arm-none-eabi/lib/thumb/v7e-m+fp/hard\libc_nano.a(libc_a-exit.o) (__stdio_exit_handler)
D:/Program Files (x86)/New folder/STM32CubeIDE_1.18.1/STM32CubeIDE/plugins/com.st.stm32cube.ide.mcu.externaltools.gnu-tools-for-stm32.13.3.rel1.win32_1.0.0.202411081344/tools/bin/../lib/gcc/arm-none-eabi/13.3.1/../../../../arm-none-eabi/lib/thumb/v7e-m+fp/hard\libc_nano.a(libc_a-fwalk.o)
                              D:/Program Files (x86)/New folder/STM32CubeIDE_1.18.1/STM32CubeIDE/plugins/com.st.stm32cube.ide.mcu.externaltools.gnu-tools-for-stm32.13.3.rel1.win32_1.0.0.202411081344/tools/bin/../lib/gcc/arm-none-eabi/13.3.1/../../../../arm-none-eabi/lib/thumb/v7e-m+fp/hard\libc_nano.a(libc_a-findfp.o) (_fwalk_sglue)
D:/Program Files (x86)/New folder/STM32CubeIDE_1.18.1/STM32CubeIDE/plugins/com.st.stm32cube.ide.mcu.externaltools.gnu-tools-for-stm32.13.3.rel1.win32_1.0.0.202411081344/tools/bin/../lib/gcc/arm-none-eabi/13.3.1/../../../../arm-none-eabi/lib/thumb/v7e-m+fp/hard\libc_nano.a(libc_a-snprintf.o)
                              ./Core/Src/ssd1306_tests.o (snprintf)
D:/Program Files (x86)/New folder/STM32CubeIDE_1.18.1/STM32CubeIDE/plugins/com.st.stm32cube.ide.mcu.externaltools.gnu-tools-for-stm32.13.3.rel1.win32_1.0.0.202411081344/tools/bin/../lib/gcc/arm-none-eabi/13.3.1/../../../../arm-none-eabi/lib/thumb/v7e-m+fp/hard\libc_nano.a(libc_a-stdio.o)
                              D:/Program Files (x86)/New folder/STM32CubeIDE_1.18.1/STM32CubeIDE/plugins/com.st.stm32cube.ide.mcu.externaltools.gnu-tools-for-stm32.13.3.rel1.win32_1.0.0.202411081344/tools/bin/../lib/gcc/arm-none-eabi/13.3.1/../../../../arm-none-eabi/lib/thumb/v7e-m+fp/hard\libc_nano.a(libc_a-findfp.o) (__sread)
D:/Program Files (x86)/New folder/STM32CubeIDE_1.18.1/STM32CubeIDE/plugins/com.st.stm32cube.ide.mcu.externaltools.gnu-tools-for-stm32.13.3.rel1.win32_1.0.0.202411081344/tools/bin/../lib/gcc/arm-none-eabi/13.3.1/../../../../arm-none-eabi/lib/thumb/v7e-m+fp/hard\libc_nano.a(libc_a-memmove.o)
                              ./Core/Src/ssd1306_tests.o (memmove)
D:/Program Files (x86)/New folder/STM32CubeIDE_1.18.1/STM32CubeIDE/plugins/com.st.stm32cube.ide.mcu.externaltools.gnu-tools-for-stm32.13.3.rel1.win32_1.0.0.202411081344/tools/bin/../lib/gcc/arm-none-eabi/13.3.1/../../../../arm-none-eabi/lib/thumb/v7e-m+fp/hard\libc_nano.a(libc_a-memset.o)
                              D:/Program Files (x86)/New folder/STM32CubeIDE_1.18.1/STM32CubeIDE/plugins/com.st.stm32cube.ide.mcu.externaltools.gnu-tools-for-stm32.13.3.rel1.win32_1.0.0.202411081344/tools/bin/../lib/gcc/arm-none-eabi/13.3.1/../../../../arm-none-eabi/lib/thumb/v7e-m+fp/hard/crt0.o (memset)
D:/Program Files (x86)/New folder/STM32CubeIDE_1.18.1/STM32CubeIDE/plugins/com.st.stm32cube.ide.mcu.externaltools.gnu-tools-for-stm32.13.3.rel1.win32_1.0.0.202411081344/tools/bin/../lib/gcc/arm-none-eabi/13.3.1/../../../../arm-none-eabi/lib/thumb/v7e-m+fp/hard\libc_nano.a(libc_a-closer.o)
                              D:/Program Files (x86)/New folder/STM32CubeIDE_1.18.1/STM32CubeIDE/plugins/com.st.stm32cube.ide.mcu.externaltools.gnu-tools-for-stm32.13.3.rel1.win32_1.0.0.202411081344/tools/bin/../lib/gcc/arm-none-eabi/13.3.1/../../../../arm-none-eabi/lib/thumb/v7e-m+fp/hard\libc_nano.a(libc_a-stdio.o) (_close_r)
D:/Program Files (x86)/New folder/STM32CubeIDE_1.18.1/STM32CubeIDE/plugins/com.st.stm32cube.ide.mcu.externaltools.gnu-tools-for-stm32.13.3.rel1.win32_1.0.0.202411081344/tools/bin/../lib/gcc/arm-none-eabi/13.3.1/../../../../arm-none-eabi/lib/thumb/v7e-m+fp/hard\libc_nano.a(libc_a-reent.o)
[...]
Memory Configuration

Name             Origin             Length             Attributes
RAM              0x20000000         0x00020000         xrw
FLASH            0x08000000         0x00080000         xr
*default*        0x00000000         0xffffffff

Linker script and memory map

LOAD D:/Program Files (x86)/New folder/STM32CubeIDE_1.18.1/STM32CubeIDE/plugins/com.st.stm32cube.ide.mcu.externaltools.gnu-tools-for-stm32.13.3.rel1.win32_1.0.0.202411081344/tools/bin/../lib/gcc/arm-none-eabi/13.3.1/thumb/v7e-m+fp/hard/crti.o
LOAD D:/Program Files (x86)/New folder/STM32CubeIDE_1.18.1/STM32CubeIDE/plugins/com.st.stm32cube.ide.mcu.externaltools.gnu-tools-for-stm32.13.3.rel1.win32_1.0.0.202411081344/tools/bin/../lib/gcc/arm-none-eabi/13.3.1/thumb/v7e-m+fp/hard/crtbegin.o
LOAD D:/Program Files (x86)/New folder/STM32CubeIDE_1.18.1/STM32CubeIDE/plugins/com.st.stm32cube.ide.mcu.externaltools.gnu-tools-for-stm32.13.3.rel1.win32_1.0.0.202411081344/tools/bin/../lib/gcc/arm-none-eabi/13.3.1/../../../../arm-none-eabi/lib/thumb/v7e-m+fp/hard/crt0.o
LOAD ./Core/Src/RC522.o
LOAD ./Core/Src/gpio.o
LOAD ./Core/Src/i2c.o
LOAD ./Core/Src/main.o
LOAD ./Core/Src/spi.o
LOAD ./Core/Src/ssd1306.o
LOAD ./Core/Src/ssd1306_fonts.o
LOAD ./Core/Src/ssd1306_tests.o
LOAD ./Core/Src/stm32f4xx_hal_msp.o
LOAD ./Core/Src/stm32f4xx_it.o
LOAD ./Core/Src/syscalls.o
LOAD ./Core/Src/sysmem.o
LOAD ./Core/Src/system_stm32f4xx.o
LOAD ./Core/Src/usart.o
LOAD ./Core/Startup/startup_stm32f446retx.o
LOAD ./Drivers/STM32F4xx_HAL_Driver/Src/stm32f4xx_hal.o
LOAD ./Drivers/STM32F4xx_HAL_Driver/Src/stm32f4xx_hal_cortex.o
LOAD ./Drivers/STM32F4xx_HAL_Driver/Src/stm32f4xx_hal_dma.o
LOAD ./Drivers/STM32F4xx_HAL_Driver/Src/stm32f4xx_hal_dma_ex.o
LOAD ./Drivers/STM32F4xx_HAL_Driver/Src/stm32f4xx_hal_exti.o
LOAD ./Drivers/STM32F4xx_HAL_Driver/Src/stm32f4xx_hal_flash.o
LOAD ./Drivers/STM32F4xx_HAL_Driver/Src/stm32f4xx_hal_flash_ex.o
LOAD ./Drivers/STM32F4xx_HAL_Driver/Src/stm32f4xx_hal_flash_ramfunc.o
LOAD ./Drivers/STM32F4xx_HAL_Driver/Src/stm32f4xx_hal_gpio.o
LOAD ./Drivers/STM32F4xx_HAL_Driver/Src/stm32f4xx_hal_i2c.o
LOAD ./Drivers/STM32F4xx_HAL_Driver/Src/stm32f4xx_hal_i2c_ex.o
LOAD ./Drivers/STM32F4xx_HAL_Driver/Src/stm32f4xx_hal_pwr.o
LOAD ./Drivers/STM32F4xx_HAL_Driver/Src/stm32f4xx_hal_pwr_ex.o
LOAD ./Drivers/STM32F4xx_HAL_Driver/Src/stm32f4xx_hal_rcc.o
LOAD ./Drivers/STM32F4xx_HAL_Driver/Src/stm32f4xx_hal_rcc_ex.o
LOAD ./Drivers/STM32F4xx_HAL_Driver/Src/stm32f4xx_hal_spi.o
LOAD ./Drivers/STM32F4xx_HAL_Driver/Src/stm32f4xx_hal_uart.o
START GROUP
LOAD D:/Program Files (x86)/New folder/STM32CubeIDE_1.18.1/STM32CubeIDE/plugins/com.st.stm32cube.ide.mcu.externaltools.gnu-tools-for-stm32.13.3.rel1.win32_1.0.0.202411081344/tools/bin/../lib/gcc/arm-none-eabi/13.3.1/../../../../arm-none-eabi/lib/thumb/v7e-m+fp/hard\libc_nano.a
LOAD D:/Program Files (x86)/New folder/STM32CubeIDE_1.18.1/STM32CubeIDE/plugins/com.st.stm32cube.ide.mcu.externaltools.gnu-tools-for-stm32.13.3.rel1.win32_1.0.0.202411081344/tools/bin/../lib/gcc/arm-none-eabi/13.3.1/../../../../arm-none-eabi/lib/thumb/v7e-m+fp/hard\libm.a
END GROUP
START GROUP
LOAD D:/Program Files (x86)/New folder/STM32CubeIDE_1.18.1/STM32CubeIDE/plugins/com.st.stm32cube.ide.mcu.externaltools.gnu-tools-for-stm32.13.3.rel1.win32_1.0.0.202411081344/tools/bin/../lib/gcc/arm-none-eabi/13.3.1/thumb/v7e-m+fp/hard\libgcc.a
LOAD D:/Program Files (x86)/New folder/STM32CubeIDE_1.18.1/STM32CubeIDE/plugins/com.st.stm32cube.ide.mcu.externaltools.gnu-tools-for-stm32.13.3.rel1.win32_1.0.0.202411081344/tools/bin/../lib/gcc/arm-none-eabi/13.3.1/../../../../arm-none-eabi/lib/thumb/v7e-m+fp/hard\libc_nano.a
END GROUP
START GROUP
LOAD D:/Program Files (x86)/New folder/STM32CubeIDE_1.18.1/STM32CubeIDE/plugins/com.st.stm32cube.ide.mcu.externaltools.gnu-tools-for-stm32.13.3.rel1.win32_1.0.0.202411081344/tools/bin/../lib/gcc/arm-none-eabi/13.3.1/thumb/v7e-m+fp/hard\libgcc.a
LOAD D:/Program Files (x86)/New folder/STM32CubeIDE_1.18.1/STM32CubeIDE/plugins/com.st.stm32cube.ide.mcu.externaltools.gnu-tools-for-stm32.13.3.rel1.win32_1.0.0.202411081344/tools/bin/../lib/gcc/arm-none-eabi/13.3.1/../../../../arm-none-eabi/lib/thumb/v7e-m+fp/hard\libc_nano.a
LOAD D:/Program Files (x86)/New folder/STM32CubeIDE_1.18.1/STM32CubeIDE/plugins/com.st.stm32cube.ide.mcu.externaltools.gnu-tools-for-stm32.13.3.rel1.win32_1.0.0.202411081344/tools/bin/../lib/gcc/arm-none-eabi/13.3.1/../../../../arm-none-eabi/lib/thumb/v7e-m+fp/hard\libnosys.a
END GROUP
START GROUP
LOAD D:/Program Files (x86)/New folder/STM32CubeIDE_1.18.1/STM32CubeIDE/plugins/com.st.stm32cube.ide.mcu.externaltools.gnu-tools-for-stm32.13.3.rel1.win32_1.0.0.202411081344/tools/bin/../lib/gcc/arm-none-eabi/13.3.1/thumb/v7e-m+fp/hard\libgcc.a
LOAD D:/Program Files (x86)/New folder/STM32CubeIDE_1.18.1/STM32CubeIDE/plugins/com.st.stm32cube.ide.mcu.externaltools.gnu-tools-for-stm32.13.3.rel1.win32_1.0.0.202411081344/tools/bin/../lib/gcc/arm-none-eabi/13.3.1/../../../../arm-none-eabi/lib/thumb/v7e-m+fp/hard\libc_nano.a
LOAD D:/Program Files (x86)/New folder/STM32CubeIDE_1.18.1/STM32CubeIDE/plugins/com.st.stm32cube.ide.mcu.externaltools.gnu-tools-for-stm32.13.3.rel1.win32_1.0.0.202411081344/tools/bin/../lib/gcc/arm-none-eabi/13.3.1/../../../../arm-none-eabi/lib/thumb/v7e-m+fp/hard\libnosys.a
END GROUP
LOAD D:/Program Files (x86)/New folder/STM32CubeIDE_1.18.1/STM32CubeIDE/plugins/com.st.stm32cube.ide.mcu.externaltools.gnu-tools-for-stm32.13.3.rel1.win32_1.0.0.202411081344/tools/bin/../lib/gcc/arm-none-eabi/13.3.1/thumb/v7e-m+fp/hard/crtend.o
LOAD D:/Program Files (x86)/New folder/STM32CubeIDE_1.18.1/STM32CubeIDE/plugins/com.st.stm32cube.ide.mcu.externaltools.gnu-tools-for-stm32.13.3.rel1.win32_1.0.0.202411081344/tools/bin/../lib/gcc/arm-none-eabi/13.3.1/thumb/v7e-m+fp/hard/crtn.o
                0x20020000                        _estack = (ORIGIN (RAM) + LENGTH (RAM))
                0x00000200                        _Min_Heap_Size = 0x200
                0x00000400                        _Min_Stack_Size = 0x400

.isr_vector     0x08000000      0x1c4
                0x08000000                        . = ALIGN (0x4)
 *(.isr_vector)
 .isr_vector    0x08000000      0x1c4 ./Core/Startup/startup_stm32f446retx.o
                0x08000000                g_pfnVectors
                0x080001c4                        . = ALIGN (0x4)

.text           0x080001c4     0x3c88
                0x080001c4                        . = ALIGN (0x4)
 *(.text)
 .text          0x080001c4       0x40 D:/Program Files (x86)/New folder/STM32CubeIDE_1.18.1/STM32CubeIDE/plugins/com.st.stm32cube.ide.mcu.externaltools.gnu-tools-for-stm32.13.3.rel1.win32_1.0.0.202411081344/tools/bin/../lib/gcc/arm-none-eabi/13.3.1/thumb/v7e-m+fp/hard/crtbegin.o
 .text          0x08000204       0x10 D:/Program Files (x86)/New folder/STM32CubeIDE_1.18.1/STM32CubeIDE/plugins/com.st.stm32cube.ide.mcu.externaltools.gnu-tools-for-stm32.13.3.rel1.win32_1.0.0.202411081344/tools/bin/../lib/gcc/arm-none-eabi/13.3.1/../../../../arm-none-eabi/lib/thumb/v7e-m+fp/hard\libc_nano.a(libc_a-strlen.o)
                0x08000204                strlen
 .text          0x08000214       0x30 D:/Program Files (x86)/New folder/STM32CubeIDE_1.18.1/STM32CubeIDE/plugins/com.st.stm32cube.ide.mcu.externaltools.gnu-tools-for-stm32.13.3.rel1.win32_1.0.0.202411081344/tools/bin/../lib/gcc/arm-none-eabi/13.3.1/thumb/v7e-m+fp/hard\libgcc.a(_aeabi_uldivmod.o)
                0x08000214                __aeabi_uldivmod
 .text          0x08000244      0x2f8 D:/Program Files (x86)/New folder/STM32CubeIDE_1.18.1/STM32CubeIDE/plugins/com.st.stm32cube.ide.mcu.externaltools.gnu-tools-for-stm32.13.3.rel1.win32_1.0.0.202411081344/tools/bin/../lib/gcc/arm-none-eabi/13.3.1/thumb/v7e-m+fp/hard\libgcc.a(_udivmoddi4.o)
                0x08000244                __udivmoddi4
 .text          0x0800053c        0x4 D:/Program Files (x86)/New folder/STM32CubeIDE_1.18.1/STM32CubeIDE/plugins/com.st.stm32cube.ide.mcu.externaltools.gnu-tools-for-stm32.13.3.rel1.win32_1.0.0.202411081344/tools/bin/../lib/gcc/arm-none-eabi/13.3.1/thumb/v7e-m+fp/hard\libgcc.a(_dvmd_tls.o)
                0x0800053c                __aeabi_idiv0
                0x0800053c                __aeabi_ldiv0
 *(.text*)
 .text.RC522_SPI_Transfer
                0x08000540       0x2c ./Core/Src/RC522.o
                0x08000540                RC522_SPI_Transfer
 .text.Write_MFRC522
                0x0800056c       0x50 ./Core/Src/RC522.o
                0x0800056c                Write_MFRC522
 .text.Read_MFRC522
                0x080005bc       0x58 ./Core/Src/RC522.o
                0x080005bc                Read_MFRC522
 .text.SetBitMask
                0x08000614       0x36 ./Core/Src/RC522.o
                0x08000614                SetBitMask
 .text.ClearBitMask
                0x0800064a       0x40 ./Core/Src/RC522.o
                0x0800064a                ClearBitMask
 .text.AntennaOn
                0x0800068a       0x16 ./Core/Src/RC522.o
                0x0800068a                AntennaOn
 .text.MFRC522_Reset
                0x080006a0       0x10 ./Core/Src/RC522.o
                0x080006a0                MFRC522_Reset
 .text.MFRC522_Init
                0x080006b0       0x60 ./Core/Src/RC522.o
                0x080006b0                MFRC522_Init
 .text.MFRC522_ToCard
                0x08000710      0x192 ./Core/Src/RC522.o
                0x08000710                MFRC522_ToCard
 .text.MFRC522_Request
                0x080008a2       0x4a ./Core/Src/RC522.o
                0x080008a2                MFRC522_Request
 .text.MFRC522_Anticoll
                0x080008ec       0x7a ./Core/Src/RC522.o
                0x080008ec                MFRC522_Anticoll
 *fill*         0x08000966        0x2 
 .text.MX_GPIO_Init
                0x08000968       0xec ./Core/Src/gpio.o
                0x08000968                MX_GPIO_Init
 .text.MX_I2C1_Init
                0x08000a54       0x5c ./Core/Src/i2c.o
                0x08000a54                MX_I2C1_Init
 .text.HAL_I2C_MspInit
                0x08000ab0       0x90 ./Core/Src/i2c.o
                0x08000ab0                HAL_I2C_MspInit
 .text.main     0x08000b40      0x150 ./Core/Src/main.o
                0x08000b40                main
 .text.SystemClock_Config
                0x08000c90       0xdc ./Core/Src/main.o
                0x08000c90                SystemClock_Config
 .text.Error_Handler
                0x08000d6c        0xc ./Core/Src/main.o
                0x08000d6c                Error_Handler
 .text.MX_SPI1_Init
                0x08000d78       0x6c ./Core/Src/spi.o
                0x08000d78                MX_SPI1_Init
 .text.HAL_SPI_MspInit
                0x08000de4       0xd0 ./Core/Src/spi.o
                0x08000de4                HAL_SPI_MspInit
 .text.ssd1306_Reset
                0x08000eb4        0xe ./Core/Src/ssd1306.o
                0x08000eb4                ssd1306_Reset
 *fill*         0x08000ec2        0x2 
 .text.ssd1306_WriteCommand
                0x08000ec4       0x30 ./Core/Src/ssd1306.o
                0x08000ec4                ssd1306_WriteCommand
 .text.ssd1306_WriteData
                0x08000ef4       0x34 ./Core/Src/ssd1306.o
                0x08000ef4                ssd1306_WriteData
 .text.ssd1306_Init
                0x08000f28       0xd4 ./Core/Src/ssd1306.o
                0x08000f28                ssd1306_Init
 .text.ssd1306_Fill
                0x08000ffc       0x30 ./Core/Src/ssd1306.o
                0x08000ffc                ssd1306_Fill
 .text.ssd1306_UpdateScreen
                0x0800102c       0x50 ./Core/Src/ssd1306.o
                0x0800102c                ssd1306_UpdateScreen
 .text.ssd1306_DrawPixel
                0x0800107c       0xa8 ./Core/Src/ssd1306.o
                0x0800107c                ssd1306_DrawPixel
 .text.ssd1306_WriteChar
                0x08001124      0x124 ./Core/Src/ssd1306.o
                0x08001124                ssd1306_WriteChar
 .text.ssd1306_WriteString
                0x08001248       0x4c ./Core/Src/ssd1306.o
                0x08001248                ssd1306_WriteString
 .text.ssd1306_SetCursor
                0x08001294       0x30 ./Core/Src/ssd1306.o
                0x08001294                ssd1306_SetCursor
 .text.ssd1306_SetContrast
                0x080012c4       0x26 ./Core/Src/ssd1306.o
                0x080012c4                ssd1306_SetContrast
 *fill*         0x080012ea        0x2 
 .text.ssd1306_SetDisplayOn
                0x080012ec       0x3c ./Core/Src/ssd1306.o
                0x080012ec                ssd1306_SetDisplayOn
 .text.HAL_MspInit
                0x08001328       0x50 ./Core/Src/stm32f4xx_hal_msp.o
                0x08001328                HAL_MspInit
 .text.NMI_Handler
                0x08001378        0x8 ./Core/Src/stm32f4xx_it.o
                0x08001378                NMI_Handler
 .text.HardFault_Handler
                0x08001380        0x8 ./Core/Src/stm32f4xx_it.o
                0x08001380                HardFault_Handler
 .text.MemManage_Handler
                0x08001388        0x8 ./Core/Src/stm32f4xx_it.o
                0x08001388                MemManage_Handler
 .text.BusFault_Handler
                0x08001390        0x8 ./Core/Src/stm32f4xx_it.o
                0x08001390                BusFault_Handler
 .text.UsageFault_Handler
                0x08001398        0x8 ./Core/Src/stm32f4xx_it.o
                0x08001398                UsageFault_Handler
 .text.SVC_Handler
                0x080013a0        0xe ./Core/Src/stm32f4xx_it.o
                0x080013a0                SVC_Handler
 .text.DebugMon_Handler
                0x080013ae        0xe ./Core/Src/stm32f4xx_it.o
                0x080013ae                DebugMon_Handler
 .text.PendSV_Handler
                0x080013bc        0xe ./Core/Src/stm32f4xx_it.o
                0x080013bc                PendSV_Handler
 .text.SysTick_Handler
                0x080013ca        0xc ./Core/Src/stm32f4xx_it.o
                0x080013ca                SysTick_Handler
 *fill*         0x080013d6        0x2 
 .text.SystemInit
                0x080013d8       0x24 ./Core/Src/system_stm32f4xx.o
                0x080013d8                SystemInit
 .text.MX_USART2_UART_Init
                0x080013fc       0x54 ./Core/Src/usart.o
                0x080013fc                MX_USART2_UART_Init
 .text.HAL_UART_MspInit
                0x08001450       0x90 ./Core/Src/usart.o
                0x08001450                HAL_UART_MspInit
 .text.Reset_Handler
                0x080014e0       0x50 ./Core/Startup/startup_stm32f446retx.o
                0x080014e0                Reset_Handler
 .text.Default_Handler
                0x08001530        0x2 ./Core/Startup/startup_stm32f446retx.o
                0x08001530                RTC_Alarm_IRQHandler
                0x08001530                EXTI2_IRQHandler
                0x08001530                TIM8_CC_IRQHandler
                0x08001530                FMPI2C1_EV_IRQHandler
                0x08001530                SPI4_IRQHandler
                0x08001530                TIM1_CC_IRQHandler
                0x08001530                DMA2_Stream5_IRQHandler
                0x08001530                DMA1_Stream5_IRQHandler
                0x08001530                PVD_IRQHandler
                0x08001530                SDIO_IRQHandler
                0x08001530                TAMP_STAMP_IRQHandler
                0x08001530                CAN2_RX1_IRQHandler
                0x08001530                EXTI3_IRQHandler
                0x08001530                TIM8_TRG_COM_TIM14_IRQHandler
                0x08001530                TIM1_UP_TIM10_IRQHandler
                0x08001530                TIM8_UP_TIM13_IRQHandler
                0x08001530                I2C3_ER_IRQHandler
                0x08001530                EXTI0_IRQHandler
                0x08001530                I2C2_EV_IRQHandler
                0x08001530                DMA1_Stream2_IRQHandler
                0x08001530                CAN1_RX0_IRQHandler
                0x08001530                FPU_IRQHandler
                0x08001530                OTG_HS_WKUP_IRQHandler
                0x08001530                CAN2_SCE_IRQHandler
                0x08001530                DMA2_Stream2_IRQHandler
                0x08001530                SPI1_IRQHandler
                0x08001530                TIM6_DAC_IRQHandler
                0x08001530                TIM1_BRK_TIM9_IRQHandler
                0x08001530                DCMI_IRQHandler
                0x08001530                CAN2_RX0_IRQHandler
                0x08001530                DMA2_Stream3_IRQHandler
                0x08001530                SAI2_IRQHandler
                0x08001530                USART6_IRQHandler
                0x08001530                USART3_IRQHandler
                0x08001530                CAN1_RX1_IRQHandler
                0x08001530                UART5_IRQHandler
                0x08001530                DMA2_Stream0_IRQHandler
                0x08001530                TIM4_IRQHandler
                0x08001530                QUADSPI_IRQHandler
                0x08001530                I2C1_EV_IRQHandler
                0x08001530                DMA1_Stream6_IRQHandler
                0x08001530                DMA1_Stream1_IRQHandler
                0x08001530                UART4_IRQHandler
                0x08001530                TIM3_IRQHandler
                0x08001530                RCC_IRQHandler
                0x08001530                TIM8_BRK_TIM12_IRQHandler
                0x08001530                Default_Handler
                0x08001530                CEC_IRQHandler
                0x08001530                EXTI15_10_IRQHandler
                0x08001530                ADC_IRQHandler
                0x08001530                DMA1_Stream7_IRQHandler
                0x08001530                TIM7_IRQHandler
                0x08001530                CAN2_TX_IRQHandler
                0x08001530                TIM5_IRQHandler
                0x08001530                DMA2_Stream7_IRQHandler
                0x08001530                I2C3_EV_IRQHandler
                0x08001530                EXTI9_5_IRQHandler
                0x08001530                RTC_WKUP_IRQHandler
                0x08001530                SPDIF_RX_IRQHandler
                0x08001530                SPI2_IRQHandler
                0x08001530                OTG_HS_EP1_IN_IRQHandler
                0x08001530                DMA1_Stream0_IRQHandler
                0x08001530                CAN1_TX_IRQHandler
                0x08001530                FMPI2C1_ER_IRQHandler
                0x08001530                EXTI4_IRQHandler
                0x08001530                OTG_HS_EP1_OUT_IRQHandler
                0x08001530                WWDG_IRQHandler
                0x08001530                TIM2_IRQHandler
                0x08001530                OTG_FS_WKUP_IRQHandler
                0x08001530                TIM1_TRG_COM_TIM11_IRQHandler
                0x08001530                OTG_HS_IRQHandler
                0x08001530                EXTI1_IRQHandler
                0x08001530                USART2_IRQHandler
                0x08001530                I2C2_ER_IRQHandler
                0x08001530                DMA2_Stream1_IRQHandler
                0x08001530                CAN1_SCE_IRQHandler
                0x08001530                FLASH_IRQHandler
                0x08001530                DMA2_Stream4_IRQHandler
                0x08001530                USART1_IRQHandler
                0x08001530                OTG_FS_IRQHandler
                0x08001530                SPI3_IRQHandler
                0x08001530                DMA1_Stream4_IRQHandler
                0x08001530                I2C1_ER_IRQHandler
                0x08001530                FMC_IRQHandler
                0x08001530                DMA2_Stream6_IRQHandler
                0x08001530                SAI1_IRQHandler
                0x08001530                DMA1_Stream3_IRQHandler
 *fill*         0x08001532        0x2 
 .text.HAL_Init
                0x08001534       0x44 ./Drivers/STM32F4xx_HAL_Driver/Src/stm32f4xx_hal.o
                0x08001534                HAL_Init
 .text.HAL_InitTick
                0x08001578       0x60 ./Drivers/STM32F4xx_HAL_Driver/Src/stm32f4xx_hal.o
                0x08001578                HAL_InitTick
 .text.HAL_IncTick
                0x080015d8       0x28 ./Drivers/STM32F4xx_HAL_Driver/Src/stm32f4xx_hal.o
                0x080015d8                HAL_IncTick
 .text.HAL_GetTick
                0x08001600       0x18 ./Drivers/STM32F4xx_HAL_Driver/Src/stm32f4xx_hal.o
                0x08001600                HAL_GetTick
 .text.HAL_Delay
                0x08001618       0x48 ./Drivers/STM32F4xx_HAL_Driver/Src/stm32f4xx_hal.o
                0x08001618                HAL_Delay
 .text.__NVIC_SetPriorityGrouping
                0x08001660       0x48 ./Drivers/STM32F4xx_HAL_Driver/Src/stm32f4xx_hal_cortex.o
 .text.__NVIC_GetPriorityGrouping
                0x080016a8       0x1c ./Drivers/STM32F4xx_HAL_Driver/Src/stm32f4xx_hal_cortex.o
 .text.__NVIC_SetPriority
                0x080016c4       0x54 ./Drivers/STM32F4xx_HAL_Driver/Src/stm32f4xx_hal_cortex.o
 .text.NVIC_EncodePriority
                0x08001718       0x66 ./Drivers/STM32F4xx_HAL_Driver/Src/stm32f4xx_hal_cortex.o
 *fill*         0x0800177e        0x2 
 .text.SysTick_Config
                0x08001780       0x44 ./Drivers/STM32F4xx_HAL_Driver/Src/stm32f4xx_hal_cortex.o
 .text.HAL_NVIC_SetPriorityGrouping
                0x080017c4       0x16 ./Drivers/STM32F4xx_HAL_Driver/Src/stm32f4xx_hal_cortex.o
                0x080017c4                HAL_NVIC_SetPriorityGrouping
 .text.HAL_NVIC_SetPriority
                0x080017da       0x38 ./Drivers/STM32F4xx_HAL_Driver/Src/stm32f4xx_hal_cortex.o
                0x080017da                HAL_NVIC_SetPriority
 .text.HAL_SYSTICK_Config
                0x08001812       0x18 ./Drivers/STM32F4xx_HAL_Driver/Src/stm32f4xx_hal_cortex.o
                0x08001812                HAL_SYSTICK_Config
 *fill*         0x0800182a        0x2 
 .text.HAL_GPIO_Init
                0x0800182c      0x328 ./Drivers/STM32F4xx_HAL_Driver/Src/stm32f4xx_hal_gpio.o
                0x0800182c                HAL_GPIO_Init
 .text.HAL_GPIO_WritePin
                0x08001b54       0x32 ./Drivers/STM32F4xx_HAL_Driver/Src/stm32f4xx_hal_gpio.o
                0x08001b54                HAL_GPIO_WritePin
 *fill*         0x08001b86        0x2 
 .text.HAL_I2C_Init
                0x08001b88      0x288 ./Drivers/STM32F4xx_HAL_Driver/Src/stm32f4xx_hal_i2c.o
                0x08001b88                HAL_I2C_Init
 .text.HAL_I2C_Mem_Write
                0x08001e10      0x1f4 ./Drivers/STM32F4xx_HAL_Driver/Src/stm32f4xx_hal_i2c.o
                0x08001e10                HAL_I2C_Mem_Write
 .text.I2C_RequestMemoryWrite
                0x08002004      0x12c ./Drivers/STM32F4xx_HAL_Driver/Src/stm32f4xx_hal_i2c.o
 .text.I2C_WaitOnFlagUntilTimeout
                0x08002130       0xf4 ./Drivers/STM32F4xx_HAL_Driver/Src/stm32f4xx_hal_i2c.o
 .text.I2C_WaitOnMasterAddressFlagUntilTimeout
                0x08002224      0x140 ./Drivers/STM32F4xx_HAL_Driver/Src/stm32f4xx_hal_i2c.o
 .text.I2C_WaitOnTXEFlagUntilTimeout
                0x08002364       0x90 ./Drivers/STM32F4xx_HAL_Driver/Src/stm32f4xx_hal_i2c.o
 .text.I2C_WaitOnBTFFlagUntilTimeout
                0x080023f4       0x90 ./Drivers/STM32F4xx_HAL_Driver/Src/stm32f4xx_hal_i2c.o
 .text.I2C_IsAcknowledgeFailed
                0x08002484       0x5e ./Drivers/STM32F4xx_HAL_Driver/Src/stm32f4xx_hal_i2c.o
 *fill*         0x080024e2        0x2 
 .text.HAL_RCC_ClockConfig
                0x080024e4      0x1cc ./Drivers/STM32F4xx_HAL_Driver/Src/stm32f4xx_hal_rcc.o
                0x080024e4                HAL_RCC_ClockConfig
 .text.HAL_RCC_GetHCLKFreq
                0x080026b0       0x18 ./Drivers/STM32F4xx_HAL_Driver/Src/stm32f4xx_hal_rcc.o
                0x080026b0                HAL_RCC_GetHCLKFreq
 .text.HAL_RCC_GetPCLK1Freq
                0x080026c8       0x28 ./Drivers/STM32F4xx_HAL_Driver/Src/stm32f4xx_hal_rcc.o
                0x080026c8                HAL_RCC_GetPCLK1Freq
 .text.HAL_RCC_GetPCLK2Freq
                0x080026f0       0x28 ./Drivers/STM32F4xx_HAL_Driver/Src/stm32f4xx_hal_rcc.o
                0x080026f0                HAL_RCC_GetPCLK2Freq
 .text.HAL_RCC_GetSysClockFreq
                0x08002718      0x354 ./Drivers/STM32F4xx_HAL_Driver/Src/stm32f4xx_hal_rcc_ex.o
                0x08002718                HAL_RCC_GetSysClockFreq
 .text.HAL_RCC_OscConfig
                0x08002a6c      0x53c ./Drivers/STM32F4xx_HAL_Driver/Src/stm32f4xx_hal_rcc_ex.o
                0x08002a6c                HAL_RCC_OscConfig
 .text.HAL_SPI_Init
                0x08002fa8      0x112 ./Drivers/STM32F4xx_HAL_Driver/Src/stm32f4xx_hal_spi.o
                0x08002fa8                HAL_SPI_Init
 .text.HAL_SPI_TransmitReceive
                0x080030ba      0x352 ./Drivers/STM32F4xx_HAL_Driver/Src/stm32f4xx_hal_spi.o
                0x080030ba                HAL_SPI_TransmitReceive
 .text.SPI_WaitFlagStateUntilTimeout
                0x0800340c      0x110 ./Drivers/STM32F4xx_HAL_Driver/Src/stm32f4xx_hal_spi.o
 .text.SPI_EndRxTxTransaction
                0x0800351c       0xa8 ./Drivers/STM32F4xx_HAL_Driver/Src/stm32f4xx_hal_spi.o
 .text.HAL_UART_Init
                0x080035c4       0xa0 ./Drivers/STM32F4xx_HAL_Driver/Src/stm32f4xx_hal_uart.o
                0x080035c4                HAL_UART_Init
 .text.HAL_UART_Transmit
                0x08003664      0x116 ./Drivers/STM32F4xx_HAL_Driver/Src/stm32f4xx_hal_uart.o
                0x08003664                HAL_UART_Transmit
 .text.UART_WaitOnFlagUntilTimeout
                0x0800377a       0xb2 ./Drivers/STM32F4xx_HAL_Driver/Src/stm32f4xx_hal_uart.o
 .text.UART_EndRxTransfer
                0x0800382c       0xc6 ./Drivers/STM32F4xx_HAL_Driver/Src/stm32f4xx_hal_uart.o
 *fill*         0x080038f2        0x2 
 .text.UART_SetConfig
                0x080038f4      0x4e8 ./Drivers/STM32F4xx_HAL_Driver/Src/stm32f4xx_hal_uart.o
 .text.memset   0x08003ddc       0x10 D:/Program Files (x86)/New folder/STM32CubeIDE_1.18.1/STM32CubeIDE/plugins/com.st.stm32cube.ide.mcu.externaltools.gnu-tools-for-stm32.13.3.rel1.win32_1.0.0.202411081344/tools/bin/../lib/gcc/arm-none-eabi/13.3.1/../../../../arm-none-eabi/lib/thumb/v7e-m+fp/hard\libc_nano.a(libc_a-memset.o)
                0x08003ddc                memset
 .text.__libc_init_array
                0x08003dec       0x48 D:/Program Files (x86)/New folder/STM32CubeIDE_1.18.1/STM32CubeIDE/plugins/com.st.stm32cube.ide.mcu.externaltools.gnu-tools-for-stm32.13.3.rel1.win32_1.0.0.202411081344/tools/bin/../lib/gcc/arm-none-eabi/13.3.1/../../../../arm-none-eabi/lib/thumb/v7e-m+fp/hard\libc_nano.a(libc_a-init.o)
                0x08003dec                __libc_init_array
 *(.glue_7)
 .glue_7        0x08003e34        0x0 linker stubs
 *(.glue_7t)
 .glue_7t       0x08003e34        0x0 linker stubs
 *(.eh_frame)
 .eh_frame      0x08003e34        0x0 D:/Program Files (x86)/New folder/STM32CubeIDE_1.18.1/STM32CubeIDE/plugins/com.st.stm32cube.ide.mcu.externaltools.gnu-tools-for-stm32.13.3.rel1.win32_1.0.0.202411081344/tools/bin/../lib/gcc/arm-none-eabi/13.3.1/thumb/v7e-m+fp/hard/crtbegin.o
 *(.init)
 .init          0x08003e34        0x4 D:/Program Files (x86)/New folder/STM32CubeIDE_1.18.1/STM32CubeIDE/plugins/com.st.stm32cube.ide.mcu.externaltools.gnu-tools-for-stm32.13.3.rel1.win32_1.0.0.202411081344/tools/bin/../lib/gcc/arm-none-eabi/13.3.1/thumb/v7e-m+fp/hard/crti.o
                0x08003e34                _init
 .init          0x08003e38        0x8 D:/Program Files (x86)/New folder/STM32CubeIDE_1.18.1/STM32CubeIDE/plugins/com.st.stm32cube.ide.mcu.externaltools.gnu-tools-for-stm32.13.3.rel1.win32_1.0.0.202411081344/tools/bin/../lib/gcc/arm-none-eabi/13.3.1/thumb/v7e-m+fp/hard/crtn.o
 *(.fini)
 .fini          0x08003e40        0x4 D:/Program Files (x86)/New folder/STM32CubeIDE_1.18.1/STM32CubeIDE/plugins/com.st.stm32cube.ide.mcu.externaltools.gnu-tools-for-stm32.13.3.rel1.win32_1.0.0.202411081344/tools/bin/../lib/gcc/arm-none-eabi/13.3.1/thumb/v7e-m+fp/hard/crti.o
                0x08003e40                _fini
 .fini          0x08003e44        0x8 D:/Program Files (x86)/New folder/STM32CubeIDE_1.18.1/STM32CubeIDE/plugins/com.st.stm32cube.ide.mcu.externaltools.gnu-tools-for-stm32.13.3.rel1.win32_1.0.0.202411081344/tools/bin/../lib/gcc/arm-none-eabi/13.3.1/thumb/v7e-m+fp/hard/crtn.o
                0x08003e4c                        . = ALIGN (0x4)
                0x08003e4c                        _etext = .

.vfp11_veneer   0x08003e4c        0x0
 .vfp11_veneer  0x08003e4c        0x0 linker stubs

.v4_bx          0x08003e4c        0x0
 .v4_bx         0x08003e4c        0x0 linker stubs

.iplt           0x08003e4c        0x0
 .iplt          0x08003e4c        0x0 D:/Program Files (x86)/New folder/STM32CubeIDE_1.18.1/STM32CubeIDE/plugins/com.st.stm32cube.ide.mcu.externaltools.gnu-tools-for-stm32.13.3.rel1.win32_1.0.0.202411081344/tools/bin/../lib/gcc/arm-none-eabi/13.3.1/thumb/v7e-m+fp/hard/crtbegin.o

.rodata         0x08003e4c      0x67c
                0x08003e4c                        . = ALIGN (0x4)
 *(.rodata)
 .rodata        0x08003e4c       0x68 ./Core/Src/main.o
 *(.rodata*)
 .rodata.Font6x8
                0x08003eb4      0x5f0 ./Core/Src/ssd1306_fonts.o
 .rodata.Font_6x8
                0x080044a4        0xc ./Core/Src/ssd1306_fonts.o
                0x080044a4                Font_6x8
 .rodata.AHBPrescTable
                0x080044b0       0x10 ./Core/Src/system_stm32f4xx.o
                0x080044b0                AHBPrescTable
 .rodata.APBPrescTable
                0x080044c0        0x8 ./Core/Src/system_stm32f4xx.o
                0x080044c0                APBPrescTable
                0x080044c8                        . = ALIGN (0x4)

.ARM.extab      0x080044c8        0x0
                0x080044c8                        . = ALIGN (0x4)
 *(.ARM.extab* .gnu.linkonce.armextab.*)
                0x080044c8                        . = ALIGN (0x4)

.ARM            0x080044c8        0x8
                0x080044c8                        . = ALIGN (0x4)
                0x080044c8                        __exidx_start = .
 *(.ARM.exidx*)
 .ARM.exidx     0x080044c8        0x8 D:/Program Files (x86)/New folder/STM32CubeIDE_1.18.1/STM32CubeIDE/plugins/com.st.stm32cube.ide.mcu.externaltools.gnu-tools-for-stm32.13.3.rel1.win32_1.0.0.202411081344/tools/bin/../lib/gcc/arm-none-eabi/13.3.1/../../../../arm-none-eabi/lib/thumb/v7e-m+fp/hard\libc_nano.a(libc_a-strlen.o)
 .ARM.exidx     0x080044d0        0x0 D:/Program Files (x86)/New folder/STM32CubeIDE_1.18.1/STM32CubeIDE/plugins/com.st.stm32cube.ide.mcu.externaltools.gnu-tools-for-stm32.13.3.rel1.win32_1.0.0.202411081344/tools/bin/../lib/gcc/arm-none-eabi/13.3.1/thumb/v7e-m+fp/hard\libgcc.a(_udivmoddi4.o)
                                  0x8 (size before relaxing)
                0x080044d0                        __exidx_end = .
                0x080044d0                        . = ALIGN (0x4)

.preinit_array  0x080044d0        0x0
                0x080044d0                        . = ALIGN (0x4)
                0x080044d0                        PROVIDE (__preinit_array_start = .)
 *(.preinit_array*)
                0x080044d0                        PROVIDE (__preinit_array_end = .)
                0x080044d0                        . = ALIGN (0x4)

.init_array     0x080044d0        0x4
                0x080044d0                        . = ALIGN (0x4)
                0x080044d0                        PROVIDE (__init_array_start = .)
 *(SORT_BY_NAME(.init_array.*))
 *(.init_array*)
 .init_array    0x080044d0        0x4 D:/Program Files (x86)/New folder/STM32CubeIDE_1.18.1/STM32CubeIDE/plugins/com.st.stm32cube.ide.mcu.externaltools.gnu-tools-for-stm32.13.3.rel1.win32_1.0.0.202411081344/tools/bin/../lib/gcc/arm-none-eabi/13.3.1/thumb/v7e-m+fp/hard/crtbegin.o
                0x080044d4                        PROVIDE (__init_array_end = .)
                0x080044d4                        . = ALIGN (0x4)

.fini_array     0x080044d4        0x4
                0x080044d4                        . = ALIGN (0x4)
                [!provide]                        PROVIDE (__fini_array_start = .)
 *(SORT_BY_NAME(.fini_array.*))
 *(.fini_array*)
 .fini_array    0x080044d4        0x4 D:/Program Files (x86)/New folder/STM32CubeIDE_1.18.1/STM32CubeIDE/plugins/com.st.stm32cube.ide.mcu.externaltools.gnu-tools-for-stm32.13.3.rel1.win32_1.0.0.202411081344/tools/bin/../lib/gcc/arm-none-eabi/13.3.1/thumb/v7e-m+fp/hard/crtbegin.o
                [!provide]                        PROVIDE (__fini_array_end = .)
                0x080044d8                        . = ALIGN (0x4)
                0x080044d8                        _sidata = LOADADDR (.data)

.rel.dyn        0x080044d8        0x0
 .rel.iplt      0x080044d8        0x0 D:/Program Files (x86)/New folder/STM32CubeIDE_1.18.1/STM32CubeIDE/plugins/com.st.stm32cube.ide.mcu.externaltools.gnu-tools-for-stm32.13.3.rel1.win32_1.0.0.202411081344/tools/bin/../lib/gcc/arm-none-eabi/13.3.1/thumb/v7e-m+fp/hard/crtbegin.o

.data           0x20000000       0x14 load address 0x080044d8
                0x20000000                        . = ALIGN (0x4)
                0x20000000                        _sdata = .
 *(.data)
 *(.data*)
 .data.msg1     0x20000000        0x4 ./Core/Src/main.o
                0x20000000                msg1
 .data.msg2     0x20000004        0x4 ./Core/Src/main.o
                0x20000004                msg2
 .data.SystemCoreClock
                0x20000008        0x4 ./Core/Src/system_stm32f4xx.o
                0x20000008                SystemCoreClock
 .data.uwTickPrio
                0x2000000c        0x4 ./Drivers/STM32F4xx_HAL_Driver/Src/stm32f4xx_hal.o
                0x2000000c                uwTickPrio
 .data.uwTickFreq
                0x20000010        0x1 ./Drivers/STM32F4xx_HAL_Driver/Src/stm32f4xx_hal.o
                0x20000010                uwTickFreq
 *(.RamFunc)
 *(.RamFunc*)
                0x20000014                        . = ALIGN (0x4)
 *fill*         0x20000011        0x3 
                0x20000014                        _edata = .

.igot.plt       0x20000014        0x0 load address 0x080044ec
 .igot.plt      0x20000014        0x0 D:/Program Files (x86)/New folder/STM32CubeIDE_1.18.1/STM32CubeIDE/plugins/com.st.stm32cube.ide.mcu.externaltools.gnu-tools-for-stm32.13.3.rel1.win32_1.0.0.202411081344/tools/bin/../lib/gcc/arm-none-eabi/13.3.1/thumb/v7e-m+fp/hard/crtbegin.o
                0x20000014                        . = ALIGN (0x4)

.bss            0x20000014      0x534 load address 0x080044ec
                0x20000014                        _sbss = .
                0x20000014                        __bss_start__ = _sbss
 *(.bss)
 .bss           0x20000014       0x1c D:/Program Files (x86)/New folder/STM32CubeIDE_1.18.1/STM32CubeIDE/plugins/com.st.stm32cube.ide.mcu.externaltools.gnu-tools-for-stm32.13.3.rel1.win32_1.0.0.202411081344/tools/bin/../lib/gcc/arm-none-eabi/13.3.1/thumb/v7e-m+fp/hard/crtbegin.o
 *(.bss*)
 .bss.hi2c1     0x20000030       0x54 ./Core/Src/i2c.o
                0x20000030                hi2c1
 .bss.status    0x20000084        0x1 ./Core/Src/main.o
                0x20000084                status
 *fill*         0x20000085        0x3 
 .bss.str       0x20000088       0x10 ./Core/Src/main.o
                0x20000088                str
 .bss.sNum      0x20000098        0x4 ./Core/Src/main.o
                0x20000098                sNum
 .bss.hspi1     0x2000009c       0x58 ./Core/Src/spi.o
                0x2000009c                hspi1
 .bss.SSD1306_Buffer
                0x200000f4      0x400 ./Core/Src/ssd1306.o
 .bss.SSD1306   0x200004f4        0x6 ./Core/Src/ssd1306.o
 *fill*         0x200004fa        0x2 
 .bss.huart2    0x200004fc       0x48 ./Core/Src/usart.o
                0x200004fc                huart2
 .bss.uwTick    0x20000544        0x4 ./Drivers/STM32F4xx_HAL_Driver/Src/stm32f4xx_hal.o
                0x20000544                uwTick
 *(COMMON)
                0x20000548                        . = ALIGN (0x4)
                0x20000548                        _ebss = .
                0x20000548                        __bss_end__ = _ebss

._user_heap_stack
                0x20000548      0x600 load address 0x080044ec
                0x20000548                        . = ALIGN (0x8)
                [!provide]                        PROVIDE (end = .)
                0x20000548                        PROVIDE (_end = .)
                0x20000748                        . = (. + _Min_Heap_Size)
 *fill*         0x20000548      0x200 
                0x20000b48                        . = (. + _Min_Stack_Size)
 *fill*         0x20000748      0x400 
                0x20000b48                        . = ALIGN (0x8)

/DISCARD/
 libc.a(*)
 libm.a(*)
 libgcc.a(*)

.ARM.attributes
                0x00000000       0x30
 *(.ARM.attributes)
 .ARM.attributes
                0x00000000       0x22 D:/Program Files (x86)/New folder/STM32CubeIDE_1.18.1/STM32CubeIDE/plugins/com.st.stm32cube.ide.mcu.externaltools.gnu-tools-for-stm32.13.3.rel1.win32_1.0.0.202411081344/tools/bin/../lib/gcc/arm-none-eabi/13.3.1/thumb/v7e-m+fp/hard/crti.o
 .ARM.attributes
                0x00000022       0x34 D:/Program Files (x86)/New folder/STM32CubeIDE_1.18.1/STM32CubeIDE/plugins/com.st.stm32cube.ide.mcu.externaltools.gnu-tools-for-stm32.13.3.rel1.win32_1.0.0.202411081344/tools/bin/../lib/gcc/arm-none-eabi/13.3.1/thumb/v7e-m+fp/hard/crtbegin.o
 .ARM.attributes
                0x00000056       0x34 ./Core/Src/RC522.o
 .ARM.attributes
                0x0000008a       0x34 ./Core/Src/gpio.o
 .ARM.attributes
                0x000000be       0x34 ./Core/Src/i2c.o
 .ARM.attributes
                0x000000f2       0x34 ./Core/Src/main.o
 .ARM.attributes
                0x00000126       0x34 ./Core/Src/spi.o
 .ARM.attributes
                0x0000015a       0x34 ./Core/Src/ssd1306.o
 .ARM.attributes
                0x0000018e       0x34 ./Core/Src/ssd1306_fonts.o
 .ARM.attributes
                0x000001c2       0x34 ./Core/Src/stm32f4xx_hal_msp.o
 .ARM.attributes
                0x000001f6       0x34 ./Core/Src/stm32f4xx_it.o
 .ARM.attributes
                0x0000022a       0x34 ./Core/Src/system_stm32f4xx.o
 .ARM.attributes
                0x0000025e       0x34 ./Core/Src/usart.o
 .ARM.attributes
                0x00000292       0x21 ./Core/Startup/startup_stm32f446retx.o
 .ARM.attributes
                0x000002b3       0x34 ./Drivers/STM32F4xx_HAL_Driver/Src/stm32f4xx_hal.o
 .ARM.attributes
                0x000002e7       0x34 ./Drivers/STM32F4xx_HAL_Driver/Src/stm32f4xx_hal_cortex.o
 .ARM.attributes
                0x0000031b       0x34 ./Drivers/STM32F4xx_HAL_Driver/Src/stm32f4xx_hal_gpio.o
 .ARM.attributes
                0x0000034f       0x34 ./Drivers/STM32F4xx_HAL_Driver/Src/stm32f4xx_hal_i2c.o
 .ARM.attributes
                0x00000383       0x34 ./Drivers/STM32F4xx_HAL_Driver/Src/stm32f4xx_hal_rcc.o
 .ARM.attributes
                0x000003b7       0x34 ./Drivers/STM32F4xx_HAL_Driver/Src/stm32f4xx_hal_rcc_ex.o
 .ARM.attributes
                0x000003eb       0x34 ./Drivers/STM32F4xx_HAL_Driver/Src/stm32f4xx_hal_spi.o
 .ARM.attributes
                0x0000041f       0x34 ./Drivers/STM32F4xx_HAL_Driver/Src/stm32f4xx_hal_uart.o
 .ARM.attributes
                0x00000453       0x34 D:/Program Files (x86)/New folder/STM32CubeIDE_1.18.1/STM32CubeIDE/plugins/com.st.stm32cube.ide.mcu.externaltools.gnu-tools-for-stm32.13.3.rel1.win32_1.0.0.202411081344/tools/bin/../lib/gcc/arm-none-eabi/13.3.1/../../../../arm-none-eabi/lib/thumb/v7e-m+fp/hard\libc_nano.a(libc_a-memset.o)
 .ARM.attributes
                0x00000487       0x34 D:/Program Files (x86)/New folder/STM32CubeIDE_1.18.1/STM32CubeIDE/plugins/com.st.stm32cube.ide.mcu.externaltools.gnu-tools-for-stm32.13.3.rel1.win32_1.0.0.202411081344/tools/bin/../lib/gcc/arm-none-eabi/13.3.1/../../../../arm-none-eabi/lib/thumb/v7e-m+fp/hard\libc_nano.a(libc_a-init.o)
 .ARM.attributes
                0x000004bb       0x17 D:/Program Files (x86)/New folder/STM32CubeIDE_1.18.1/STM32CubeIDE/plugins/com.st.stm32cube.ide.mcu.externaltools.gnu-tools-for-stm32.13.3.rel1.win32_1.0.0.202411081344/tools/bin/../lib/gcc/arm-none-eabi/13.3.1/../../../../arm-none-eabi/lib/thumb/v7e-m+fp/hard\libc_nano.a(libc_a-strlen.o)
 .ARM.attributes
                0x000004d2       0x22 D:/Program Files (x86)/New folder/STM32CubeIDE_1.18.1/STM32CubeIDE/plugins/com.st.stm32cube.ide.mcu.externaltools.gnu-tools-for-stm32.13.3.rel1.win32_1.0.0.202411081344/tools/bin/../lib/gcc/arm-none-eabi/13.3.1/thumb/v7e-m+fp/hard\libgcc.a(_aeabi_uldivmod.o)
 .ARM.attributes
                0x000004f4       0x34 D:/Program Files (x86)/New folder/STM32CubeIDE_1.18.1/STM32CubeIDE/plugins/com.st.stm32cube.ide.mcu.externaltools.gnu-tools-for-stm32.13.3.rel1.win32_1.0.0.202411081344/tools/bin/../lib/gcc/arm-none-eabi/13.3.1/thumb/v7e-m+fp/hard\libgcc.a(_udivmoddi4.o)
 .ARM.attributes
                0x00000528       0x22 D:/Program Files (x86)/New folder/STM32CubeIDE_1.18.1/STM32CubeIDE/plugins/com.st.stm32cube.ide.mcu.externaltools.gnu-tools-for-stm32.13.3.rel1.win32_1.0.0.202411081344/tools/bin/../lib/gcc/arm-none-eabi/13.3.1/thumb/v7e-m+fp/hard\libgcc.a(_dvmd_tls.o)
 .ARM.attributes
                0x0000054a       0x22 D:/Program Files (x86)/New folder/STM32CubeIDE_1.18.1/STM32CubeIDE/plugins/com.st.stm32cube.ide.mcu.externaltools.gnu-tools-for-stm32.13.3.rel1.win32_1.0.0.202411081344/tools/bin/../lib/gcc/arm-none-eabi/13.3.1/thumb/v7e-m+fp/hard/crtn.o
OUTPUT(RFID_CITAC_I_OLED.elf elf32-littlearm)
LOAD linker stubs
LOAD D:/Program Files (x86)/New folder/STM32CubeIDE_1.18.1/STM32CubeIDE/plugins/com.st.stm32cube.ide.mcu.externaltools.gnu-tools-for-stm32.13.3.rel1.win32_1.0.0.202411081344/tools/bin/../lib/gcc/arm-none-eabi/13.3.1/../../../../arm-none-eabi/lib/thumb/v7e-m+fp/hard\libc.a
LOAD D:/Program Files (x86)/New folder/STM32CubeIDE_1.18.1/STM32CubeIDE/plugins/com.st.stm32cube.ide.mcu.externaltools.gnu-tools-for-stm32.13.3.rel1.win32_1.0.0.202411081344/tools/bin/../lib/gcc/arm-none-eabi/13.3.1/../../../../arm-none-eabi/lib/thumb/v7e-m+fp/hard\libm.a
LOAD D:/Program Files (x86)/New folder/STM32CubeIDE_1.18.1/STM32CubeIDE/plugins/com.st.stm32cube.ide.mcu.externaltools.gnu-tools-for-stm32.13.3.rel1.win32_1.0.0.202411081344/tools/bin/../lib/gcc/arm-none-eabi/13.3.1/thumb/v7e-m+fp/hard\libgcc.a

.debug_info     0x00000000     0xf09d
 .debug_info    0x00000000      0xc4a ./Core/Src/RC522.o
 .debug_info    0x00000c4a      0x439 ./Core/Src/gpio.o
 .debug_info    0x00001083      0x9a4 ./Core/Src/i2c.o
 .debug_info    0x00001a27      0xbf5 ./Core/Src/main.o
 .debug_info    0x0000261c      0x999 ./Core/Src/spi.o
 .debug_info    0x00002fb5     0x128f ./Core/Src/ssd1306.o
 .debug_info    0x00004244      0x2a4 ./Core/Src/ssd1306_fonts.o
 .debug_info    0x000044e8      0x299 ./Core/Src/stm32f4xx_hal_msp.o
 .debug_info    0x00004781      0x112 ./Core/Src/stm32f4xx_it.o
 .debug_info    0x00004893      0x54a ./Core/Src/system_stm32f4xx.o
 .debug_info    0x00004ddd      0x94d ./Core/Src/usart.o
 .debug_info    0x0000572a       0x30 ./Core/Startup/startup_stm32f446retx.o
 .debug_info    0x0000575a      0x99a ./Drivers/STM32F4xx_HAL_Driver/Src/stm32f4xx_hal.o
 .debug_info    0x000060f4      0xdaa ./Drivers/STM32F4xx_HAL_Driver/Src/stm32f4xx_hal_cortex.o
 .debug_info    0x00006e9e      0x70b ./Drivers/STM32F4xx_HAL_Driver/Src/stm32f4xx_hal_gpio.o
 .debug_info    0x000075a9     0x2421 ./Drivers/STM32F4xx_HAL_Driver/Src/stm32f4xx_hal_i2c.o
 .debug_info    0x000099ca      0x8ff ./Drivers/STM32F4xx_HAL_Driver/Src/stm32f4xx_hal_rcc.o
 .debug_info    0x0000a2c9      0x960 ./Drivers/STM32F4xx_HAL_Driver/Src/stm32f4xx_hal_rcc_ex.o
 .debug_info    0x0000ac29     0x1525 ./Drivers/STM32F4xx_HAL_Driver/Src/stm32f4xx_hal_spi.o
 .debug_info    0x0000c14e     0x2f4f ./Drivers/STM32F4xx_HAL_Driver/Src/stm32f4xx_hal_uart.o

.debug_abbrev   0x00000000     0x26f1
 .debug_abbrev  0x00000000      0x2a3 ./Core/Src/RC522.o
 .debug_abbrev  0x000002a3      0x152 ./Core/Src/gpio.o
 .debug_abbrev  0x000003f5      0x1f1 ./Core/Src/i2c.o
 .debug_abbrev  0x000005e6      0x267 ./Core/Src/main.o
 .debug_abbrev  0x0000084d      0x1fa ./Core/Src/spi.o
 .debug_abbrev  0x00000a47      0x357 ./Core/Src/ssd1306.o
 .debug_abbrev  0x00000d9e       0xcf ./Core/Src/ssd1306_fonts.o
 .debug_abbrev  0x00000e6d       0xd8 ./Core/Src/stm32f4xx_hal_msp.o
 .debug_abbrev  0x00000f45       0x73 ./Core/Src/stm32f4xx_it.o
 .debug_abbrev  0x00000fb8      0x11a ./Core/Src/system_stm32f4xx.o
 .debug_abbrev  0x000010d2      0x1f9 ./Core/Src/usart.o
 .debug_abbrev  0x000012cb       0x24 ./Core/Startup/startup_stm32f446retx.o
 .debug_abbrev  0x000012ef      0x214 ./Drivers/STM32F4xx_HAL_Driver/Src/stm32f4xx_hal.o
 .debug_abbrev  0x00001503      0x31d ./Drivers/STM32F4xx_HAL_Driver/Src/stm32f4xx_hal_cortex.o
 .debug_abbrev  0x00001820      0x1d4 ./Drivers/STM32F4xx_HAL_Driver/Src/stm32f4xx_hal_gpio.o
 .debug_abbrev  0x000019f4      0x2ad ./Drivers/STM32F4xx_HAL_Driver/Src/stm32f4xx_hal_i2c.o
 .debug_abbrev  0x00001ca1      0x2b7 ./Drivers/STM32F4xx_HAL_Driver/Src/stm32f4xx_hal_rcc.o
 .debug_abbrev  0x00001f58      0x211 ./Drivers/STM32F4xx_HAL_Driver/Src/stm32f4xx_hal_rcc_ex.o
 .debug_abbrev  0x00002169      0x27a ./Drivers/STM32F4xx_HAL_Driver/Src/stm32f4xx_hal_spi.o
 .debug_abbrev  0x000023e3      0x30e ./Drivers/STM32F4xx_HAL_Driver/Src/stm32f4xx_hal_uart.o

.debug_aranges  0x00000000      0xd50
 .debug_aranges
                0x00000000       0xa8 ./Core/Src/RC522.o
 .debug_aranges
                0x000000a8       0x20 ./Core/Src/gpio.o
 .debug_aranges
                0x000000c8       0x30 ./Core/Src/i2c.o
 .debug_aranges
                0x000000f8       0x30 ./Core/Src/main.o
 .debug_aranges
                0x00000128       0x30 ./Core/Src/spi.o
 .debug_aranges
                0x00000158       0xe8 ./Core/Src/ssd1306.o
 .debug_aranges
                0x00000240       0x18 ./Core/Src/ssd1306_fonts.o
 .debug_aranges
                0x00000258       0x20 ./Core/Src/stm32f4xx_hal_msp.o
 .debug_aranges
                0x00000278       0x60 ./Core/Src/stm32f4xx_it.o
 .debug_aranges
                0x000002d8       0x28 ./Core/Src/system_stm32f4xx.o
 .debug_aranges
                0x00000300       0x30 ./Core/Src/usart.o
 .debug_aranges
                0x00000330       0x28 ./Core/Startup/startup_stm32f446retx.o
 .debug_aranges
                0x00000358       0xf0 ./Drivers/STM32F4xx_HAL_Driver/Src/stm32f4xx_hal.o
 .debug_aranges
                0x00000448      0x130 ./Drivers/STM32F4xx_HAL_Driver/Src/stm32f4xx_hal_cortex.o
 .debug_aranges
                0x00000578       0x58 ./Drivers/STM32F4xx_HAL_Driver/Src/stm32f4xx_hal_gpio.o
 .debug_aranges
                0x000005d0      0x2a8 ./Drivers/STM32F4xx_HAL_Driver/Src/stm32f4xx_hal_i2c.o
 .debug_aranges
                0x00000878       0x88 ./Drivers/STM32F4xx_HAL_Driver/Src/stm32f4xx_hal_rcc.o
 .debug_aranges
                0x00000900       0x78 ./Drivers/STM32F4xx_HAL_Driver/Src/stm32f4xx_hal_rcc_ex.o
 .debug_aranges
                0x00000978      0x1d0 ./Drivers/STM32F4xx_HAL_Driver/Src/stm32f4xx_hal_spi.o
 .debug_aranges
                0x00000b48      0x208 ./Drivers/STM32F4xx_HAL_Driver/Src/stm32f4xx_hal_uart.o

.debug_rnglists
                0x00000000      0xa49
 .debug_rnglists
                0x00000000       0x7e ./Core/Src/RC522.o
 .debug_rnglists
                0x0000007e       0x14 ./Core/Src/gpio.o
 .debug_rnglists
                0x00000092       0x20 ./Core/Src/i2c.o
 .debug_rnglists
                0x000000b2       0x21 ./Core/Src/main.o
 .debug_rnglists
                0x000000d3       0x20 ./Core/Src/spi.o
 .debug_rnglists
                0x000000f3       0xb4 ./Core/Src/ssd1306.o
 .debug_rnglists
                0x000001a7       0x13 ./Core/Src/stm32f4xx_hal_msp.o
 .debug_rnglists
                0x000001ba       0x43 ./Core/Src/stm32f4xx_it.o
 .debug_rnglists
                0x000001fd       0x1a ./Core/Src/system_stm32f4xx.o
 .debug_rnglists
                0x00000217       0x20 ./Core/Src/usart.o
 .debug_rnglists
                0x00000237       0x19 ./Core/Startup/startup_stm32f446retx.o
 .debug_rnglists
                0x00000250       0xaf ./Drivers/STM32F4xx_HAL_Driver/Src/stm32f4xx_hal.o
 .debug_rnglists
                0x000002ff       0xe0 ./Drivers/STM32F4xx_HAL_Driver/Src/stm32f4xx_hal_cortex.o
 .debug_rnglists
                0x000003df       0x3f ./Drivers/STM32F4xx_HAL_Driver/Src/stm32f4xx_hal_gpio.o
 .debug_rnglists
                0x0000041e      0x23c ./Drivers/STM32F4xx_HAL_Driver/Src/stm32f4xx_hal_i2c.o
 .debug_rnglists
                0x0000065a       0x66 ./Drivers/STM32F4xx_HAL_Driver/Src/stm32f4xx_hal_rcc.o
 .debug_rnglists
                0x000006c0       0x5e ./Drivers/STM32F4xx_HAL_Driver/Src/stm32f4xx_hal_rcc_ex.o
 .debug_rnglists
                0x0000071e      0x16f ./Drivers/STM32F4xx_HAL_Driver/Src/stm32f4xx_hal_spi.o
 .debug_rnglists
                0x0000088d      0x1bc ./Drivers/STM32F4xx_HAL_Driver/Src/stm32f4xx_hal_uart.o

.debug_macro    0x00000000    0x228fb
 .debug_macro   0x00000000      0x1e6 ./Core/Src/RC522.o
 .debug_macro   0x000001e6      0xad8 ./Core/Src/RC522.o
 .debug_macro   0x00000cbe      0x2a1 ./Core/Src/RC522.o
 .debug_macro   0x00000f5f       0x2e ./Core/Src/RC522.o
 .debug_macro   0x00000f8d       0x28 ./Core/Src/RC522.o
 .debug_macro   0x00000fb5       0x22 ./Core/Src/RC522.o
 .debug_macro   0x00000fd7       0x8e ./Core/Src/RC522.o
 .debug_macro   0x00001065       0x51 ./Core/Src/RC522.o
 .debug_macro   0x000010b6      0x103 ./Core/Src/RC522.o
 .debug_macro   0x000011b9       0x6a ./Core/Src/RC522.o
 .debug_macro   0x00001223      0x1df ./Core/Src/RC522.o
 .debug_macro   0x00001402       0x1c ./Core/Src/RC522.o
 .debug_macro   0x0000141e       0x22 ./Core/Src/RC522.o
 .debug_macro   0x00001440       0xfb ./Core/Src/RC522.o
 .debug_macro   0x0000153b     0x1011 ./Core/Src/RC522.o
 .debug_macro   0x0000254c      0x11f ./Core/Src/RC522.o
 .debug_macro   0x0000266b    0x1675e ./Core/Src/RC522.o
 .debug_macro   0x00018dc9       0x6d ./Core/Src/RC522.o
 .debug_macro   0x00018e36     0x3693 ./Core/Src/RC522.o
 .debug_macro   0x0001c4c9      0x190 ./Core/Src/RC522.o
 .debug_macro   0x0001c659       0x5c ./Core/Src/RC522.o
 .debug_macro   0x0001c6b5      0xca5 ./Core/Src/RC522.o
 .debug_macro   0x0001d35a      0x9e9 ./Core/Src/RC522.o
 .debug_macro   0x0001dd43      0x115 ./Core/Src/RC522.o
 .debug_macro   0x0001de58      0x1a0 ./Core/Src/RC522.o
 .debug_macro   0x0001dff8       0xa5 ./Core/Src/RC522.o
 .debug_macro   0x0001e09d      0x16d ./Core/Src/RC522.o
 .debug_macro   0x0001e20a      0x287 ./Core/Src/RC522.o
 .debug_macro   0x0001e491       0x5f ./Core/Src/RC522.o
 .debug_macro   0x0001e4f0      0x236 ./Core/Src/RC522.o
 .debug_macro   0x0001e726      0x132 ./Core/Src/RC522.o
 .debug_macro   0x0001e858      0x29c ./Core/Src/RC522.o
 .debug_macro   0x0001eaf4       0x2e ./Core/Src/RC522.o
 .debug_macro   0x0001eb22      0x1b5 ./Core/Src/RC522.o
 .debug_macro   0x0001ecd7       0x22 ./Core/Src/RC522.o
 .debug_macro   0x0001ecf9       0xd6 ./Core/Src/RC522.o
 .debug_macro   0x0001edcf      0x127 ./Core/Src/RC522.o
 .debug_macro   0x0001eef6       0xe8 ./Core/Src/RC522.o
 .debug_macro   0x0001efde       0x89 ./Core/Src/RC522.o
 .debug_macro   0x0001f067      0x225 ./Core/Src/RC522.o
 .debug_macro   0x0001f28c      0x2aa ./Core/Src/RC522.o
 .debug_macro   0x0001f536      0x126 ./Core/Src/RC522.o
 .debug_macro   0x0001f65c      0x23e ./Core/Src/RC522.o
 .debug_macro   0x0001f89a      0x1f1 ./Core/Src/gpio.o
 .debug_macro   0x0001fa8b      0x1f1 ./Core/Src/i2c.o
 .debug_macro   0x0001fc7c      0x314 ./Core/Src/main.o
 .debug_macro   0x0001ff90       0x61 ./Core/Src/main.o
 .debug_macro   0x0001fff1       0x2a ./Core/Src/main.o
 .debug_macro   0x0002001b       0x43 ./Core/Src/main.o
 .debug_macro   0x0002005e       0x34 ./Core/Src/main.o
 .debug_macro   0x00020092      0x370 ./Core/Src/main.o
 .debug_macro   0x00020402       0x16 ./Core/Src/main.o
 .debug_macro   0x00020418       0x4a ./Core/Src/main.o
 .debug_macro   0x00020462       0x34 ./Core/Src/main.o
 .debug_macro   0x00020496       0x10 ./Core/Src/main.o
 .debug_macro   0x000204a6       0x58 ./Core/Src/main.o
 .debug_macro   0x000204fe       0x8e ./Core/Src/main.o
 .debug_macro   0x0002058c       0x1c ./Core/Src/main.o
 .debug_macro   0x000205a8      0x185 ./Core/Src/main.o
 .debug_macro   0x0002072d       0x10 ./Core/Src/main.o
 .debug_macro   0x0002073d       0x3c ./Core/Src/main.o
 .debug_macro   0x00020779       0x20 ./Core/Src/main.o
 .debug_macro   0x00020799       0x52 ./Core/Src/main.o
 .debug_macro   0x000207eb       0x40 ./Core/Src/main.o
 .debug_macro   0x0002082b      0x1f1 ./Core/Src/spi.o
 .debug_macro   0x00020a1c      0x308 ./Core/Src/ssd1306.o
 .debug_macro   0x00020d24       0x28 ./Core/Src/ssd1306.o
 .debug_macro   0x00020d4c      0x19b ./Core/Src/ssd1306.o
 .debug_macro   0x00020ee7       0x16 ./Core/Src/ssd1306.o
 .debug_macro   0x00020efd       0x16 ./Core/Src/ssd1306.o
 .debug_macro   0x00020f13       0x29 ./Core/Src/ssd1306.o
 .debug_macro   0x00020f3c       0x16 ./Core/Src/ssd1306.o
 .debug_macro   0x00020f52      0x233 ./Core/Src/ssd1306_fonts.o
 .debug_macro   0x00021185      0x1e7 ./Core/Src/stm32f4xx_hal_msp.o
 .debug_macro   0x0002136c      0x1f1 ./Core/Src/stm32f4xx_it.o
 .debug_macro   0x0002155d      0x1dd ./Core/Src/system_stm32f4xx.o
 .debug_macro   0x0002173a      0x1f1 ./Core/Src/usart.o
 .debug_macro   0x0002192b      0x23d ./Drivers/STM32F4xx_HAL_Driver/Src/stm32f4xx_hal.o
 .debug_macro   0x00021b68      0x1dd ./Drivers/STM32F4xx_HAL_Driver/Src/stm32f4xx_hal_cortex.o
 .debug_macro   0x00021d45      0x1e3 ./Drivers/STM32F4xx_HAL_Driver/Src/stm32f4xx_hal_gpio.o
 .debug_macro   0x00021f28      0x22b ./Drivers/STM32F4xx_HAL_Driver/Src/stm32f4xx_hal_i2c.o
 .debug_macro   0x00022153      0x201 ./Drivers/STM32F4xx_HAL_Driver/Src/stm32f4xx_hal_rcc.o
 .debug_macro   0x00022354      0x1dd ./Drivers/STM32F4xx_HAL_Driver/Src/stm32f4xx_hal_rcc_ex.o
 .debug_macro   0x00022531      0x1ec ./Drivers/STM32F4xx_HAL_Driver/Src/stm32f4xx_hal_spi.o
 .debug_macro   0x0002271d      0x1de ./Drivers/STM32F4xx_HAL_Driver/Src/stm32f4xx_hal_uart.o

.debug_line     0x00000000    0x128c4
 .debug_line    0x00000000      0xbd7 ./Core/Src/RC522.o
 .debug_line    0x00000bd7      0x75b ./Core/Src/gpio.o
 .debug_line    0x00001332      0x7ab ./Core/Src/i2c.o
 .debug_line    0x00001add      0xa20 ./Core/Src/main.o
 .debug_line    0x000024fd      0x7c5 ./Core/Src/spi.o
 .debug_line    0x00002cc2     0x11b3 ./Core/Src/ssd1306.o
 .debug_line    0x00003e75      0x850 ./Core/Src/ssd1306_fonts.o
 .debug_line    0x000046c5      0x73d ./Core/Src/stm32f4xx_hal_msp.o
 .debug_line    0x00004e02      0x7ec ./Core/Src/stm32f4xx_it.o
 .debug_line    0x000055ee      0x7b3 ./Core/Src/system_stm32f4xx.o
 .debug_line    0x00005da1      0x7ab ./Core/Src/usart.o
 .debug_line    0x0000654c       0x7a ./Core/Startup/startup_stm32f446retx.o
 .debug_line    0x000065c6      0xa2f ./Drivers/STM32F4xx_HAL_Driver/Src/stm32f4xx_hal.o
 .debug_line    0x00006ff5      0xcff ./Drivers/STM32F4xx_HAL_Driver/Src/stm32f4xx_hal_cortex.o
 .debug_line    0x00007cf4      0xb73 ./Drivers/STM32F4xx_HAL_Driver/Src/stm32f4xx_hal_gpio.o
 .debug_line    0x00008867     0x3adc ./Drivers/STM32F4xx_HAL_Driver/Src/stm32f4xx_hal_i2c.o
 .debug_line    0x0000c343      0xe48 ./Drivers/STM32F4xx_HAL_Driver/Src/stm32f4xx_hal_rcc.o
 .debug_line    0x0000d18b     0x14f8 ./Drivers/STM32F4xx_HAL_Driver/Src/stm32f4xx_hal_rcc_ex.o
 .debug_line    0x0000e683     0x1cca ./Drivers/STM32F4xx_HAL_Driver/Src/stm32f4xx_hal_spi.o
 .debug_line    0x0001034d     0x2577 ./Drivers/STM32F4xx_HAL_Driver/Src/stm32f4xx_hal_uart.o

.debug_str      0x00000000    0xcd729
 .debug_str     0x00000000    0xcd729 ./Core/Src/RC522.o
                              0xc61c1 (size before relaxing)
 .debug_str     0x000cd729    0xc568a ./Core/Src/gpio.o
 .debug_str     0x000cd729    0xc5bbe ./Core/Src/i2c.o
 .debug_str     0x000cd729    0xc97f4 ./Core/Src/main.o
 .debug_str     0x000cd729    0xc5b16 ./Core/Src/spi.o
 .debug_str     0x000cd729    0xc9b6f ./Core/Src/ssd1306.o
 .debug_str     0x000cd729    0xc5aca ./Core/Src/ssd1306_fonts.o
 .debug_str     0x000cd729    0xc55bf ./Core/Src/stm32f4xx_hal_msp.o
 .debug_str     0x000cd729    0xc5520 ./Core/Src/stm32f4xx_it.o
 .debug_str     0x000cd729    0xc566f ./Core/Src/system_stm32f4xx.o
 .debug_str     0x000cd729    0xc5b47 ./Core/Src/usart.o
 .debug_str     0x000cd729       0x82 ./Core/Startup/startup_stm32f446retx.o
 .debug_str     0x000cd729    0xc6234 ./Drivers/STM32F4xx_HAL_Driver/Src/stm32f4xx_hal.o
 .debug_str     0x000cd729    0xc5f8b ./Drivers/STM32F4xx_HAL_Driver/Src/stm32f4xx_hal_cortex.o
 .debug_str     0x000cd729    0xc57ea ./Drivers/STM32F4xx_HAL_Driver/Src/stm32f4xx_hal_gpio.o
 .debug_str     0x000cd729    0xc666d ./Drivers/STM32F4xx_HAL_Driver/Src/stm32f4xx_hal_i2c.o
 .debug_str     0x000cd729    0xc5aa8 ./Drivers/STM32F4xx_HAL_Driver/Src/stm32f4xx_hal_rcc.o
 .debug_str     0x000cd729    0xc5adb ./Drivers/STM32F4xx_HAL_Driver/Src/stm32f4xx_hal_rcc_ex.o
 .debug_str     0x000cd729    0xc5f08 ./Drivers/STM32F4xx_HAL_Driver/Src/stm32f4xx_hal_spi.o
 .debug_str     0x000cd729    0xc605f ./Drivers/STM32F4xx_HAL_Driver/Src/stm32f4xx_hal_uart.o

.comment        0x00000000       0x43
 .comment       0x00000000       0x43 ./Core/Src/RC522.o
                                 0x44 (size before relaxing)
 .comment       0x00000043       0x44 ./Core/Src/gpio.o
 .comment       0x00000043       0x44 ./Core/Src/i2c.o
 .comment       0x00000043       0x44 ./Core/Src/main.o
 .comment       0x00000043       0x44 ./Core/Src/spi.o
 .comment       0x00000043       0x44 ./Core/Src/ssd1306.o
 .comment       0x00000043       0x44 ./Core/Src/ssd1306_fonts.o
 .comment       0x00000043       0x44 ./Core/Src/stm32f4xx_hal_msp.o
 .comment       0x00000043       0x44 ./Core/Src/stm32f4xx_it.o
 .comment       0x00000043       0x44 ./Core/Src/system_stm32f4xx.o
 .comment       0x00000043       0x44 ./Core/Src/usart.o
 .comment       0x00000043       0x44 ./Drivers/STM32F4xx_HAL_Driver/Src/stm32f4xx_hal.o
 .comment       0x00000043       0x44 ./Drivers/STM32F4xx_HAL_Driver/Src/stm32f4xx_hal_cortex.o
 .comment       0x00000043       0x44 ./Drivers/STM32F4xx_HAL_Driver/Src/stm32f4xx_hal_gpio.o
 .comment       0x00000043       0x44 ./Drivers/STM32F4xx_HAL_Driver/Src/stm32f4xx_hal_i2c.o
 .comment       0x00000043       0x44 ./Drivers/STM32F4xx_HAL_Driver/Src/stm32f4xx_hal_rcc.o
 .comment       0x00000043       0x44 ./Drivers/STM32F4xx_HAL_Driver/Src/stm32f4xx_hal_rcc_ex.o
 .comment       0x00000043       0x44 ./Drivers/STM32F4xx_HAL_Driver/Src/stm32f4xx_hal_spi.o
 .comment       0x00000043       0x44 ./Drivers/STM32F4xx_HAL_Driver/Src/stm32f4xx_hal_uart.o

.debug_frame    0x00000000     0x364c
 .debug_frame   0x00000000      0x288 ./Core/Src/RC522.o
 .debug_frame   0x00000288       0x34 ./Core/Src/gpio.o
 .debug_frame   0x000002bc       0x74 ./Core/Src/i2c.o
 .debug_frame   0x00000330       0x6c ./Core/Src/main.o
 .debug_frame   0x0000039c       0x74 ./Core/Src/spi.o
 .debug_frame   0x00000410      0x3e4 ./Core/Src/ssd1306.o
 .debug_frame   0x000007f4       0x38 ./Core/Src/stm32f4xx_hal_msp.o
 .debug_frame   0x0000082c      0x104 ./Core/Src/stm32f4xx_it.o
 .debug_frame   0x00000930       0x58 ./Core/Src/system_stm32f4xx.o
 .debug_frame   0x00000988       0x74 ./Core/Src/usart.o
 .debug_frame   0x000009fc      0x374 ./Drivers/STM32F4xx_HAL_Driver/Src/stm32f4xx_hal.o
 .debug_frame   0x00000d70      0x508 ./Drivers/STM32F4xx_HAL_Driver/Src/stm32f4xx_hal_cortex.o
 .debug_frame   0x00001278      0x14c ./Drivers/STM32F4xx_HAL_Driver/Src/stm32f4xx_hal_gpio.o
 .debug_frame   0x000013c4      0xc84 ./Drivers/STM32F4xx_HAL_Driver/Src/stm32f4xx_hal_i2c.o
 .debug_frame   0x00002048      0x1f4 ./Drivers/STM32F4xx_HAL_Driver/Src/stm32f4xx_hal_rcc.o
 .debug_frame   0x0000223c      0x1e8 ./Drivers/STM32F4xx_HAL_Driver/Src/stm32f4xx_hal_rcc_ex.o
 .debug_frame   0x00002424      0x828 ./Drivers/STM32F4xx_HAL_Driver/Src/stm32f4xx_hal_spi.o
 .debug_frame   0x00002c4c      0x954 ./Drivers/STM32F4xx_HAL_Driver/Src/stm32f4xx_hal_uart.o
 .debug_frame   0x000035a0       0x20 D:/Program Files (x86)/New folder/STM32CubeIDE_1.18.1/STM32CubeIDE/plugins/com.st.stm32cube.ide.mcu.externaltools.gnu-tools-for-stm32.13.3.rel1.win32_1.0.0.202411081344/tools/bin/../lib/gcc/arm-none-eabi/13.3.1/../../../../arm-none-eabi/lib/thumb/v7e-m+fp/hard\libc_nano.a(libc_a-memset.o)
 .debug_frame   0x000035c0       0x2c D:/Program Files (x86)/New folder/STM32CubeIDE_1.18.1/STM32CubeIDE/plugins/com.st.stm32cube.ide.mcu.externaltools.gnu-tools-for-stm32.13.3.rel1.win32_1.0.0.202411081344/tools/bin/../lib/gcc/arm-none-eabi/13.3.1/../../../../arm-none-eabi/lib/thumb/v7e-m+fp/hard\libc_nano.a(libc_a-init.o)
 .debug_frame   0x000035ec       0x2c D:/Program Files (x86)/New folder/STM32CubeIDE_1.18.1/STM32CubeIDE/plugins/com.st.stm32cube.ide.mcu.externaltools.gnu-tools-for-stm32.13.3.rel1.win32_1.0.0.202411081344/tools/bin/../lib/gcc/arm-none-eabi/13.3.1/thumb/v7e-m+fp/hard\libgcc.a(_aeabi_uldivmod.o)
 .debug_frame   0x00003618       0x34 D:/Program Files (x86)/New folder/STM32CubeIDE_1.18.1/STM32CubeIDE/plugins/com.st.stm32cube.ide.mcu.externaltools.gnu-tools-for-stm32.13.3.rel1.win32_1.0.0.202411081344/tools/bin/../lib/gcc/arm-none-eabi/13.3.1/thumb/v7e-m+fp/hard\libgcc.a(_udivmoddi4.o)

.debug_line_str
                0x00000000       0x66
 .debug_line_str
                0x00000000       0x66 ./Core/Startup/startup_stm32f446retx.o
